error    libmamba Could not set lock (Resource temporarily unavailable)
warning  libmamba Cannot lock '/cv/home/andera29/.cache/mamba/proc'
    Waiting for other mamba process to finish
cell lines: ['ACH-000362', 'ACH-000022']
report -> res/runs_risk/launch_20260614-224649/shard_1/report.html

=== aggregate over 2 lines x 6 seeds (mean +/- 95%% CI) ===

[mean_efficacy]
  efficacy         0.265 +/- 0.153
  constrained      0.073 +/- 0.039
  constrained_cap2 0.058 +/- 0.022
  constrained_cap3 0.060 +/- 0.023

[max_efficacy]
  efficacy         1.279 +/- 0.487
  constrained      0.672 +/- 0.245
  constrained_cap2 0.645 +/- 0.239
  constrained_cap3 0.649 +/- 0.238

[mean_toxicity]
  efficacy         0.170 +/- 0.103
  constrained      0.036 +/- 0.024
  constrained_cap2 0.027 +/- 0.015
  constrained_cap3 0.029 +/- 0.016

[concentration]
  efficacy         0.394 +/- 0.161
  constrained      0.277 +/- 0.121
  constrained_cap2 0.208 +/- 0.090
  constrained_cap3 0.229 +/- 0.093

[robustness]
  efficacy         0.878 +/- 0.052
  constrained      0.929 +/- 0.056
  constrained_cap2 0.945 +/- 0.063
  constrained_cap3 0.941 +/- 0.062

run dir: res/runs_risk/launch_20260614-224649/shard_1
