error    libmamba Could not set lock (Resource temporarily unavailable)
warning  libmamba Cannot lock '/cv/home/andera29/.cache/mamba/proc'
    Waiting for other mamba process to finish
cell lines: ['ACH-000900', 'ACH-000971']
report -> res/runs_risk/launch_20260614-224649/shard_6/report.html

=== aggregate over 2 lines x 6 seeds (mean +/- 95%% CI) ===

[mean_efficacy]
  efficacy         0.659 +/- 0.366
  constrained      0.255 +/- 0.179
  constrained_cap2 0.131 +/- 0.076
  constrained_cap3 0.146 +/- 0.089

[max_efficacy]
  efficacy         2.624 +/- 0.851
  constrained      1.944 +/- 1.144
  constrained_cap2 1.173 +/- 0.521
  constrained_cap3 1.230 +/- 0.579

[mean_toxicity]
  efficacy         0.356 +/- 0.154
  constrained      0.092 +/- 0.054
  constrained_cap2 0.051 +/- 0.026
  constrained_cap3 0.055 +/- 0.028

[concentration]
  efficacy         0.452 +/- 0.211
  constrained      0.399 +/- 0.181
  constrained_cap2 0.240 +/- 0.148
  constrained_cap3 0.276 +/- 0.148

[robustness]
  efficacy         0.818 +/- 0.133
  constrained      0.786 +/- 0.178
  constrained_cap2 0.839 +/- 0.167
  constrained_cap3 0.831 +/- 0.175

run dir: res/runs_risk/launch_20260614-224649/shard_6
