error    libmamba Could not set lock (Resource temporarily unavailable)
warning  libmamba Cannot lock '/cv/home/andera29/.cache/mamba/proc'
    Waiting for other mamba process to finish
cell lines: ['ACH-001054', 'ACH-003190']
report -> res/runs_risk/launch_20260614-224649/shard_9/report.html

=== aggregate over 2 lines x 6 seeds (mean +/- 95%% CI) ===

[mean_efficacy]
  efficacy         0.324 +/- 0.201
  constrained      0.092 +/- 0.055
  constrained_cap2 0.082 +/- 0.053
  constrained_cap3 0.084 +/- 0.053

[max_efficacy]
  efficacy         2.055 +/- 0.654
  constrained      1.103 +/- 0.740
  constrained_cap2 1.085 +/- 0.742
  constrained_cap3 1.085 +/- 0.742

[mean_toxicity]
  efficacy         0.188 +/- 0.110
  constrained      0.041 +/- 0.021
  constrained_cap2 0.036 +/- 0.018
  constrained_cap3 0.035 +/- 0.016

[concentration]
  efficacy         0.460 +/- 0.121
  constrained      0.398 +/- 0.170
  constrained_cap2 0.308 +/- 0.153
  constrained_cap3 0.344 +/- 0.150

[robustness]
  efficacy         0.817 +/- 0.100
  constrained      0.815 +/- 0.101
  constrained_cap2 0.798 +/- 0.127
  constrained_cap3 0.845 +/- 0.072

run dir: res/runs_risk/launch_20260614-224649/shard_9
