error    libmamba Could not set lock (Resource temporarily unavailable)
warning  libmamba Cannot lock '/cv/home/andera29/.cache/mamba/proc'
    Waiting for other mamba process to finish
cell lines: ['ACH-000233']
report -> res/runs_risk/launch_20260614-224649/shard_23/report.html

=== aggregate over 1 lines x 6 seeds (mean +/- 95%% CI) ===

[mean_efficacy]
  efficacy         0.215 +/- 0.134
  constrained      0.036 +/- 0.030
  constrained_cap2 0.032 +/- 0.033
  constrained_cap3 0.027 +/- 0.027

[max_efficacy]
  efficacy         1.648 +/- 0.729
  constrained      0.576 +/- 0.190
  constrained_cap2 0.640 +/- 0.201
  constrained_cap3 0.576 +/- 0.190

[mean_toxicity]
  efficacy         0.125 +/- 0.069
  constrained      0.032 +/- 0.022
  constrained_cap2 0.023 +/- 0.008
  constrained_cap3 0.025 +/- 0.009

[concentration]
  efficacy         0.426 +/- 0.244
  constrained      0.345 +/- 0.226
  constrained_cap2 0.225 +/- 0.121
  constrained_cap3 0.274 +/- 0.121

[robustness]
  efficacy         0.806 +/- 0.183
  constrained      0.559 +/- 0.363
  constrained_cap2 0.495 +/- 0.417
  constrained_cap3 0.559 +/- 0.363

run dir: res/runs_risk/launch_20260614-224649/shard_23
