cell lines: ['ACH-000292', 'ACH-002709']
report -> res/runs_risk/launch_20260614-224649/shard_12/report.html

=== aggregate over 2 lines x 6 seeds (mean +/- 95%% CI) ===

[mean_efficacy]
  efficacy         0.299 +/- 0.249
  constrained      0.068 +/- 0.070
  constrained_cap2 0.056 +/- 0.064
  constrained_cap3 0.061 +/- 0.063

[max_efficacy]
  efficacy         1.730 +/- 0.757
  constrained      0.964 +/- 0.717
  constrained_cap2 0.964 +/- 0.717
  constrained_cap3 0.964 +/- 0.717

[mean_toxicity]
  efficacy         0.167 +/- 0.119
  constrained      0.033 +/- 0.023
  constrained_cap2 0.028 +/- 0.017
  constrained_cap3 0.029 +/- 0.017

[concentration]
  efficacy         0.392 +/- 0.172
  constrained      0.326 +/- 0.175
  constrained_cap2 0.241 +/- 0.153
  constrained_cap3 0.271 +/- 0.155

[robustness]
  efficacy         0.759 +/- 0.157
  constrained      0.591 +/- 0.331
  constrained_cap2 0.732 +/- 0.211
  constrained_cap3 0.135 +/- 1.172

run dir: res/runs_risk/launch_20260614-224649/shard_12
