cell lines: ['ACH-001858']
report -> res/runs_risk/launch_20260614-224649/shard_17/report.html

=== aggregate over 1 lines x 6 seeds (mean +/- 95%% CI) ===

[mean_efficacy]
  efficacy         0.289 +/- 0.180
  constrained      0.049 +/- 0.026
  constrained_cap2 0.039 +/- 0.027
  constrained_cap3 0.042 +/- 0.024

[max_efficacy]
  efficacy         2.144 +/- 0.862
  constrained      0.408 +/- 0.130
  constrained_cap2 0.406 +/- 0.130
  constrained_cap3 0.406 +/- 0.130

[mean_toxicity]
  efficacy         0.149 +/- 0.077
  constrained      0.030 +/- 0.033
  constrained_cap2 0.019 +/- 0.011
  constrained_cap3 0.019 +/- 0.013

[concentration]
  efficacy         0.330 +/- 0.149
  constrained      0.314 +/- 0.231
  constrained_cap2 0.188 +/- 0.086
  constrained_cap3 0.248 +/- 0.102

[robustness]
  efficacy         0.860 +/- 0.148
  constrained      0.711 +/- 0.325
  constrained_cap2 0.680 +/- 0.346
  constrained_cap3 0.733 +/- 0.314

run dir: res/runs_risk/launch_20260614-224649/shard_17
