cell lines: ['ACH-000147', 'ACH-000774']
report -> res/runs_risk/launch_20260614-224649/shard_2/report.html

=== aggregate over 2 lines x 6 seeds (mean +/- 95%% CI) ===

[mean_efficacy]
  efficacy         0.410 +/- 0.274
  constrained      0.068 +/- 0.028
  constrained_cap2 0.069 +/- 0.027
  constrained_cap3 0.067 +/- 0.027

[max_efficacy]
  efficacy         1.614 +/- 0.636
  constrained      0.774 +/- 0.370
  constrained_cap2 0.772 +/- 0.370
  constrained_cap3 0.772 +/- 0.370

[mean_toxicity]
  efficacy         0.286 +/- 0.161
  constrained      0.053 +/- 0.026
  constrained_cap2 0.041 +/- 0.015
  constrained_cap3 0.042 +/- 0.015

[concentration]
  efficacy         0.563 +/- 0.218
  constrained      0.370 +/- 0.191
  constrained_cap2 0.293 +/- 0.192
  constrained_cap3 0.315 +/- 0.186

[robustness]
  efficacy         0.692 +/- 0.156
  constrained      0.824 +/- 0.157
  constrained_cap2 0.826 +/- 0.157
  constrained_cap3 0.839 +/- 0.165

run dir: res/runs_risk/launch_20260614-224649/shard_2
