error    libmamba Could not set lock (Resource temporarily unavailable)
warning  libmamba Cannot lock '/cv/home/andera29/.cache/mamba/proc'
    Waiting for other mamba process to finish
cell lines: ['ACH-000067', 'ACH-000219']
report -> res/runs_risk/launch_20260614-224649/shard_3/report.html

=== aggregate over 2 lines x 6 seeds (mean +/- 95%% CI) ===

[mean_efficacy]
  efficacy         0.576 +/- 0.390
  constrained      0.248 +/- 0.182
  constrained_cap2 0.140 +/- 0.052
  constrained_cap3 0.155 +/- 0.066

[max_efficacy]
  efficacy         1.750 +/- 0.748
  constrained      1.670 +/- 0.999
  constrained_cap2 1.483 +/- 0.766
  constrained_cap3 1.483 +/- 0.766

[mean_toxicity]
  efficacy         0.280 +/- 0.162
  constrained      0.062 +/- 0.037
  constrained_cap2 0.040 +/- 0.021
  constrained_cap3 0.044 +/- 0.023

[concentration]
  efficacy         0.474 +/- 0.229
  constrained      0.342 +/- 0.178
  constrained_cap2 0.232 +/- 0.168
  constrained_cap3 0.257 +/- 0.165

[robustness]
  efficacy         0.836 +/- 0.085
  constrained      0.933 +/- 0.036
  constrained_cap2 0.943 +/- 0.030
  constrained_cap3 0.938 +/- 0.035

run dir: res/runs_risk/launch_20260614-224649/shard_3
