error    libmamba Could not set lock (Resource temporarily unavailable)
warning  libmamba Cannot lock '/cv/home/andera29/.cache/mamba/proc'
    Waiting for other mamba process to finish
cell lines: ['ACH-000087']
report -> res/runs_risk/launch_20260614-224649/shard_16/report.html

=== aggregate over 1 lines x 6 seeds (mean +/- 95%% CI) ===

[mean_efficacy]
  efficacy         0.184 +/- 0.154
  constrained      0.012 +/- 0.018
  constrained_cap2 0.006 +/- 0.014
  constrained_cap3 0.010 +/- 0.018

[max_efficacy]
  efficacy         1.762 +/- 0.748
  constrained      0.490 +/- 0.136
  constrained_cap2 0.490 +/- 0.136
  constrained_cap3 0.490 +/- 0.136

[mean_toxicity]
  efficacy         0.125 +/- 0.072
  constrained      0.027 +/- 0.013
  constrained_cap2 0.022 +/- 0.009
  constrained_cap3 0.025 +/- 0.010

[concentration]
  efficacy         0.638 +/- 0.212
  constrained      0.474 +/- 0.258
  constrained_cap2 0.438 +/- 0.251
  constrained_cap3 0.463 +/- 0.252

[robustness]
  efficacy         0.709 +/- 0.193
  constrained      0.369 +/- 0.502
  constrained_cap2 0.461 +/- 0.408
  constrained_cap3 -0.337 +/- 1.771

run dir: res/runs_risk/launch_20260614-224649/shard_16
