cell lines: ['ACH-000183', 'ACH-000651']
report -> res/runs_risk/launch_20260614-224649/shard_4/report.html

=== aggregate over 2 lines x 6 seeds (mean +/- 95%% CI) ===

[mean_efficacy]
  efficacy         0.445 +/- 0.242
  constrained      0.187 +/- 0.115
  constrained_cap2 0.125 +/- 0.066
  constrained_cap3 0.140 +/- 0.074

[max_efficacy]
  efficacy         1.704 +/- 0.691
  constrained      1.399 +/- 0.724
  constrained_cap2 1.273 +/- 0.642
  constrained_cap3 1.380 +/- 0.729

[mean_toxicity]
  efficacy         0.264 +/- 0.140
  constrained      0.063 +/- 0.043
  constrained_cap2 0.045 +/- 0.035
  constrained_cap3 0.047 +/- 0.034

[concentration]
  efficacy         0.481 +/- 0.208
  constrained      0.374 +/- 0.159
  constrained_cap2 0.269 +/- 0.151
  constrained_cap3 0.299 +/- 0.150

[robustness]
  efficacy         0.719 +/- 0.169
  constrained      0.931 +/- 0.059
  constrained_cap2 0.945 +/- 0.054
  constrained_cap3 0.942 +/- 0.054

run dir: res/runs_risk/launch_20260614-224649/shard_4
