error    libmamba Could not set lock (Resource temporarily unavailable)
warning  libmamba Cannot lock '/cv/home/andera29/.cache/mamba/proc'
    Waiting for other mamba process to finish
cell lines: ['ACH-000053']
report -> res/runs_risk/launch_20260614-224649/shard_19/report.html

=== aggregate over 1 lines x 6 seeds (mean +/- 95%% CI) ===

[mean_efficacy]
  efficacy         0.271 +/- 0.205
  constrained      0.078 +/- 0.042
  constrained_cap2 0.070 +/- 0.044
  constrained_cap3 0.071 +/- 0.044

[max_efficacy]
  efficacy         1.898 +/- 0.839
  constrained      0.887 +/- 0.930
  constrained_cap2 0.887 +/- 0.930
  constrained_cap3 0.887 +/- 0.930

[mean_toxicity]
  efficacy         0.140 +/- 0.083
  constrained      0.032 +/- 0.029
  constrained_cap2 0.020 +/- 0.013
  constrained_cap3 0.022 +/- 0.014

[concentration]
  efficacy         0.355 +/- 0.150
  constrained      0.307 +/- 0.231
  constrained_cap2 0.173 +/- 0.067
  constrained_cap3 0.235 +/- 0.112

[robustness]
  efficacy         0.878 +/- 0.146
  constrained      0.879 +/- 0.148
  constrained_cap2 0.920 +/- 0.077
  constrained_cap3 0.914 +/- 0.083

run dir: res/runs_risk/launch_20260614-224649/shard_19
