cell lines: ['ACH-000804', 'ACH-003177']
report -> res/runs_risk/launch_20260614-224649/shard_8/report.html

=== aggregate over 2 lines x 6 seeds (mean +/- 95%% CI) ===

[mean_efficacy]
  efficacy         0.248 +/- 0.126
  constrained      0.051 +/- 0.030
  constrained_cap2 0.039 +/- 0.021
  constrained_cap3 0.041 +/- 0.021

[max_efficacy]
  efficacy         1.774 +/- 0.475
  constrained      0.534 +/- 0.111
  constrained_cap2 0.502 +/- 0.109
  constrained_cap3 0.509 +/- 0.104

[mean_toxicity]
  efficacy         0.147 +/- 0.076
  constrained      0.031 +/- 0.018
  constrained_cap2 0.024 +/- 0.008
  constrained_cap3 0.025 +/- 0.009

[concentration]
  efficacy         0.389 +/- 0.167
  constrained      0.244 +/- 0.118
  constrained_cap2 0.182 +/- 0.078
  constrained_cap3 0.215 +/- 0.089

[robustness]
  efficacy         0.829 +/- 0.105
  constrained      0.774 +/- 0.210
  constrained_cap2 0.776 +/- 0.213
  constrained_cap3 0.772 +/- 0.211

run dir: res/runs_risk/launch_20260614-224649/shard_8
