error    libmamba Could not set lock (Resource temporarily unavailable)
warning  libmamba Cannot lock '/cv/home/andera29/.cache/mamba/proc'
    Waiting for other mamba process to finish
cell lines: ['ACH-000025']
report -> res/runs_risk/launch_20260614-224649/shard_20/report.html

=== aggregate over 1 lines x 6 seeds (mean +/- 95%% CI) ===

[mean_efficacy]
  efficacy         0.198 +/- 0.155
  constrained      0.032 +/- 0.035
  constrained_cap2 0.026 +/- 0.031
  constrained_cap3 0.029 +/- 0.032

[max_efficacy]
  efficacy         1.615 +/- 0.829
  constrained      0.459 +/- 0.082
  constrained_cap2 0.440 +/- 0.066
  constrained_cap3 0.447 +/- 0.070

[mean_toxicity]
  efficacy         0.118 +/- 0.072
  constrained      0.024 +/- 0.012
  constrained_cap2 0.020 +/- 0.008
  constrained_cap3 0.022 +/- 0.009

[concentration]
  efficacy         0.428 +/- 0.225
  constrained      0.425 +/- 0.271
  constrained_cap2 0.368 +/- 0.269
  constrained_cap3 0.414 +/- 0.265

[robustness]
  efficacy         0.808 +/- 0.154
  constrained      0.732 +/- 0.312
  constrained_cap2 0.750 +/- 0.311
  constrained_cap3 0.731 +/- 0.313

run dir: res/runs_risk/launch_20260614-224649/shard_20
