cell lines: ['ACH-000502']
report -> res/runs_risk/launch_20260614-224649/shard_22/report.html

=== aggregate over 1 lines x 6 seeds (mean +/- 95%% CI) ===

[mean_efficacy]
  efficacy         0.266 +/- 0.133
  constrained      0.056 +/- 0.023
  constrained_cap2 0.048 +/- 0.023
  constrained_cap3 0.049 +/- 0.024

[max_efficacy]
  efficacy         1.843 +/- 0.578
  constrained      0.524 +/- 0.269
  constrained_cap2 0.471 +/- 0.263
  constrained_cap3 0.474 +/- 0.261

[mean_toxicity]
  efficacy         0.146 +/- 0.079
  constrained      0.029 +/- 0.027
  constrained_cap2 0.018 +/- 0.009
  constrained_cap3 0.020 +/- 0.011

[concentration]
  efficacy         0.506 +/- 0.180
  constrained      0.416 +/- 0.205
  constrained_cap2 0.302 +/- 0.121
  constrained_cap3 0.358 +/- 0.141

[robustness]
  efficacy         0.781 +/- 0.139
  constrained      0.896 +/- 0.146
  constrained_cap2 0.888 +/- 0.134
  constrained_cap3 0.892 +/- 0.144

run dir: res/runs_risk/launch_20260614-224649/shard_22
