cell lines: ['ACH-000527', 'ACH-000881']
report -> res/runs_risk/launch_20260614-224649/shard_5/report.html

=== aggregate over 2 lines x 6 seeds (mean +/- 95%% CI) ===

[mean_efficacy]
  efficacy         0.411 +/- 0.216
  constrained      0.149 +/- 0.057
  constrained_cap2 0.114 +/- 0.032
  constrained_cap3 0.117 +/- 0.032

[max_efficacy]
  efficacy         1.678 +/- 0.579
  constrained      1.270 +/- 0.681
  constrained_cap2 1.318 +/- 0.678
  constrained_cap3 1.318 +/- 0.678

[mean_toxicity]
  efficacy         0.235 +/- 0.124
  constrained      0.060 +/- 0.042
  constrained_cap2 0.035 +/- 0.016
  constrained_cap3 0.038 +/- 0.018

[concentration]
  efficacy         0.441 +/- 0.226
  constrained      0.302 +/- 0.179
  constrained_cap2 0.167 +/- 0.072
  constrained_cap3 0.206 +/- 0.082

[robustness]
  efficacy         0.802 +/- 0.160
  constrained      0.899 +/- 0.063
  constrained_cap2 0.927 +/- 0.046
  constrained_cap3 0.929 +/- 0.047

run dir: res/runs_risk/launch_20260614-224649/shard_5
