cell lines: ['ACH-000696', 'ACH-001509']
report -> res/runs_risk/launch_20260614-224649/shard_0/report.html

=== aggregate over 2 lines x 6 seeds (mean +/- 95%% CI) ===

[mean_efficacy]
  efficacy         0.296 +/- 0.170
  constrained      0.078 +/- 0.057
  constrained_cap2 0.051 +/- 0.032
  constrained_cap3 0.056 +/- 0.038

[max_efficacy]
  efficacy         1.515 +/- 0.576
  constrained      0.676 +/- 0.332
  constrained_cap2 0.695 +/- 0.323
  constrained_cap3 0.669 +/- 0.331

[mean_toxicity]
  efficacy         0.159 +/- 0.097
  constrained      0.031 +/- 0.026
  constrained_cap2 0.018 +/- 0.008
  constrained_cap3 0.021 +/- 0.010

[concentration]
  efficacy         0.441 +/- 0.209
  constrained      0.340 +/- 0.200
  constrained_cap2 0.282 +/- 0.198
  constrained_cap3 0.303 +/- 0.194

[robustness]
  efficacy         0.956 +/- 0.069
  constrained      0.759 +/- 0.214
  constrained_cap2 0.731 +/- 0.256
  constrained_cap3 0.761 +/- 0.214

run dir: res/runs_risk/launch_20260614-224649/shard_0
