error    libmamba Could not set lock (Resource temporarily unavailable)
warning  libmamba Cannot lock '/cv/home/andera29/.cache/mamba/proc'
    Waiting for other mamba process to finish
cell lines: ['ACH-000404']
report -> res/runs_risk/launch_20260614-224649/shard_21/report.html

=== aggregate over 1 lines x 6 seeds (mean +/- 95%% CI) ===

[mean_efficacy]
  efficacy         0.248 +/- 0.219
  constrained      0.071 +/- 0.061
  constrained_cap2 0.046 +/- 0.022
  constrained_cap3 0.049 +/- 0.025

[max_efficacy]
  efficacy         1.577 +/- 0.836
  constrained      0.617 +/- 0.227
  constrained_cap2 0.503 +/- 0.104
  constrained_cap3 0.503 +/- 0.104

[mean_toxicity]
  efficacy         0.164 +/- 0.147
  constrained      0.040 +/- 0.039
  constrained_cap2 0.022 +/- 0.008
  constrained_cap3 0.024 +/- 0.010

[concentration]
  efficacy         0.419 +/- 0.227
  constrained      0.383 +/- 0.169
  constrained_cap2 0.268 +/- 0.098
  constrained_cap3 0.306 +/- 0.078

[robustness]
  efficacy         0.688 +/- 0.288
  constrained      0.992 +/- 0.086
  constrained_cap2 1.034 +/- 0.086
  constrained_cap3 1.014 +/- 0.060

run dir: res/runs_risk/launch_20260614-224649/shard_21
