error    libmamba Could not set lock (Resource temporarily unavailable)
warning  libmamba Cannot lock '/cv/home/andera29/.cache/mamba/proc'
    Waiting for other mamba process to finish
cell lines: ['ACH-001028']
report -> res/runs_risk/launch_20260614-224649/shard_18/report.html

=== aggregate over 1 lines x 6 seeds (mean +/- 95%% CI) ===

[mean_efficacy]
  efficacy         0.236 +/- 0.157
  constrained      0.043 +/- 0.020
  constrained_cap2 0.034 +/- 0.009
  constrained_cap3 0.040 +/- 0.014

[max_efficacy]
  efficacy         1.737 +/- 0.809
  constrained      0.498 +/- 0.197
  constrained_cap2 0.498 +/- 0.197
  constrained_cap3 0.498 +/- 0.197

[mean_toxicity]
  efficacy         0.138 +/- 0.070
  constrained      0.027 +/- 0.014
  constrained_cap2 0.023 +/- 0.011
  constrained_cap3 0.025 +/- 0.012

[concentration]
  efficacy         0.413 +/- 0.168
  constrained      0.376 +/- 0.153
  constrained_cap2 0.315 +/- 0.140
  constrained_cap3 0.365 +/- 0.138

[robustness]
  efficacy         0.791 +/- 0.136
  constrained      0.873 +/- 0.146
  constrained_cap2 0.858 +/- 0.182
  constrained_cap3 0.871 +/- 0.150

run dir: res/runs_risk/launch_20260614-224649/shard_18
