error    libmamba Could not set lock (Resource temporarily unavailable)
warning  libmamba Cannot lock '/cv/home/andera29/.cache/mamba/proc'
    Waiting for other mamba process to finish
cell lines: ['ACH-000583', 'ACH-000373']
report -> res/runs_risk/launch_20260614-224649/shard_10/report.html

=== aggregate over 2 lines x 6 seeds (mean +/- 95%% CI) ===

[mean_efficacy]
  efficacy         0.317 +/- 0.227
  constrained      0.076 +/- 0.055
  constrained_cap2 0.064 +/- 0.053
  constrained_cap3 0.061 +/- 0.044

[max_efficacy]
  efficacy         1.864 +/- 0.630
  constrained      0.914 +/- 0.580
  constrained_cap2 0.914 +/- 0.580
  constrained_cap3 0.914 +/- 0.580

[mean_toxicity]
  efficacy         0.189 +/- 0.125
  constrained      0.042 +/- 0.024
  constrained_cap2 0.035 +/- 0.018
  constrained_cap3 0.035 +/- 0.016

[concentration]
  efficacy         0.437 +/- 0.116
  constrained      0.299 +/- 0.147
  constrained_cap2 0.217 +/- 0.094
  constrained_cap3 0.235 +/- 0.097

[robustness]
  efficacy         0.802 +/- 0.097
  constrained      0.759 +/- 0.157
  constrained_cap2 0.772 +/- 0.150
  constrained_cap3 0.769 +/- 0.150

run dir: res/runs_risk/launch_20260614-224649/shard_10
