cell lines: ['ACH-000168', 'ACH-002928']
report -> res/runs_risk/launch_20260614-224649/shard_7/report.html

=== aggregate over 2 lines x 6 seeds (mean +/- 95%% CI) ===

[mean_efficacy]
  efficacy         0.295 +/- 0.211
  constrained      0.055 +/- 0.050
  constrained_cap2 0.051 +/- 0.045
  constrained_cap3 0.054 +/- 0.048

[max_efficacy]
  efficacy         1.928 +/- 0.783
  constrained      0.909 +/- 0.774
  constrained_cap2 0.909 +/- 0.774
  constrained_cap3 0.909 +/- 0.774

[mean_toxicity]
  efficacy         0.174 +/- 0.112
  constrained      0.036 +/- 0.024
  constrained_cap2 0.030 +/- 0.017
  constrained_cap3 0.031 +/- 0.019

[concentration]
  efficacy         0.440 +/- 0.136
  constrained      0.395 +/- 0.163
  constrained_cap2 0.300 +/- 0.150
  constrained_cap3 0.336 +/- 0.149

[robustness]
  efficacy         0.714 +/- 0.153
  constrained      0.761 +/- 0.208
  constrained_cap2 0.783 +/- 0.211
  constrained_cap3 0.781 +/- 0.210

run dir: res/runs_risk/launch_20260614-224649/shard_7
error    libmamba Could not set lock (Resource temporarily unavailable)
warning  libmamba Cannot lock '/cv/home/andera29/.cache/mamba/proc'
    Waiting for other mamba process to finish
