error    libmamba Could not set lock (Resource temporarily unavailable)
warning  libmamba Cannot lock '/cv/home/andera29/.cache/mamba/proc'
    Waiting for other mamba process to finish
cell lines: ['ACH-000097', 'ACH-003065']
report -> res/runs_risk/launch_20260614-224649/shard_14/report.html

=== aggregate over 2 lines x 6 seeds (mean +/- 95%% CI) ===

[mean_efficacy]
  efficacy         0.397 +/- 0.229
  constrained      0.098 +/- 0.071
  constrained_cap2 0.087 +/- 0.063
  constrained_cap3 0.087 +/- 0.060

[max_efficacy]
  efficacy         2.124 +/- 0.862
  constrained      0.902 +/- 0.850
  constrained_cap2 0.897 +/- 0.851
  constrained_cap3 0.897 +/- 0.851

[mean_toxicity]
  efficacy         0.229 +/- 0.128
  constrained      0.036 +/- 0.026
  constrained_cap2 0.029 +/- 0.020
  constrained_cap3 0.029 +/- 0.019

[concentration]
  efficacy         0.408 +/- 0.151
  constrained      0.285 +/- 0.140
  constrained_cap2 0.201 +/- 0.094
  constrained_cap3 0.242 +/- 0.107

[robustness]
  efficacy         0.845 +/- 0.073
  constrained      0.932 +/- 0.056
  constrained_cap2 0.868 +/- 0.161
  constrained_cap3 0.936 +/- 0.054

run dir: res/runs_risk/launch_20260614-224649/shard_14
