error    libmamba Could not set lock (Resource temporarily unavailable)
warning  libmamba Cannot lock '/cv/home/andera29/.cache/mamba/proc'
    Waiting for other mamba process to finish
cell lines: ['ACH-000074', 'ACH-002923']
report -> res/runs_risk/launch_20260614-224649/shard_13/report.html

=== aggregate over 2 lines x 6 seeds (mean +/- 95%% CI) ===

[mean_efficacy]
  efficacy         0.408 +/- 0.262
  constrained      0.080 +/- 0.069
  constrained_cap2 0.065 +/- 0.070
  constrained_cap3 0.067 +/- 0.071

[max_efficacy]
  efficacy         2.140 +/- 0.697
  constrained      0.894 +/- 0.741
  constrained_cap2 0.891 +/- 0.742
  constrained_cap3 0.891 +/- 0.742

[mean_toxicity]
  efficacy         0.240 +/- 0.138
  constrained      0.048 +/- 0.027
  constrained_cap2 0.036 +/- 0.017
  constrained_cap3 0.037 +/- 0.018

[concentration]
  efficacy         0.425 +/- 0.163
  constrained      0.341 +/- 0.141
  constrained_cap2 0.241 +/- 0.139
  constrained_cap3 0.273 +/- 0.135

[robustness]
  efficacy         0.852 +/- 0.098
  constrained      0.769 +/- 0.207
  constrained_cap2 0.771 +/- 0.207
  constrained_cap3 0.771 +/- 0.207

run dir: res/runs_risk/launch_20260614-224649/shard_13
