launch: 40 lines x 6 seeds across 8 shards, K=30 -> res/runs_risk/launch_20260614-224408
<stdin>:10: Pandas4Warning: Starting with pandas version 4.0 all arguments of sum will be keyword-only.
selected 40 lines, sharded into 8
  shard 0 launched (pid 845275, 5 lines)
  shard 1 launched (pid 845280, 5 lines)
  shard 2 launched (pid 845286, 5 lines)
  shard 3 launched (pid 845292, 5 lines)
  shard 4 launched (pid 845298, 5 lines)
  shard 5 launched (pid 845304, 5 lines)
  shard 6 launched (pid 845310, 5 lines)
  shard 7 launched (pid 845316, 5 lines)
WARNING: a shard (pid 845275) failed
WARNING: a shard (pid 845280) failed
WARNING: a shard (pid 845286) failed
WARNING: a shard (pid 845292) failed
WARNING: a shard (pid 845298) failed
WARNING: a shard (pid 845304) failed
WARNING: a shard (pid 845310) failed
WARNING: a shard (pid 845316) failed
all shards done (fail=1)
NO shard parquets found
