genes in embedding cache present in gene_effect: 500

=== chosen cell lines (most coverage among embedded genes) ===
  ACH-000147     lineage=Breast                       covered=500/500
  ACH-000183     lineage=Lymphoid                     covered=500/500
  ACH-000067     lineage=CNS/Brain                    covered=500/500
  ACH-000900     lineage=Lung                         covered=500/500
  ACH-000696     lineage=Ovary/Fallopian Tube         covered=500/500
  ACH-000527     lineage=Ovary/Fallopian Tube         covered=500/500
  ACH-000097     lineage=Breast                       covered=499/500
  ACH-000362     lineage=Myeloid                      covered=499/500
[done] ACH-000147 (Breast): kdpp=0.540 greedy=0.500 fantasy=0.547 coreset=0.360 typiclust=0.247 random=0.260
[done] ACH-000183 (Lymphoid): kdpp=0.433 greedy=0.487 fantasy=0.407 coreset=0.300 typiclust=0.280 random=0.260
[done] ACH-000067 (CNS/Brain): kdpp=0.420 greedy=0.500 fantasy=0.453 coreset=0.313 typiclust=0.313 random=0.300
[done] ACH-000900 (Lung): kdpp=0.407 greedy=0.447 fantasy=0.447 coreset=0.353 typiclust=0.287 random=0.267
[done] ACH-000696 (Ovary/Fallopian Tube): kdpp=0.420 greedy=0.493 fantasy=0.453 coreset=0.320 typiclust=0.267 random=0.240
[done] ACH-000527 (Ovary/Fallopian Tube): kdpp=0.400 greedy=0.393 fantasy=0.447 coreset=0.320 typiclust=0.320 random=0.253
[done] ACH-000097 (Breast): kdpp=0.540 greedy=0.487 fantasy=0.527 coreset=0.347 typiclust=0.273 random=0.273
[done] ACH-000362 (Myeloid): kdpp=0.433 greedy=0.460 fantasy=0.487 coreset=0.340 typiclust=0.233 random=0.273

=== final recall@50 (mean over seeds [0, 1, 2]) ===
                         lineage   kdpp greedy fantasy coreset typiclust random kdpp - greedy
ACH-000147                Breast 0.5400 0.5000  0.5467  0.3600    0.2467 0.2600        0.0400
ACH-000183              Lymphoid 0.4333 0.4867  0.4067  0.3000    0.2800 0.2600       -0.0533
ACH-000067             CNS/Brain 0.4200 0.5000  0.4533  0.3133    0.3133 0.3000       -0.0800
ACH-000900                  Lung 0.4067 0.4467  0.4467  0.3533    0.2867 0.2667       -0.0400
ACH-000696  Ovary/Fallopian Tube 0.4200 0.4933  0.4533  0.3200    0.2667 0.2400       -0.0733
ACH-000527  Ovary/Fallopian Tube 0.4000 0.3933  0.4467  0.3200    0.3200 0.2533        0.0067
ACH-000097                Breast 0.5400 0.4867  0.5267  0.3467    0.2733 0.2733        0.0533
ACH-000362               Myeloid 0.4333 0.4600  0.4867  0.3400    0.2333 0.2733       -0.0267
MEAN                 (all lines) 0.4492 0.4708  0.4708  0.3317    0.2775 0.2658       -0.0217

=== aggregate ===
lines completed: 8
kdpp >= greedy:  3/8 lines
quality (max kdpp/greedy/fantasy) > diversity-only (max coreset/typiclust): 8/8 lines
kdpp > random:   8/8 lines
mean kdpp-greedy gap: -0.0217

mean recall@50 per method across lines:
fantasy     0.4708
greedy      0.4708
kdpp        0.4492
coreset     0.3317
typiclust   0.2775
random      0.2658

wrote data/REAL_RESULT_MULTI.md
