node=braid-st-comp-48xl-15 cpus=16 job=16285168
full-genome efficacy-toxicity analysis: 8 lines x [0 1 2] seeds
cell lines: ['ACH-000696', 'ACH-000362', 'ACH-000147', 'ACH-000067', 'ACH-000183', 'ACH-000527', 'ACH-000900', 'ACH-000168']
report -> res/runs_risk_fullgenome/20260614-231541/report.html

=== aggregate over 8 lines x 3 seeds (mean +/- 95%% CI) ===

[mean_efficacy]
  efficacy         0.657 +/- 0.217
  constrained      0.168 +/- 0.091
  constrained_cap2 0.104 +/- 0.035
  constrained_cap3 0.114 +/- 0.043

[max_efficacy]
  efficacy         2.254 +/- 0.481
  constrained      1.441 +/- 0.575
  constrained_cap2 1.275 +/- 0.434
  constrained_cap3 1.305 +/- 0.450

[mean_toxicity]
  efficacy         0.356 +/- 0.102
  constrained      0.070 +/- 0.029
  constrained_cap2 0.046 +/- 0.015
  constrained_cap3 0.050 +/- 0.016

[concentration]
  efficacy         0.532 +/- 0.144
  constrained      0.319 +/- 0.117
  constrained_cap2 0.216 +/- 0.106
  constrained_cap3 0.257 +/- 0.106

[robustness]
  efficacy         0.800 +/- 0.067
  constrained      0.877 +/- 0.093
  constrained_cap2 0.900 +/- 0.087
  constrained_cap3 0.896 +/- 0.090

run dir: res/runs_risk_fullgenome/20260614-231541
DONE
