node=braid-st-comp-48xl-17 cpus=16 job=16396022
ablation: panel='data/processed/depmap/panel_5k.txt' 6 lines x [0 1 2] seeds, K=30, AL 8x10
panel subset: 5116 genes (data/processed/depmap/panel_5k.txt)
contrast-line candidates (best first): ['ACH-001360', 'ACH-000608', 'ACH-000934', 'ACH-002806', 'ACH-000571', 'ACH-000811', 'ACH-001422', 'ACH-001513', 'ACH-001194', 'ACH-003184']
using contrast line: ACH-001360
target lines (6): ['ACH-000696', 'ACH-000147', 'ACH-000183', 'ACH-000067', 'ACH-000900', 'ACH-000527']
[ACH-000696] 5113 genes, 2457 CORUM-annotated
[ACH-000696] done (3 seeds x 2 tox-sources)
[ACH-000147] 5056 genes, 2454 CORUM-annotated
[ACH-000147] done (3 seeds x 2 tox-sources)
[ACH-000183] 5056 genes, 2454 CORUM-annotated
[ACH-000183] done (3 seeds x 2 tox-sources)
[ACH-000067] 5056 genes, 2454 CORUM-annotated
[ACH-000067] done (3 seeds x 2 tox-sources)
[ACH-000900] 5056 genes, 2454 CORUM-annotated
[ACH-000900] done (3 seeds x 2 tox-sources)
[ACH-000527] 5056 genes, 2454 CORUM-annotated
[ACH-000527] done (3 seeds x 2 tox-sources)

=== [contrast toxicity] 6 lines x 3 seeds (mean +/- 95% CI) ===
[A: safety vs efficacy]
  greedy       eff 2.588+/-0.205  tox 2.237+/-0.091
  trunc_known  eff 1.162+/-0.173  tox 0.139+/-0.017
  trunc_pred   eff 0.885+/-0.212  tox 0.245+/-0.090
  ehvi         eff 1.989+/-0.214  tox 1.701+/-0.203
  ehvi_trunc   eff 0.854+/-0.095  tox 0.205+/-0.070
  random       eff 1.708+/-0.191  tox 1.523+/-0.210
  farthest     eff 1.090+/-0.055  tox 0.911+/-0.041
  cluster      eff 2.236+/-0.094  tox 2.089+/-0.058
  info_div     eff 2.310+/-0.141  tox 2.069+/-0.139
[B: diversity / robustness]
  greedy     +none  conc 0.834 robust 0.777 eff 2.588
  greedy     +cap   conc 0.118 robust 0.933 eff 1.488
  greedy     +kdpp  conc 0.686 robust 0.848 eff 2.487
  truncation +none  conc 0.386 robust 0.905 eff 1.162
  truncation +cap   conc 0.120 robust 0.928 eff 0.912
  truncation +kdpp  conc 0.336 robust 0.916 eff 1.111
  ehvi_trunc +none  conc 0.470 robust 0.912 eff 0.854
  ehvi_trunc +cap   conc 0.189 robust 0.946 eff 0.815
  ehvi_trunc +kdpp  conc 0.315 robust 0.946 eff 0.827

=== [aggregate toxicity] 6 lines x 3 seeds (mean +/- 95% CI) ===
[A: safety vs efficacy]
  greedy       eff 2.588+/-0.205  tox 0.915+/-0.022
  trunc_known  eff 0.952+/-0.196  tox 0.212+/-0.020
  trunc_pred   eff 1.046+/-0.131  tox 0.411+/-0.104
  ehvi         eff 2.067+/-0.203  tox 0.891+/-0.030
  ehvi_trunc   eff 0.877+/-0.116  tox 0.440+/-0.072
  random       eff 1.708+/-0.191  tox 0.856+/-0.028
  farthest     eff 1.090+/-0.055  tox 0.664+/-0.028
  cluster      eff 2.236+/-0.094  tox 0.933+/-0.009
  info_div     eff 2.310+/-0.141  tox 0.911+/-0.029
[B: diversity / robustness]
  greedy     +none  conc 0.834 robust 0.777 eff 2.588
  greedy     +cap   conc 0.118 robust 0.933 eff 1.488
  greedy     +kdpp  conc 0.686 robust 0.848 eff 2.487
  truncation +none  conc 0.356 robust 0.901 eff 0.952
  truncation +cap   conc 0.130 robust 0.919 eff 0.635
  truncation +kdpp  conc 0.341 robust 0.907 eff 0.939
  ehvi_trunc +none  conc 0.281 robust 0.931 eff 0.877
  ehvi_trunc +cap   conc 0.117 robust 0.951 eff 0.843
  ehvi_trunc +kdpp  conc 0.211 robust 0.948 eff 0.844

report -> res/runs_ablation/20260616-020359/report.html
run dir: res/runs_ablation/20260616-020359
DONE
