node=braid-st-comp-48xl-17 cpus=16 job=16405555
ablation: panel='data/processed/depmap/panel_5k.txt' 6 lines x [0 1 2] seeds, K=30, AL 8x10
joint multitask GP enabled for learned-safety methods (trunc_pred, ehvi)
panel subset: 5116 genes (data/processed/depmap/panel_5k.txt)
contrast-line candidates (best first): ['ACH-001360', 'ACH-000608', 'ACH-000934', 'ACH-002806', 'ACH-000571', 'ACH-000811', 'ACH-001422', 'ACH-001513', 'ACH-001194', 'ACH-003184']
using contrast line: ACH-001360
target lines (6): ['ACH-000696', 'ACH-000147', 'ACH-000183', 'ACH-000067', 'ACH-000900', 'ACH-000527']
[ACH-000696] 5113 genes, 2457 CORUM-annotated
[ACH-000696] done (3 seeds x 2 tox-sources)
[ACH-000147] 5056 genes, 2454 CORUM-annotated
[ACH-000147] done (3 seeds x 2 tox-sources)
[ACH-000183] 5056 genes, 2454 CORUM-annotated
[ACH-000183] done (3 seeds x 2 tox-sources)
[ACH-000067] 5056 genes, 2454 CORUM-annotated
[ACH-000067] done (3 seeds x 2 tox-sources)
[ACH-000900] 5056 genes, 2454 CORUM-annotated
[ACH-000900] done (3 seeds x 2 tox-sources)
[ACH-000527] 5056 genes, 2454 CORUM-annotated
[ACH-000527] done (3 seeds x 2 tox-sources)

=== [contrast toxicity] 6 lines x 3 seeds (mean +/- 95% CI) ===
[A: safety vs efficacy]
  greedy       eff 2.588+/-0.205  tox 2.237+/-0.091
  trunc_known  eff 1.162+/-0.173  tox 0.139+/-0.017
  trunc_pred   eff 0.625+/-0.147  tox 0.238+/-0.112
  greedy_safe  eff 0.875+/-0.103  tox 0.248+/-0.058
  ehvi         eff 1.882+/-0.160  tox 1.636+/-0.204
  ehvi_trunc   eff 0.921+/-0.086  tox 0.298+/-0.093
  ehvi_safe    eff 0.871+/-0.068  tox 0.287+/-0.079
  known_safe   eff 1.486+/-0.180  tox 0.150+/-0.013
  random       eff 1.708+/-0.191  tox 1.523+/-0.210
  farthest     eff 1.090+/-0.055  tox 0.911+/-0.041
  cluster      eff 2.236+/-0.094  tox 2.089+/-0.058
  info_div     eff 2.310+/-0.141  tox 2.069+/-0.139
[B: diversity / robustness]
  greedy     +none        conc 0.834 robust 0.777 eff 2.588
  greedy     +cap         conc 0.118 robust 0.933 eff 1.488
  greedy     +kdpp_emb    conc 0.686 robust 0.848 eff 2.487
  greedy     +kdpp_corum  conc 0.529 robust 0.900 eff 2.078
  truncation +none        conc 0.386 robust 0.905 eff 1.162
  truncation +cap         conc 0.120 robust 0.928 eff 0.912
  truncation +kdpp_emb    conc 0.336 robust 0.916 eff 1.111
  truncation +kdpp_corum  conc 0.311 robust 0.924 eff 1.054
  ehvi_trunc +none        conc 0.421 robust 0.915 eff 0.875
  ehvi_trunc +cap         conc 0.149 robust 0.951 eff 0.888
  ehvi_trunc +kdpp_emb    conc 0.262 robust 0.945 eff 0.913
  ehvi_trunc +kdpp_corum  conc 0.200 robust 0.951 eff 0.900

=== [aggregate toxicity] 6 lines x 3 seeds (mean +/- 95% CI) ===
[A: safety vs efficacy]
  greedy       eff 2.588+/-0.205  tox 0.915+/-0.022
  trunc_known  eff 0.952+/-0.196  tox 0.212+/-0.020
  trunc_pred   eff 0.891+/-0.119  tox 0.579+/-0.100
  greedy_safe  eff 0.749+/-0.078  tox 0.489+/-0.047
  ehvi         eff 2.090+/-0.203  tox 0.894+/-0.020
  ehvi_trunc   eff 0.750+/-0.111  tox 0.470+/-0.071
  ehvi_safe    eff 0.824+/-0.122  tox 0.497+/-0.069
  known_safe   eff 1.336+/-0.180  tox 0.272+/-0.015
  random       eff 1.708+/-0.191  tox 0.856+/-0.028
  farthest     eff 1.090+/-0.055  tox 0.664+/-0.028
  cluster      eff 2.236+/-0.094  tox 0.933+/-0.009
  info_div     eff 2.310+/-0.141  tox 0.911+/-0.029
[B: diversity / robustness]
  greedy     +none        conc 0.834 robust 0.777 eff 2.588
  greedy     +cap         conc 0.118 robust 0.933 eff 1.488
  greedy     +kdpp_emb    conc 0.686 robust 0.848 eff 2.487
  greedy     +kdpp_corum  conc 0.529 robust 0.900 eff 2.078
  truncation +none        conc 0.356 robust 0.901 eff 0.952
  truncation +cap         conc 0.130 robust 0.919 eff 0.635
  truncation +kdpp_emb    conc 0.341 robust 0.907 eff 0.939
  truncation +kdpp_corum  conc 0.305 robust 0.915 eff 0.847
  ehvi_trunc +none        conc 0.209 robust 0.959 eff 0.800
  ehvi_trunc +cap         conc 0.116 robust 0.963 eff 0.824
  ehvi_trunc +kdpp_emb    conc 0.127 robust 0.964 eff 0.773
  ehvi_trunc +kdpp_corum  conc 0.124 robust 0.966 eff 0.762

report -> res/runs_ablation/20260616-085341/report.html
run dir: res/runs_ablation/20260616-085341
DONE
