node=braid-st-comp-48xl-15 cpus=16 job=16405197
ablation: panel='data/processed/depmap/panel_5k.txt' 2 lines x [0] seeds, K=30, AL 2x10
panel subset: 5116 genes (data/processed/depmap/panel_5k.txt)
contrast-line candidates (best first): ['ACH-001360', 'ACH-000608', 'ACH-000934', 'ACH-002806', 'ACH-000571', 'ACH-000811', 'ACH-001422', 'ACH-001513', 'ACH-001194', 'ACH-003184']
using contrast line: ACH-001360
target lines (2): ['ACH-000696', 'ACH-000147']
[ACH-000696] 5113 genes, 2457 CORUM-annotated
[ACH-000696] done (1 seeds x 2 tox-sources)
[ACH-000147] 5056 genes, 2454 CORUM-annotated
[ACH-000147] done (1 seeds x 2 tox-sources)

=== [contrast toxicity] 2 lines x 1 seeds (mean +/- 95% CI) ===
[A: safety vs efficacy]
  greedy       eff 0.972+/-0.001  tox 0.826+/-0.490
  trunc_known  eff 0.507+/-0.248  tox 0.145+/-0.019
  trunc_pred   eff 0.615+/-0.573  tox 0.310+/-0.324
  greedy_safe  eff 0.594+/-0.616  tox 0.284+/-0.374
  ehvi         eff 1.142+/-0.342  tox 1.243+/-0.974
  ehvi_trunc   eff 0.502+/-0.423  tox 0.317+/-0.178
  ehvi_safe    eff 0.502+/-0.423  tox 0.317+/-0.178
  known_safe   eff 0.598+/-0.383  tox 0.169+/-0.006
  random       eff 1.015+/-0.154  tox 1.083+/-0.110
  farthest     eff 0.656+/-0.202  tox 0.730+/-0.531
  cluster      eff 1.689+/-0.123  tox 1.485+/-0.532
  info_div     eff 1.275+/-0.300  tox 1.345+/-0.954
[B: diversity / robustness]
DONE
