node=braid-st-comp-48xl-17 cpus=16 job=16419836
ablation: A-panel='none' B-panel='data/processed/depmap/panel_5k.txt' 12 lines x [0 1] seeds, K=30, AL 8x10
joint multitask GP enabled for learned-safety methods (trunc_pred, ehvi)
Analysis A panel: 18531 genes (none); Analysis B panel: 5116 genes (data/processed/depmap/panel_5k.txt)
contrast-line candidates (best first): ['ACH-001360', 'ACH-000608', 'ACH-000934', 'ACH-002806', 'ACH-000571', 'ACH-000811', 'ACH-001422', 'ACH-001513', 'ACH-001194', 'ACH-003184']
using contrast line: ACH-001360
target lines (12): ['ACH-000696', 'ACH-000362', 'ACH-000147', 'ACH-000067', 'ACH-000183', 'ACH-000527', 'ACH-000900', 'ACH-000168', 'ACH-000804', 'ACH-001054', 'ACH-000583', 'ACH-001401']
[ACH-000696] A=18513 genes, B=5113 genes
[ACH-000696] done (2 seeds x 2 tox-sources)
[ACH-000362] A=18449 genes, B=5055 genes
[ACH-000362] done (2 seeds x 2 tox-sources)
[ACH-000147] A=18435 genes, B=5056 genes
[ACH-000147] done (2 seeds x 2 tox-sources)
[ACH-000067] A=18435 genes, B=5056 genes
[ACH-000067] done (2 seeds x 2 tox-sources)
[ACH-000183] A=18435 genes, B=5056 genes
[ACH-000183] done (2 seeds x 2 tox-sources)
[ACH-000527] A=18435 genes, B=5056 genes
[ACH-000527] done (2 seeds x 2 tox-sources)
[ACH-000900] A=18433 genes, B=5056 genes
[ACH-000900] done (2 seeds x 2 tox-sources)
[ACH-000168] A=18420 genes, B=5044 genes
[ACH-000168] done (2 seeds x 2 tox-sources)
[ACH-000804] A=18420 genes, B=5044 genes
[ACH-000804] done (2 seeds x 2 tox-sources)
[ACH-001054] A=18420 genes, B=5044 genes
[ACH-001054] done (2 seeds x 2 tox-sources)
[ACH-000583] A=18420 genes, B=5044 genes
[ACH-000583] done (2 seeds x 2 tox-sources)
[ACH-001401] A=18420 genes, B=5044 genes
[ACH-001401] done (2 seeds x 2 tox-sources)

=== [contrast toxicity] 12 lines x 2 seeds (mean +/- 95% CI) ===
[A: safety vs efficacy]
  greedy       eff 1.770+/-0.271  tox 1.731+/-0.380
  trunc_known  eff 0.675+/-0.126  tox 0.125+/-0.018
  trunc_pred   eff 0.589+/-0.123  tox 0.326+/-0.094
  greedy_safe  eff 0.790+/-0.108  tox 0.331+/-0.082
  ehvi         eff 1.538+/-0.277  tox 1.242+/-0.258
  ehvi_pareto  eff 0.813+/-0.268  tox 0.292+/-0.185
  ehvi_trunc   eff 0.839+/-0.106  tox 0.469+/-0.099
  ehvi_safe    eff 0.851+/-0.084  tox 0.460+/-0.130
  known_safe   eff 0.994+/-0.188  tox 0.148+/-0.016
  random       eff 1.123+/-0.251  tox 0.908+/-0.240
  cluster      eff 0.911+/-0.114  tox 0.657+/-0.144
  info_div     eff 1.701+/-0.228  tox 1.743+/-0.281
[B: diversity / robustness]
  trunc_pred +none        conc 0.406 robust 0.880 eff 0.514
  trunc_pred +kdpp_string conc 0.153 robust 0.951 eff 0.360
  trunc_pred +kdpp_corum  conc 0.188 robust 0.952 eff 0.399
  greedy_safe+none        conc 0.344 robust 0.917 eff 0.896
  greedy_safe+kdpp_string conc 0.142 robust 0.958 eff 0.761
  greedy_safe+kdpp_corum  conc 0.169 robust 0.957 eff 0.857
  ehvi_trunc +none        conc 0.437 robust 0.896 eff 0.974
  ehvi_trunc +kdpp_string conc 0.137 robust 0.958 eff 0.798
  ehvi_trunc +kdpp_corum  conc 0.229 robust 0.956 eff 0.959
  ehvi_safe  +none        conc 0.491 robust 0.911 eff 0.952
  ehvi_safe  +kdpp_string conc 0.182 robust 0.957 eff 0.826
  ehvi_safe  +kdpp_corum  conc 0.205 robust 0.956 eff 0.913

=== [aggregate toxicity] 12 lines x 2 seeds (mean +/- 95% CI) ===
[A: safety vs efficacy]
  greedy       eff 1.770+/-0.271  tox 0.829+/-0.085
  trunc_known  eff 0.528+/-0.106  tox 0.170+/-0.031
  trunc_pred   eff 0.783+/-0.151  tox 0.455+/-0.081
  greedy_safe  eff 0.776+/-0.133  tox 0.502+/-0.084
  ehvi         eff 1.907+/-0.226  tox 0.836+/-0.076
  ehvi_pareto  eff 1.670+/-0.215  tox 0.743+/-0.070
  ehvi_trunc   eff 0.808+/-0.124  tox 0.511+/-0.083
  ehvi_safe    eff 0.928+/-0.105  tox 0.540+/-0.057
  known_safe   eff 0.868+/-0.181  tox 0.227+/-0.036
  random       eff 1.123+/-0.251  tox 0.560+/-0.092
  cluster      eff 0.911+/-0.114  tox 0.561+/-0.036
  info_div     eff 1.701+/-0.228  tox 0.829+/-0.072
[B: diversity / robustness]
  trunc_pred +none        conc 0.213 robust 0.948 eff 0.921
  trunc_pred +kdpp_string conc 0.149 robust 0.958 eff 0.796
  trunc_pred +kdpp_corum  conc 0.229 robust 0.953 eff 0.864
  greedy_safe+none        conc 0.351 robust 0.930 eff 0.966
  greedy_safe+kdpp_string conc 0.118 robust 0.957 eff 0.793
  greedy_safe+kdpp_corum  conc 0.174 robust 0.951 eff 0.896
  ehvi_trunc +none        conc 0.330 robust 0.931 eff 0.927
  ehvi_trunc +kdpp_string conc 0.116 robust 0.955 eff 0.768
  ehvi_trunc +kdpp_corum  conc 0.205 robust 0.949 eff 0.878
  ehvi_safe  +none        conc 0.319 robust 0.937 eff 0.871
  ehvi_safe  +kdpp_string conc 0.120 robust 0.953 eff 0.778
  ehvi_safe  +kdpp_corum  conc 0.163 robust 0.952 eff 0.869

report -> res/runs_ablation/20260616-230304/report.html
run dir: res/runs_ablation/20260616-230304
DONE
