shard 1: line=ACH-000362 contrast=ACH-001360 node=braid-st-comp-48xl-21
joint multitask GP enabled for learned-safety methods (trunc_pred, ehvi)
Analysis A panel: 18531 genes (none); Analysis B panel: 5116 genes (data/processed/depmap/panel_5k.txt)
contrast-line candidates (best first): ['ACH-001360', 'ACH-000608', 'ACH-000934', 'ACH-002806', 'ACH-000571', 'ACH-000811', 'ACH-001422', 'ACH-001513', 'ACH-001194', 'ACH-003184']
using contrast line: ACH-001360
target lines (1): ['ACH-000362']
[ACH-000362] A=18449 genes, B=5055 genes
[ACH-000362] done (2 seeds x 2 tox-sources)

=== [contrast toxicity] 1 lines x 2 seeds (mean +/- 95% CI) ===
[A: safety vs efficacy]
  greedy       eff 0.956+/-0.029  tox 0.645+/-0.122
  trunc_known  eff 0.605+/-0.184  tox 0.095+/-0.159
  trunc_pred   eff 0.784+/-0.114  tox 0.251+/-0.093
  greedy_safe  eff 0.878+/-0.215  tox 0.333+/-0.300
  ehvi         eff 0.844+/-0.092  tox 0.499+/-0.014
  ehvi_pareto  eff 0.633+/-0.314  tox 0.146+/-0.027
  ehvi_trunc   eff 0.781+/-0.046  tox 0.415+/-0.079
  ehvi_safe    eff 0.600+/-0.282  tox 0.263+/-0.236
  known_safe   eff 0.692+/-0.487  tox 0.095+/-0.004
  random       eff 2.588+/-0.164  tox 1.761+/-0.102
  cluster      eff 0.838+/-0.177  tox 0.595+/-0.212
  info_div     eff 1.083+/-0.803  tox 1.039+/-0.814
[B: diversity / robustness]
  trunc_pred +none        conc 0.303 robust 0.950 eff 0.587
  trunc_pred +kdpp_string conc 0.091 robust 0.969 eff 0.519
  trunc_pred +kdpp_corum  conc 0.152 robust 0.968 eff 0.526
  greedy_safe+none        conc 0.393 robust 0.920 eff 0.844
  greedy_safe+kdpp_string conc 0.078 robust 0.960 eff 0.487
  greedy_safe+kdpp_corum  conc 0.202 robust 0.954 eff 0.762
  ehvi_trunc +none        conc 0.792 robust 0.816 eff 1.263
  ehvi_trunc +kdpp_string conc 0.264 robust 0.954 eff 0.894
  ehvi_trunc +kdpp_corum  conc 0.351 robust 0.926 eff 1.198
  ehvi_safe  +none        conc 0.445 robust 0.887 eff 0.972
  ehvi_safe  +kdpp_string conc 0.208 robust 0.965 eff 0.848
  ehvi_safe  +kdpp_corum  conc 0.212 robust 0.961 eff 0.999

=== [aggregate toxicity] 1 lines x 2 seeds (mean +/- 95% CI) ===
[A: safety vs efficacy]
  greedy       eff 0.956+/-0.029  tox 0.646+/-0.172
  trunc_known  eff 0.481+/-0.461  tox 0.189+/-0.167
  trunc_pred   eff 0.763+/-0.070  tox 0.432+/-0.129
  greedy_safe  eff 0.752+/-0.089  tox 0.468+/-0.082
  ehvi         eff 1.957+/-1.318  tox 0.774+/-0.160
  ehvi_pareto  eff 1.716+/-1.352  tox 0.680+/-0.348
  ehvi_trunc   eff 0.726+/-0.261  tox 0.429+/-0.297
  ehvi_safe    eff 0.902+/-0.809  tox 0.460+/-0.501
  known_safe   eff 0.555+/-0.409  tox 0.191+/-0.261
  random       eff 2.588+/-0.164  tox 0.862+/-0.004
  cluster      eff 0.838+/-0.177  tox 0.596+/-0.033
  info_div     eff 1.083+/-0.803  tox 0.626+/-0.447
[B: diversity / robustness]
  trunc_pred +none        conc 0.231 robust 0.946 eff 1.136
  trunc_pred +kdpp_string conc 0.169 robust 0.954 eff 0.779
  trunc_pred +kdpp_corum  conc 0.148 robust 0.962 eff 0.995
  greedy_safe+none        conc 0.195 robust 0.945 eff 0.742
  greedy_safe+kdpp_string conc 0.136 robust 0.955 eff 0.637
  greedy_safe+kdpp_corum  conc 0.129 robust 0.950 eff 0.775
  ehvi_trunc +none        conc 0.377 robust 0.943 eff 0.974
  ehvi_trunc +kdpp_string conc 0.118 robust 0.969 eff 0.834
  ehvi_trunc +kdpp_corum  conc 0.307 robust 0.955 eff 0.971
  ehvi_safe  +none        conc 0.165 robust 0.962 eff 0.793
  ehvi_safe  +kdpp_string conc 0.092 robust 0.958 eff 0.899
  ehvi_safe  +kdpp_corum  conc 0.152 robust 0.950 eff 0.917
run dir: res/runs_ablation/sweep_joint_20260616-213219/shard_1
SHARD DONE
