shard 7: line=ACH-000168 contrast=ACH-001360 node=braid-st-comp-48xl-7
joint multitask GP enabled for learned-safety methods (trunc_pred, ehvi)
Analysis A panel: 18531 genes (none); Analysis B panel: 5116 genes (data/processed/depmap/panel_5k.txt)
contrast-line candidates (best first): ['ACH-001360', 'ACH-000608', 'ACH-000934', 'ACH-002806', 'ACH-000571', 'ACH-000811', 'ACH-001422', 'ACH-001513', 'ACH-001194', 'ACH-003184']
using contrast line: ACH-001360
target lines (1): ['ACH-000168']
[ACH-000168] A=18420 genes, B=5044 genes
[ACH-000168] done (2 seeds x 2 tox-sources)

=== [contrast toxicity] 1 lines x 2 seeds (mean +/- 95% CI) ===
[A: safety vs efficacy]
  greedy       eff 1.954+/-0.277  tox 2.429+/-0.212
  trunc_known  eff 0.419+/-0.342  tox 0.149+/-0.005
  trunc_pred   eff 0.406+/-0.438  tox 0.506+/-0.642
  greedy_safe  eff 0.660+/-0.068  tox 0.432+/-0.093
  ehvi         eff 1.339+/-0.970  tox 1.256+/-0.795
  ehvi_pareto  eff 0.358+/-0.300  tox 0.141+/-0.218
  ehvi_trunc   eff 0.777+/-0.366  tox 0.885+/-0.311
  ehvi_safe    eff 0.677+/-0.285  tox 0.588+/-0.101
  known_safe   eff 0.450+/-0.060  tox 0.162+/-0.051
  random       eff 0.589+/-0.056  tox 0.479+/-0.014
  cluster      eff 0.682+/-0.314  tox 0.716+/-0.460
  info_div     eff 1.001+/-0.211  tox 1.135+/-0.255
[B: diversity / robustness]
  trunc_pred +none        conc 0.392 robust 0.946 eff 0.256
  trunc_pred +kdpp_string conc 0.127 robust 0.954 eff 0.233
  trunc_pred +kdpp_corum  conc 0.178 robust 0.952 eff 0.297
  greedy_safe+none        conc 0.254 robust 0.957 eff 0.564
  greedy_safe+kdpp_string conc 0.101 robust 0.946 eff 0.583
  greedy_safe+kdpp_corum  conc 0.113 robust 0.960 eff 0.497
  ehvi_trunc +none        conc 0.183 robust 0.951 eff 0.908
  ehvi_trunc +kdpp_string conc 0.113 robust 0.948 eff 0.741
  ehvi_trunc +kdpp_corum  conc 0.165 robust 0.927 eff 1.020
  ehvi_safe  +none        conc 0.188 robust 0.948 eff 0.910
  ehvi_safe  +kdpp_string conc 0.085 robust 0.958 eff 0.662
  ehvi_safe  +kdpp_corum  conc 0.254 robust 0.946 eff 0.918

=== [aggregate toxicity] 1 lines x 2 seeds (mean +/- 95% CI) ===
[A: safety vs efficacy]
  greedy       eff 1.954+/-0.277  tox 0.980+/-0.024
  trunc_known  eff 0.354+/-0.335  tox 0.142+/-0.070
  trunc_pred   eff 0.871+/-0.387  tox 0.545+/-0.120
  greedy_safe  eff 0.872+/-0.110  tox 0.619+/-0.103
  ehvi         eff 2.063+/-0.349  tox 0.899+/-0.046
  ehvi_pareto  eff 1.641+/-0.272  tox 0.735+/-0.075
  ehvi_trunc   eff 0.912+/-0.057  tox 0.540+/-0.090
  ehvi_safe    eff 0.722+/-0.299  tox 0.563+/-0.210
  known_safe   eff 0.383+/-0.070  tox 0.114+/-0.045
  random       eff 0.589+/-0.056  tox 0.330+/-0.078
  cluster      eff 0.682+/-0.314  tox 0.481+/-0.155
  info_div     eff 1.001+/-0.211  tox 0.657+/-0.032
[B: diversity / robustness]
  trunc_pred +none        conc 0.232 robust 0.950 eff 0.771
  trunc_pred +kdpp_string conc 0.164 robust 0.957 eff 0.729
  trunc_pred +kdpp_corum  conc 0.158 robust 0.958 eff 0.781
  greedy_safe+none        conc 0.400 robust 0.934 eff 0.777
  greedy_safe+kdpp_string conc 0.108 robust 0.959 eff 0.745
  greedy_safe+kdpp_corum  conc 0.206 robust 0.935 eff 0.876
  ehvi_trunc +none        conc 0.109 robust 0.938 eff 0.984
  ehvi_trunc +kdpp_string conc 0.088 robust 0.962 eff 0.903
  ehvi_trunc +kdpp_corum  conc 0.113 robust 0.946 eff 1.083
  ehvi_safe  +none        conc 0.399 robust 0.903 eff 0.673
  ehvi_safe  +kdpp_string conc 0.111 robust 0.938 eff 0.782
  ehvi_safe  +kdpp_corum  conc 0.160 robust 0.929 eff 0.890
run dir: res/runs_ablation/sweep_joint_20260616-213219/shard_7
SHARD DONE
