shard 2: line=ACH-000147 contrast=ACH-001360 node=braid-st-comp-48xl-22
joint multitask GP enabled for learned-safety methods (trunc_pred, ehvi)
Analysis A panel: 18531 genes (none); Analysis B panel: 5116 genes (data/processed/depmap/panel_5k.txt)
contrast-line candidates (best first): ['ACH-001360', 'ACH-000608', 'ACH-000934', 'ACH-002806', 'ACH-000571', 'ACH-000811', 'ACH-001422', 'ACH-001513', 'ACH-001194', 'ACH-003184']
using contrast line: ACH-001360
target lines (1): ['ACH-000147']
[ACH-000147] A=18435 genes, B=5056 genes
[ACH-000147] done (2 seeds x 2 tox-sources)

=== [contrast toxicity] 1 lines x 2 seeds (mean +/- 95% CI) ===
[A: safety vs efficacy]
  greedy       eff 2.075+/-0.411  tox 2.510+/-0.009
  trunc_known  eff 0.382+/-0.079  tox 0.152+/-0.064
  trunc_pred   eff 0.463+/-0.311  tox 0.377+/-0.390
  greedy_safe  eff 0.583+/-0.600  tox 0.102+/-0.069
  ehvi         eff 1.443+/-0.195  tox 1.854+/-0.211
  ehvi_pareto  eff 0.018+/-0.041  tox -0.058+/-0.005
  ehvi_trunc   eff 1.245+/-0.233  tox 1.099+/-0.385
  ehvi_safe    eff 0.583+/-0.389  tox 0.641+/-0.581
  known_safe   eff 0.934+/-0.915  tox 0.195+/-0.091
  random       eff 1.277+/-0.584  tox 1.155+/-1.302
  cluster      eff 0.808+/-0.090  tox 0.384+/-0.180
  info_div     eff 1.771+/-0.229  tox 2.285+/-0.451
[B: diversity / robustness]
  trunc_pred +none        conc 0.571 robust 0.673 eff 0.556
  trunc_pred +kdpp_string conc 0.122 robust 0.963 eff 0.299
  trunc_pred +kdpp_corum  conc 0.198 robust 0.958 eff 0.424
  greedy_safe+none        conc 0.746 robust 0.895 eff 0.985
  greedy_safe+kdpp_string conc 0.291 robust 0.965 eff 0.843
  greedy_safe+kdpp_corum  conc 0.243 robust 0.963 eff 0.946
  ehvi_trunc +none        conc 0.858 robust 0.863 eff 0.947
  ehvi_trunc +kdpp_string conc 0.155 robust 0.964 eff 0.879
  ehvi_trunc +kdpp_corum  conc 0.255 robust 0.964 eff 0.857
  ehvi_safe  +none        conc 0.895 robust 0.670 eff 0.945
  ehvi_safe  +kdpp_string conc 0.283 robust 0.958 eff 0.820
  ehvi_safe  +kdpp_corum  conc 0.278 robust 0.957 eff 0.903

=== [aggregate toxicity] 1 lines x 2 seeds (mean +/- 95% CI) ===
[A: safety vs efficacy]
  greedy       eff 2.075+/-0.411  tox 0.985+/-0.019
  trunc_known  eff 0.328+/-0.094  tox 0.106+/-0.018
  trunc_pred   eff 0.633+/-0.106  tox 0.505+/-0.123
  greedy_safe  eff 0.926+/-0.369  tox 0.647+/-0.099
  ehvi         eff 2.152+/-0.137  tox 0.909+/-0.054
  ehvi_pareto  eff 1.883+/-0.918  tox 0.836+/-0.005
  ehvi_trunc   eff 0.565+/-0.706  tox 0.387+/-0.477
  ehvi_safe    eff 0.889+/-0.333  tox 0.598+/-0.127
  known_safe   eff 0.457+/-0.091  tox 0.200+/-0.001
  random       eff 1.277+/-0.584  tox 0.726+/-0.283
  cluster      eff 0.808+/-0.090  tox 0.536+/-0.066
  info_div     eff 1.771+/-0.229  tox 0.953+/-0.082
[B: diversity / robustness]
  trunc_pred +none        conc 0.286 robust 0.951 eff 0.640
  trunc_pred +kdpp_string conc 0.121 robust 0.972 eff 0.460
  trunc_pred +kdpp_corum  conc 0.336 robust 0.924 eff 0.642
  greedy_safe+none        conc 0.171 robust 0.969 eff 0.694
  greedy_safe+kdpp_string conc 0.095 robust 0.967 eff 0.630
  greedy_safe+kdpp_corum  conc 0.085 robust 0.976 eff 0.792
  ehvi_trunc +none        conc 0.506 robust 0.938 eff 1.035
  ehvi_trunc +kdpp_string conc 0.134 robust 0.962 eff 0.943
  ehvi_trunc +kdpp_corum  conc 0.170 robust 0.951 eff 1.070
  ehvi_safe  +none        conc 0.475 robust 0.926 eff 0.699
  ehvi_safe  +kdpp_string conc 0.122 robust 0.954 eff 0.543
  ehvi_safe  +kdpp_corum  conc 0.178 robust 0.950 eff 0.578
run dir: res/runs_ablation/sweep_joint_20260616-213219/shard_2
SHARD DONE
