shard 8: line=ACH-000804 contrast=ACH-001360 node=braid-st-comp-48xl-11
joint multitask GP enabled for learned-safety methods (trunc_pred, ehvi)
Analysis A panel: 18531 genes (none); Analysis B panel: 5116 genes (data/processed/depmap/panel_5k.txt)
contrast-line candidates (best first): ['ACH-001360', 'ACH-000608', 'ACH-000934', 'ACH-002806', 'ACH-000571', 'ACH-000811', 'ACH-001422', 'ACH-001513', 'ACH-001194', 'ACH-003184']
using contrast line: ACH-001360
target lines (1): ['ACH-000804']
[ACH-000804] A=18420 genes, B=5044 genes
[ACH-000804] done (2 seeds x 2 tox-sources)

=== [contrast toxicity] 1 lines x 2 seeds (mean +/- 95% CI) ===
[A: safety vs efficacy]
  greedy       eff 1.127+/-1.206  tox 1.353+/-1.866
  trunc_known  eff 0.478+/-0.267  tox 0.125+/-0.020
  trunc_pred   eff 0.535+/-0.393  tox 0.526+/-0.747
  greedy_safe  eff 0.547+/-0.405  tox 0.199+/-0.131
  ehvi         eff 1.289+/-0.499  tox 0.848+/-0.632
  ehvi_pareto  eff 0.825+/-0.184  tox 0.107+/-0.105
  ehvi_trunc   eff 0.790+/-0.006  tox 0.135+/-0.061
  ehvi_safe    eff 0.832+/-0.259  tox 0.285+/-0.273
  known_safe   eff 0.594+/-0.502  tox 0.150+/-0.001
  random       eff 0.645+/-0.073  tox 0.456+/-0.051
  cluster      eff 0.701+/-0.077  tox 0.544+/-0.010
  info_div     eff 1.193+/-1.107  tox 1.418+/-1.646
[B: diversity / robustness]
  trunc_pred +none        conc 0.550 robust 0.817 eff 0.398
  trunc_pred +kdpp_string conc 0.188 robust 0.917 eff 0.184
  trunc_pred +kdpp_corum  conc 0.136 robust 0.937 eff 0.240
  greedy_safe+none        conc 0.776 robust 0.797 eff 0.843
  greedy_safe+kdpp_string conc 0.189 robust 0.932 eff 0.868
  greedy_safe+kdpp_corum  conc 0.114 robust 0.955 eff 0.826
  ehvi_trunc +none        conc 0.243 robust 0.951 eff 0.803
  ehvi_trunc +kdpp_string conc 0.125 robust 0.955 eff 0.715
  ehvi_trunc +kdpp_corum  conc 0.145 robust 0.956 eff 0.804
  ehvi_safe  +none        conc 0.587 robust 0.880 eff 0.912
  ehvi_safe  +kdpp_string conc 0.243 robust 0.952 eff 0.804
  ehvi_safe  +kdpp_corum  conc 0.167 robust 0.966 eff 0.817

=== [aggregate toxicity] 1 lines x 2 seeds (mean +/- 95% CI) ===
[A: safety vs efficacy]
  greedy       eff 1.127+/-1.206  tox 0.625+/-0.722
  trunc_known  eff 0.358+/-0.050  tox 0.167+/-0.139
  trunc_pred   eff 0.462+/-0.278  tox 0.327+/-0.414
  greedy_safe  eff 0.548+/-0.413  tox 0.353+/-0.465
  ehvi         eff 1.461+/-1.513  tox 0.626+/-0.489
  ehvi_pareto  eff 1.400+/-1.187  tox 0.639+/-0.204
  ehvi_trunc   eff 0.871+/-0.139  tox 0.623+/-0.015
  ehvi_safe    eff 1.241+/-0.505  tox 0.757+/-0.008
  known_safe   eff 0.712+/-0.742  tox 0.197+/-0.187
  random       eff 0.645+/-0.073  tox 0.358+/-0.059
  cluster      eff 0.701+/-0.077  tox 0.485+/-0.092
  info_div     eff 1.193+/-1.107  tox 0.674+/-0.562
[B: diversity / robustness]
  trunc_pred +none        conc 0.211 robust 0.936 eff 1.110
  trunc_pred +kdpp_string conc 0.204 robust 0.954 eff 0.827
  trunc_pred +kdpp_corum  conc 0.225 robust 0.948 eff 1.086
  greedy_safe+none        conc 0.553 robust 0.919 eff 0.596
  greedy_safe+kdpp_string conc 0.099 robust 0.946 eff 0.698
  greedy_safe+kdpp_corum  conc 0.127 robust 0.940 eff 0.685
  ehvi_trunc +none        conc 0.171 robust 0.927 eff 1.094
  ehvi_trunc +kdpp_string conc 0.115 robust 0.946 eff 0.820
  ehvi_trunc +kdpp_corum  conc 0.141 robust 0.941 eff 0.956
  ehvi_safe  +none        conc 0.531 robust 0.813 eff 0.739
  ehvi_safe  +kdpp_string conc 0.225 robust 0.935 eff 0.762
  ehvi_safe  +kdpp_corum  conc 0.225 robust 0.958 eff 0.705
run dir: res/runs_ablation/sweep_joint_20260616-213219/shard_8
SHARD DONE
