shard 11: line=ACH-001401 contrast=ACH-001360 node=braid-st-comp-48xl-14
joint multitask GP enabled for learned-safety methods (trunc_pred, ehvi)
Analysis A panel: 18531 genes (none); Analysis B panel: 5116 genes (data/processed/depmap/panel_5k.txt)
contrast-line candidates (best first): ['ACH-001360', 'ACH-000608', 'ACH-000934', 'ACH-002806', 'ACH-000571', 'ACH-000811', 'ACH-001422', 'ACH-001513', 'ACH-001194', 'ACH-003184']
using contrast line: ACH-001360
target lines (1): ['ACH-001401']
[ACH-001401] A=18420 genes, B=5044 genes
[ACH-001401] done (2 seeds x 2 tox-sources)

=== [contrast toxicity] 1 lines x 2 seeds (mean +/- 95% CI) ===
[A: safety vs efficacy]
  greedy       eff 1.528+/-0.592  tox 1.179+/-1.892
  trunc_known  eff 0.869+/-0.611  tox 0.112+/-0.009
  trunc_pred   eff 0.937+/-0.382  tox 0.489+/-0.544
  greedy_safe  eff 0.946+/-0.450  tox 0.192+/-0.103
  ehvi         eff 1.759+/-0.398  tox 1.686+/-0.494
  ehvi_pareto  eff 0.886+/-0.461  tox 0.060+/-0.033
  ehvi_trunc   eff 0.833+/-0.592  tox 0.225+/-0.215
  ehvi_safe    eff 1.128+/-0.019  tox 0.161+/-0.009
  known_safe   eff 1.344+/-0.358  tox 0.123+/-0.037
  random       eff 0.665+/-0.117  tox 0.460+/-0.019
  cluster      eff 0.872+/-0.089  tox 0.443+/-0.092
  info_div     eff 1.409+/-0.390  tox 1.224+/-0.271
[B: diversity / robustness]
  trunc_pred +none        conc 0.649 robust 0.782 eff 0.628
  trunc_pred +kdpp_string conc 0.162 robust 0.953 eff 0.256
  trunc_pred +kdpp_corum  conc 0.146 robust 0.949 eff 0.230
  greedy_safe+none        conc 0.739 robust 0.869 eff 1.178
  greedy_safe+kdpp_string conc 0.351 robust 0.939 eff 0.911
  greedy_safe+kdpp_corum  conc 0.279 robust 0.950 eff 1.092
  ehvi_trunc +none        conc 0.444 robust 0.918 eff 1.123
  ehvi_trunc +kdpp_string conc 0.113 robust 0.943 eff 1.020
  ehvi_trunc +kdpp_corum  conc 0.393 robust 0.940 eff 1.077
  ehvi_safe  +none        conc 0.340 robust 0.929 eff 1.049
  ehvi_safe  +kdpp_string conc 0.147 robust 0.959 eff 0.809
  ehvi_safe  +kdpp_corum  conc 0.251 robust 0.948 eff 0.938

=== [aggregate toxicity] 1 lines x 2 seeds (mean +/- 95% CI) ===
[A: safety vs efficacy]
  greedy       eff 1.528+/-0.592  tox 0.764+/-0.281
  trunc_known  eff 0.676+/-0.324  tox 0.258+/-0.148
  trunc_pred   eff 0.828+/-0.500  tox 0.478+/-0.354
  greedy_safe  eff 1.121+/-0.503  tox 0.618+/-0.010
  ehvi         eff 1.961+/-0.067  tox 0.873+/-0.122
  ehvi_pareto  eff 1.620+/-0.283  tox 0.710+/-0.170
  ehvi_trunc   eff 1.177+/-0.182  tox 0.631+/-0.101
  ehvi_safe    eff 0.987+/-0.071  tox 0.617+/-0.178
  known_safe   eff 1.160+/-0.502  tox 0.337+/-0.012
  random       eff 0.665+/-0.117  tox 0.333+/-0.071
  cluster      eff 0.872+/-0.089  tox 0.515+/-0.079
  info_div     eff 1.409+/-0.390  tox 0.740+/-0.214
[B: diversity / robustness]
  trunc_pred +none        conc 0.301 robust 0.941 eff 0.655
  trunc_pred +kdpp_string conc 0.168 robust 0.953 eff 0.821
  trunc_pred +kdpp_corum  conc 0.285 robust 0.949 eff 0.663
  greedy_safe+none        conc 0.510 robust 0.830 eff 0.749
  greedy_safe+kdpp_string conc 0.238 robust 0.972 eff 0.544
  greedy_safe+kdpp_corum  conc 0.196 robust 0.966 eff 0.862
  ehvi_trunc +none        conc 0.554 robust 0.896 eff 0.846
  ehvi_trunc +kdpp_string conc 0.161 robust 0.946 eff 0.820
  ehvi_trunc +kdpp_corum  conc 0.502 robust 0.926 eff 0.871
  ehvi_safe  +none        conc 0.350 robust 0.941 eff 0.824
  ehvi_safe  +kdpp_string conc 0.110 robust 0.952 eff 0.646
  ehvi_safe  +kdpp_corum  conc 0.175 robust 0.957 eff 0.709
run dir: res/runs_ablation/sweep_joint_20260616-213219/shard_11
SHARD DONE
