shard 4: line=ACH-000183 contrast=ACH-001360 node=braid-st-comp-48xl-4
joint multitask GP enabled for learned-safety methods (trunc_pred, ehvi)
Analysis A panel: 18531 genes (none); Analysis B panel: 5116 genes (data/processed/depmap/panel_5k.txt)
contrast-line candidates (best first): ['ACH-001360', 'ACH-000608', 'ACH-000934', 'ACH-002806', 'ACH-000571', 'ACH-000811', 'ACH-001422', 'ACH-001513', 'ACH-001194', 'ACH-003184']
using contrast line: ACH-001360
target lines (1): ['ACH-000183']
[ACH-000183] A=18435 genes, B=5056 genes
[ACH-000183] done (2 seeds x 2 tox-sources)

=== [contrast toxicity] 1 lines x 2 seeds (mean +/- 95% CI) ===
[A: safety vs efficacy]
  greedy       eff 1.979+/-0.297  tox 2.370+/-0.070
  trunc_known  eff 0.520+/-0.325  tox 0.130+/-0.008
  trunc_pred   eff 0.447+/-0.259  tox 0.261+/-0.308
  greedy_safe  eff 0.720+/-0.038  tox 0.424+/-0.040
  ehvi         eff 0.923+/-0.509  tox 0.949+/-0.810
  ehvi_pareto  eff 0.388+/-0.394  tox 0.120+/-0.278
  ehvi_trunc   eff 0.542+/-0.168  tox 0.440+/-0.099
  ehvi_safe    eff 1.011+/-0.140  tox 1.027+/-0.211
  known_safe   eff 1.536+/-0.160  tox 0.160+/-0.013
  random       eff 1.067+/-0.802  tox 1.055+/-1.512
  cluster      eff 1.005+/-0.376  tox 0.955+/-0.885
  info_div     eff 1.910+/-0.157  tox 2.285+/-0.049
[B: diversity / robustness]
  trunc_pred +none        conc 0.504 robust 0.916 eff 1.098
  trunc_pred +kdpp_string conc 0.122 robust 0.948 eff 0.618
  trunc_pred +kdpp_corum  conc 0.194 robust 0.947 eff 0.793
  greedy_safe+none        conc 0.174 robust 0.949 eff 1.080
  greedy_safe+kdpp_string conc 0.097 robust 0.960 eff 0.910
  greedy_safe+kdpp_corum  conc 0.200 robust 0.950 eff 1.086
  ehvi_trunc +none        conc 0.660 robust 0.896 eff 0.810
  ehvi_trunc +kdpp_string conc 0.256 robust 0.943 eff 0.677
  ehvi_trunc +kdpp_corum  conc 0.229 robust 0.944 eff 0.969
  ehvi_safe  +none        conc 0.286 robust 0.958 eff 1.019
  ehvi_safe  +kdpp_string conc 0.106 robust 0.963 eff 0.810
  ehvi_safe  +kdpp_corum  conc 0.146 robust 0.966 eff 1.054

=== [aggregate toxicity] 1 lines x 2 seeds (mean +/- 95% CI) ===
[A: safety vs efficacy]
  greedy       eff 1.979+/-0.297  tox 0.979+/-0.025
  trunc_known  eff 0.350+/-0.126  tox 0.115+/-0.039
  trunc_pred   eff 0.821+/-0.194  tox 0.498+/-0.111
  greedy_safe  eff 1.075+/-0.386  tox 0.689+/-0.141
  ehvi         eff 1.707+/-0.054  tox 0.935+/-0.047
  ehvi_pareto  eff 1.378+/-0.219  tox 0.771+/-0.244
  ehvi_trunc   eff 0.905+/-0.055  tox 0.551+/-0.052
  ehvi_safe    eff 0.484+/-0.439  tox 0.320+/-0.282
  known_safe   eff 1.049+/-0.910  tox 0.227+/-0.105
  random       eff 1.067+/-0.802  tox 0.615+/-0.475
  cluster      eff 1.005+/-0.376  tox 0.621+/-0.133
  info_div     eff 1.910+/-0.157  tox 0.977+/-0.027
[B: diversity / robustness]
  trunc_pred +none        conc 0.129 robust 0.946 eff 0.855
  trunc_pred +kdpp_string conc 0.085 robust 0.950 eff 0.784
  trunc_pred +kdpp_corum  conc 0.217 robust 0.960 eff 1.087
  greedy_safe+none        conc 0.237 robust 0.946 eff 0.888
  greedy_safe+kdpp_string conc 0.086 robust 0.959 eff 1.006
  greedy_safe+kdpp_corum  conc 0.153 robust 0.946 eff 0.860
  ehvi_trunc +none        conc 0.209 robust 0.946 eff 1.091
  ehvi_trunc +kdpp_string conc 0.066 robust 0.936 eff 0.762
  ehvi_trunc +kdpp_corum  conc 0.121 robust 0.944 eff 0.919
  ehvi_safe  +none        conc 0.215 robust 0.940 eff 0.863
  ehvi_safe  +kdpp_string conc 0.089 robust 0.958 eff 0.827
  ehvi_safe  +kdpp_corum  conc 0.186 robust 0.946 eff 0.808
run dir: res/runs_ablation/sweep_joint_20260616-213219/shard_4
SHARD DONE
