shard 6: line=ACH-000900 contrast=ACH-001360 node=braid-st-comp-48xl-6
joint multitask GP enabled for learned-safety methods (trunc_pred, ehvi)
Analysis A panel: 18531 genes (none); Analysis B panel: 5116 genes (data/processed/depmap/panel_5k.txt)
contrast-line candidates (best first): ['ACH-001360', 'ACH-000608', 'ACH-000934', 'ACH-002806', 'ACH-000571', 'ACH-000811', 'ACH-001422', 'ACH-001513', 'ACH-001194', 'ACH-003184']
using contrast line: ACH-001360
target lines (1): ['ACH-000900']
[ACH-000900] A=18433 genes, B=5056 genes
[ACH-000900] done (2 seeds x 2 tox-sources)

=== [contrast toxicity] 1 lines x 2 seeds (mean +/- 95% CI) ===
[A: safety vs efficacy]
  greedy       eff 2.065+/-1.846  tox 1.166+/-1.817
  trunc_known  eff 0.961+/-0.078  tox 0.074+/-0.085
  trunc_pred   eff 0.636+/-0.633  tox 0.304+/-0.236
  greedy_safe  eff 0.621+/-0.519  tox 0.234+/-0.011
  ehvi         eff 1.514+/-1.159  tox 0.834+/-1.281
  ehvi_pareto  eff 0.434+/-0.863  tox 0.006+/-0.167
  ehvi_trunc   eff 0.953+/-0.045  tox 0.517+/-0.785
  ehvi_safe    eff 0.773+/-0.193  tox 0.129+/-0.109
  known_safe   eff 1.172+/-0.247  tox 0.114+/-0.038
  random       eff 1.422+/-1.211  tox 1.150+/-0.952
  cluster      eff 1.114+/-0.412  tox 1.035+/-1.178
  info_div     eff 2.804+/-0.257  tox 2.033+/-0.129
[B: diversity / robustness]
  trunc_pred +none        conc 0.254 robust 0.929 eff 0.730
  trunc_pred +kdpp_string conc 0.153 robust 0.949 eff 0.431
  trunc_pred +kdpp_corum  conc 0.267 robust 0.938 eff 0.513
  greedy_safe+none        conc 0.484 robust 0.895 eff 0.927
  greedy_safe+kdpp_string conc 0.183 robust 0.957 eff 0.843
  greedy_safe+kdpp_corum  conc 0.220 robust 0.960 eff 0.927
  ehvi_trunc +none        conc 0.701 robust 0.848 eff 0.802
  ehvi_trunc +kdpp_string conc 0.290 robust 0.959 eff 0.680
  ehvi_trunc +kdpp_corum  conc 0.308 robust 0.957 eff 0.716
  ehvi_safe  +none        conc 0.534 robust 0.925 eff 1.012
  ehvi_safe  +kdpp_string conc 0.115 robust 0.969 eff 0.910
  ehvi_safe  +kdpp_corum  conc 0.216 robust 0.962 eff 1.023

=== [aggregate toxicity] 1 lines x 2 seeds (mean +/- 95% CI) ===
[A: safety vs efficacy]
  greedy       eff 2.065+/-1.846  tox 0.762+/-0.210
  trunc_known  eff 0.767+/-0.452  tox 0.194+/-0.128
  trunc_pred   eff 0.739+/-0.423  tox 0.412+/-0.218
  greedy_safe  eff 0.664+/-0.354  tox 0.389+/-0.225
  ehvi         eff 2.237+/-0.088  tox 0.833+/-0.051
  ehvi_pareto  eff 1.725+/-0.222  tox 0.591+/-0.018
  ehvi_trunc   eff 0.925+/-0.402  tox 0.553+/-0.223
  ehvi_safe    eff 1.014+/-0.110  tox 0.627+/-0.108
  known_safe   eff 1.370+/-0.329  tox 0.262+/-0.134
  random       eff 1.422+/-1.211  tox 0.629+/-0.396
  cluster      eff 1.114+/-0.412  tox 0.664+/-0.227
  info_div     eff 2.804+/-0.257  tox 0.886+/-0.010
[B: diversity / robustness]
  trunc_pred +none        conc 0.254 robust 0.942 eff 1.011
  trunc_pred +kdpp_string conc 0.193 robust 0.961 eff 0.770
  trunc_pred +kdpp_corum  conc 0.252 robust 0.948 eff 1.091
  greedy_safe+none        conc 0.563 robust 0.853 eff 1.093
  greedy_safe+kdpp_string conc 0.129 robust 0.959 eff 0.893
  greedy_safe+kdpp_corum  conc 0.167 robust 0.956 eff 1.122
  ehvi_trunc +none        conc 0.520 robust 0.882 eff 0.631
  ehvi_trunc +kdpp_string conc 0.215 robust 0.958 eff 0.545
  ehvi_trunc +kdpp_corum  conc 0.113 robust 0.958 eff 0.696
  ehvi_safe  +none        conc 0.421 robust 0.887 eff 1.168
  ehvi_safe  +kdpp_string conc 0.196 robust 0.958 eff 0.704
  ehvi_safe  +kdpp_corum  conc 0.236 robust 0.939 eff 0.836
run dir: res/runs_ablation/sweep_joint_20260616-213219/shard_6
SHARD DONE
