shard 0: line=ACH-000696 contrast=ACH-001360 node=braid-st-comp-48xl-9
joint multitask GP enabled for learned-safety methods (trunc_pred, ehvi)
Analysis A panel: 18531 genes (none); Analysis B panel: 5116 genes (data/processed/depmap/panel_5k.txt)
contrast-line candidates (best first): ['ACH-001360', 'ACH-000608', 'ACH-000934', 'ACH-002806', 'ACH-000571', 'ACH-000811', 'ACH-001422', 'ACH-001513', 'ACH-001194', 'ACH-003184']
using contrast line: ACH-001360
target lines (1): ['ACH-000696']
[ACH-000696] A=18513 genes, B=5113 genes
[ACH-000696] done (2 seeds x 2 tox-sources)

=== [contrast toxicity] 1 lines x 2 seeds (mean +/- 95% CI) ===
[A: safety vs efficacy]
  greedy       eff 2.073+/-1.979  tox 1.200+/-1.945
  trunc_known  eff 1.103+/-0.098  tox 0.119+/-0.124
  trunc_pred   eff 0.636+/-0.851  tox 0.136+/-0.150
  greedy_safe  eff 1.026+/-0.086  tox 0.573+/-0.706
  ehvi         eff 2.036+/-0.085  tox 1.545+/-0.014
  ehvi_pareto  eff 1.568+/-0.913  tox 0.796+/-1.221
  ehvi_trunc   eff 0.758+/-0.411  tox 0.279+/-0.243
  ehvi_safe    eff 1.016+/-0.002  tox 0.335+/-0.307
  known_safe   eff 1.333+/-0.568  tox 0.146+/-0.072
  random       eff 1.204+/-0.103  tox 0.881+/-0.404
  cluster      eff 1.483+/-1.052  tox 0.873+/-1.044
  info_div     eff 1.323+/-0.504  tox 0.552+/-0.675
[B: diversity / robustness]
  trunc_pred +none        conc 0.309 robust 0.921 eff 0.316
  trunc_pred +kdpp_string conc 0.321 robust 0.928 eff 0.282
  trunc_pred +kdpp_corum  conc 0.312 robust 0.943 eff 0.270
  greedy_safe+none        conc 0.182 robust 0.956 eff 0.957
  greedy_safe+kdpp_string conc 0.112 robust 0.944 eff 0.742
  greedy_safe+kdpp_corum  conc 0.104 robust 0.953 eff 0.918
  ehvi_trunc +none        conc 0.216 robust 0.945 eff 0.767
  ehvi_trunc +kdpp_string conc 0.084 robust 0.951 eff 0.688
  ehvi_trunc +kdpp_corum  conc 0.155 robust 0.942 eff 0.801
  ehvi_safe  +none        conc 0.134 robust 0.960 eff 0.809
  ehvi_safe  +kdpp_string conc 0.121 robust 0.978 eff 0.543
  ehvi_safe  +kdpp_corum  conc 0.143 robust 0.970 eff 0.645

=== [aggregate toxicity] 1 lines x 2 seeds (mean +/- 95% CI) ===
[A: safety vs efficacy]
  greedy       eff 2.073+/-1.979  tox 0.781+/-0.182
  trunc_known  eff 0.875+/-0.322  tox 0.266+/-0.141
  trunc_pred   eff 0.536+/-0.323  tox 0.232+/-0.281
  greedy_safe  eff 0.540+/-0.332  tox 0.248+/-0.263
  ehvi         eff 1.692+/-1.408  tox 0.686+/-0.226
  ehvi_pareto  eff 1.571+/-1.186  tox 0.671+/-0.247
  ehvi_trunc   eff 0.944+/-0.784  tox 0.533+/-0.464
  ehvi_safe    eff 0.959+/-0.010  tox 0.526+/-0.003
  known_safe   eff 1.384+/-0.010  tox 0.329+/-0.059
  random       eff 1.204+/-0.103  tox 0.651+/-0.096
  cluster      eff 1.483+/-1.052  tox 0.701+/-0.201
  info_div     eff 1.323+/-0.504  tox 0.687+/-0.006
[B: diversity / robustness]
  trunc_pred +none        conc 0.149 robust 0.958 eff 0.720
  trunc_pred +kdpp_string conc 0.094 robust 0.956 eff 0.643
  trunc_pred +kdpp_corum  conc 0.248 robust 0.954 eff 0.786
  greedy_safe+none        conc 0.253 robust 0.942 eff 1.441
  greedy_safe+kdpp_string conc 0.096 robust 0.966 eff 1.233
  greedy_safe+kdpp_corum  conc 0.242 robust 0.946 eff 1.462
  ehvi_trunc +none        conc 0.291 robust 0.948 eff 1.102
  ehvi_trunc +kdpp_string conc 0.139 robust 0.963 eff 1.044
  ehvi_trunc +kdpp_corum  conc 0.216 robust 0.951 eff 1.139
  ehvi_safe  +none        conc 0.216 robust 0.954 eff 1.176
  ehvi_safe  +kdpp_string conc 0.114 robust 0.958 eff 1.087
  ehvi_safe  +kdpp_corum  conc 0.158 robust 0.949 eff 1.105
run dir: res/runs_ablation/sweep_joint_20260616-213219/shard_0
SHARD DONE
