shard 10: line=ACH-000583 contrast=ACH-001360 node=braid-st-comp-48xl-13
joint multitask GP enabled for learned-safety methods (trunc_pred, ehvi)
Analysis A panel: 18531 genes (none); Analysis B panel: 5116 genes (data/processed/depmap/panel_5k.txt)
contrast-line candidates (best first): ['ACH-001360', 'ACH-000608', 'ACH-000934', 'ACH-002806', 'ACH-000571', 'ACH-000811', 'ACH-001422', 'ACH-001513', 'ACH-001194', 'ACH-003184']
using contrast line: ACH-001360
target lines (1): ['ACH-000583']
[ACH-000583] A=18420 genes, B=5044 genes
[ACH-000583] done (2 seeds x 2 tox-sources)

=== [contrast toxicity] 1 lines x 2 seeds (mean +/- 95% CI) ===
[A: safety vs efficacy]
  greedy       eff 0.955+/-0.693  tox 0.576+/-0.155
  trunc_known  eff 0.700+/-0.699  tox 0.130+/-0.032
  trunc_pred   eff 0.691+/-0.915  tox 0.148+/-0.016
  greedy_safe  eff 0.765+/-0.973  tox 0.171+/-0.018
  ehvi         eff 1.301+/-0.121  tox 0.324+/-0.041
  ehvi_pareto  eff 1.231+/-0.036  tox 0.091+/-0.121
  ehvi_trunc   eff 1.233+/-0.078  tox 0.137+/-0.034
  ehvi_safe    eff 1.196+/-0.117  tox 0.137+/-0.096
  known_safe   eff 0.735+/-0.751  tox 0.126+/-0.056
  random       eff 0.692+/-0.096  tox 0.446+/-0.062
  cluster      eff 0.928+/-0.026  tox 0.455+/-0.137
  info_div     eff 1.781+/-0.173  tox 1.964+/-0.155
[B: diversity / robustness]
  trunc_pred +none        conc 0.352 robust 0.962 eff 0.615
  trunc_pred +kdpp_string conc 0.127 robust 0.959 eff 0.375
  trunc_pred +kdpp_corum  conc 0.175 robust 0.960 eff 0.454
  greedy_safe+none        conc 0.484 robust 0.885 eff 1.119
  greedy_safe+kdpp_string conc 0.095 robust 0.957 eff 0.985
  greedy_safe+kdpp_corum  conc 0.163 robust 0.953 eff 1.076
  ehvi_trunc +none        conc 0.310 robust 0.949 eff 1.316
  ehvi_trunc +kdpp_string conc 0.088 robust 0.967 eff 1.113
  ehvi_trunc +kdpp_corum  conc 0.254 robust 0.963 eff 1.326
  ehvi_safe  +none        conc 0.540 robust 0.939 eff 1.128
  ehvi_safe  +kdpp_string conc 0.264 robust 0.965 eff 0.899
  ehvi_safe  +kdpp_corum  conc 0.282 robust 0.962 eff 1.050

=== [aggregate toxicity] 1 lines x 2 seeds (mean +/- 95% CI) ===
[A: safety vs efficacy]
  greedy       eff 0.955+/-0.693  tox 0.541+/-0.397
  trunc_known  eff 0.415+/-0.162  tox 0.142+/-0.075
  trunc_pred   eff 0.286+/-0.070  tox 0.174+/-0.069
  greedy_safe  eff 0.301+/-0.047  tox 0.183+/-0.042
  ehvi         eff 1.336+/-0.089  tox 0.680+/-0.018
  ehvi_pareto  eff 1.104+/-0.000  tox 0.492+/-0.044
  ehvi_trunc   eff 0.803+/-0.045  tox 0.345+/-0.072
  ehvi_safe    eff 0.608+/-0.538  tox 0.268+/-0.282
  known_safe   eff 0.684+/-0.674  tox 0.218+/-0.224
  random       eff 0.692+/-0.096  tox 0.345+/-0.089
  cluster      eff 0.928+/-0.026  tox 0.544+/-0.055
  info_div     eff 1.781+/-0.173  tox 0.888+/-0.006
[B: diversity / robustness]
  trunc_pred +none        conc 0.201 robust 0.960 eff 0.859
  trunc_pred +kdpp_string conc 0.139 robust 0.959 eff 0.502
  trunc_pred +kdpp_corum  conc 0.247 robust 0.946 eff 1.018
  greedy_safe+none        conc 0.269 robust 0.954 eff 1.069
  greedy_safe+kdpp_string conc 0.096 robust 0.959 eff 0.876
  greedy_safe+kdpp_corum  conc 0.205 robust 0.961 eff 1.066
  ehvi_trunc +none        conc 0.227 robust 0.952 eff 0.999
  ehvi_trunc +kdpp_string conc 0.145 robust 0.958 eff 0.950
  ehvi_trunc +kdpp_corum  conc 0.202 robust 0.958 eff 0.964
  ehvi_safe  +none        conc 0.389 robust 0.948 eff 0.911
  ehvi_safe  +kdpp_string conc 0.139 robust 0.953 eff 0.727
  ehvi_safe  +kdpp_corum  conc 0.279 robust 0.956 eff 0.895
run dir: res/runs_ablation/sweep_joint_20260616-213219/shard_10
SHARD DONE
