shard 9: line=ACH-001054 contrast=ACH-001360 node=braid-st-comp-48xl-12
joint multitask GP enabled for learned-safety methods (trunc_pred, ehvi)
Analysis A panel: 18531 genes (none); Analysis B panel: 5116 genes (data/processed/depmap/panel_5k.txt)
contrast-line candidates (best first): ['ACH-001360', 'ACH-000608', 'ACH-000934', 'ACH-002806', 'ACH-000571', 'ACH-000811', 'ACH-001422', 'ACH-001513', 'ACH-001194', 'ACH-003184']
using contrast line: ACH-001360
target lines (1): ['ACH-001054']
[ACH-001054] A=18420 genes, B=5044 genes
[ACH-001054] done (2 seeds x 2 tox-sources)

=== [contrast toxicity] 1 lines x 2 seeds (mean +/- 95% CI) ===
[A: safety vs efficacy]
  greedy       eff 2.183+/-0.020  tox 2.388+/-0.279
  trunc_known  eff 0.974+/-0.732  tox 0.106+/-0.046
  trunc_pred   eff 0.644+/-0.231  tox 0.288+/-0.363
  greedy_safe  eff 0.892+/-0.128  tox 0.250+/-0.252
  ehvi         eff 0.988+/-0.201  tox 0.403+/-0.157
  ehvi_pareto  eff 0.875+/-0.030  tox 0.080+/-0.054
  ehvi_trunc   eff 0.831+/-0.108  tox 0.121+/-0.105
  ehvi_safe    eff 0.946+/-0.141  tox 0.286+/-0.110
  known_safe   eff 0.833+/-0.049  tox 0.133+/-0.053
  random       eff 0.620+/-0.045  tox 0.484+/-0.032
  cluster      eff 0.766+/-0.066  tox 0.471+/-0.051
  info_div     eff 2.008+/-0.160  tox 2.437+/-0.225
[B: diversity / robustness]
  trunc_pred +none        conc 0.446 robust 0.950 eff 0.460
  trunc_pred +kdpp_string conc 0.138 robust 0.942 eff 0.239
  trunc_pred +kdpp_corum  conc 0.127 robust 0.953 eff 0.257
  greedy_safe+none        conc 0.385 robust 0.916 eff 0.763
  greedy_safe+kdpp_string conc 0.198 robust 0.952 eff 0.825
  greedy_safe+kdpp_corum  conc 0.108 robust 0.954 eff 0.894
  ehvi_trunc +none        conc 0.267 robust 0.958 eff 1.043
  ehvi_trunc +kdpp_string conc 0.150 robust 0.958 eff 0.851
  ehvi_trunc +kdpp_corum  conc 0.282 robust 0.962 eff 1.030
  ehvi_safe  +none        conc 0.820 robust 0.804 eff 1.139
  ehvi_safe  +kdpp_string conc 0.205 robust 0.960 eff 0.797
  ehvi_safe  +kdpp_corum  conc 0.256 robust 0.951 eff 1.026

=== [aggregate toxicity] 1 lines x 2 seeds (mean +/- 95% CI) ===
[A: safety vs efficacy]
  greedy       eff 2.183+/-0.020  tox 0.940+/-0.006
  trunc_known  eff 0.863+/-0.639  tox 0.206+/-0.136
  trunc_pred   eff 1.144+/-0.626  tox 0.680+/-0.203
  greedy_safe  eff 0.975+/-0.224  tox 0.641+/-0.034
  ehvi         eff 1.975+/-0.401  tox 0.910+/-0.118
  ehvi_pareto  eff 1.737+/-1.043  tox 0.717+/-0.167
  ehvi_trunc   eff 0.826+/-0.136  tox 0.499+/-0.018
  ehvi_safe    eff 1.102+/-1.037  tox 0.611+/-0.359
  known_safe   eff 0.853+/-0.833  tox 0.204+/-0.105
  random       eff 0.620+/-0.045  tox 0.355+/-0.080
  cluster      eff 0.766+/-0.066  tox 0.530+/-0.000
  info_div     eff 2.008+/-0.160  tox 0.926+/-0.136
[B: diversity / robustness]
  trunc_pred +none        conc 0.277 robust 0.947 eff 0.746
  trunc_pred +kdpp_string conc 0.114 robust 0.962 eff 0.743
  trunc_pred +kdpp_corum  conc 0.216 robust 0.953 eff 0.775
  greedy_safe+none        conc 0.191 robust 0.933 eff 0.791
  greedy_safe+kdpp_string conc 0.130 robust 0.943 eff 0.721
  greedy_safe+kdpp_corum  conc 0.164 robust 0.940 eff 0.731
  ehvi_trunc +none        conc 0.138 robust 0.941 eff 1.096
  ehvi_trunc +kdpp_string conc 0.096 robust 0.943 eff 0.877
  ehvi_trunc +kdpp_corum  conc 0.134 robust 0.942 eff 0.963
  ehvi_safe  +none        conc 0.517 robust 0.902 eff 1.181
  ehvi_safe  +kdpp_string conc 0.110 robust 0.963 eff 0.880
  ehvi_safe  +kdpp_corum  conc 0.281 robust 0.933 eff 0.879
run dir: res/runs_ablation/sweep_joint_20260616-213219/shard_9
SHARD DONE
