shard 3: line=ACH-000067 contrast=ACH-001360 node=braid-st-comp-48xl-3
joint multitask GP enabled for learned-safety methods (trunc_pred, ehvi)
Analysis A panel: 18531 genes (none); Analysis B panel: 5116 genes (data/processed/depmap/panel_5k.txt)
contrast-line candidates (best first): ['ACH-001360', 'ACH-000608', 'ACH-000934', 'ACH-002806', 'ACH-000571', 'ACH-000811', 'ACH-001422', 'ACH-001513', 'ACH-001194', 'ACH-003184']
using contrast line: ACH-001360
target lines (1): ['ACH-000067']
[ACH-000067] A=18435 genes, B=5056 genes
[ACH-000067] done (2 seeds x 2 tox-sources)

=== [contrast toxicity] 1 lines x 2 seeds (mean +/- 95% CI) ===
[A: safety vs efficacy]
  greedy       eff 2.068+/-0.214  tox 2.441+/-0.155
  trunc_known  eff 0.464+/-0.281  tox 0.125+/-0.028
  trunc_pred   eff 0.364+/-0.209  tox 0.276+/-0.223
  greedy_safe  eff 0.605+/-0.157  tox 0.510+/-0.261
  ehvi         eff 2.318+/-0.179  tox 1.742+/-0.307
  ehvi_pareto  eff 1.263+/-1.705  tox 0.670+/-1.086
  ehvi_trunc   eff 0.655+/-0.485  tox 0.551+/-0.522
  ehvi_safe    eff 0.746+/-0.033  tox 0.479+/-0.244
  known_safe   eff 1.062+/-1.092  tox 0.194+/-0.026
  random       eff 1.359+/-0.737  tox 1.298+/-1.147
  cluster      eff 0.833+/-0.145  tox 0.746+/-0.316
  info_div     eff 1.925+/-0.462  tox 2.063+/-0.477
[B: diversity / robustness]
  trunc_pred +none        conc 0.255 robust 0.953 eff 0.377
  trunc_pred +kdpp_string conc 0.122 robust 0.955 eff 0.324
  trunc_pred +kdpp_corum  conc 0.119 robust 0.957 eff 0.419
  greedy_safe+none        conc 0.127 robust 0.966 eff 0.661
  greedy_safe+kdpp_string conc 0.063 robust 0.957 eff 0.533
  greedy_safe+kdpp_corum  conc 0.134 robust 0.963 eff 0.597
  ehvi_trunc +none        conc 0.160 robust 0.967 eff 0.635
  ehvi_trunc +kdpp_string conc 0.115 robust 0.964 eff 0.499
  ehvi_trunc +kdpp_corum  conc 0.188 robust 0.961 eff 0.536
  ehvi_safe  +none        conc 0.181 robust 0.966 eff 0.684
  ehvi_safe  +kdpp_string conc 0.118 robust 0.962 eff 0.524
  ehvi_safe  +kdpp_corum  conc 0.096 robust 0.952 eff 0.689

=== [aggregate toxicity] 1 lines x 2 seeds (mean +/- 95% CI) ===
[A: safety vs efficacy]
  greedy       eff 2.068+/-0.214  tox 0.976+/-0.029
  trunc_known  eff 0.348+/-0.169  tox 0.131+/-0.028
  trunc_pred   eff 1.075+/-0.964  tox 0.588+/-0.378
  greedy_safe  eff 0.770+/-0.574  tox 0.541+/-0.364
  ehvi         eff 2.420+/-0.052  tox 0.868+/-0.083
  ehvi_pareto  eff 2.341+/-0.025  tox 0.805+/-0.109
  ehvi_trunc   eff 0.951+/-0.300  tox 0.571+/-0.160
  ehvi_safe    eff 0.919+/-0.009  tox 0.590+/-0.036
  known_safe   eff 0.800+/-0.775  tox 0.209+/-0.076
  random       eff 1.359+/-0.737  tox 0.781+/-0.150
  cluster      eff 0.833+/-0.145  tox 0.519+/-0.003
  info_div     eff 1.925+/-0.462  tox 0.951+/-0.024
[B: diversity / robustness]
  trunc_pred +none        conc 0.304 robust 0.943 eff 1.004
  trunc_pred +kdpp_string conc 0.160 robust 0.959 eff 0.873
  trunc_pred +kdpp_corum  conc 0.216 robust 0.953 eff 0.981
  greedy_safe+none        conc 0.128 robust 0.946 eff 0.798
  greedy_safe+kdpp_string conc 0.057 robust 0.949 eff 0.796
  greedy_safe+kdpp_corum  conc 0.114 robust 0.957 eff 0.787
  ehvi_trunc +none        conc 0.150 robust 0.954 eff 0.783
  ehvi_trunc +kdpp_string conc 0.103 robust 0.941 eff 0.657
  ehvi_trunc +kdpp_corum  conc 0.121 robust 0.957 eff 0.783
  ehvi_safe  +none        conc 0.098 robust 0.959 eff 0.662
  ehvi_safe  +kdpp_string conc 0.066 robust 0.973 eff 0.416
  ehvi_safe  +kdpp_corum  conc 0.086 robust 0.946 eff 0.661
run dir: res/runs_ablation/sweep_joint_20260616-213219/shard_3
SHARD DONE
