shard 5: line=ACH-000527 contrast=ACH-001360 node=braid-st-comp-48xl-5
joint multitask GP enabled for learned-safety methods (trunc_pred, ehvi)
Analysis A panel: 18531 genes (none); Analysis B panel: 5116 genes (data/processed/depmap/panel_5k.txt)
contrast-line candidates (best first): ['ACH-001360', 'ACH-000608', 'ACH-000934', 'ACH-002806', 'ACH-000571', 'ACH-000811', 'ACH-001422', 'ACH-001513', 'ACH-001194', 'ACH-003184']
using contrast line: ACH-001360
target lines (1): ['ACH-000527']
[ACH-000527] A=18435 genes, B=5056 genes
[ACH-000527] done (2 seeds x 2 tox-sources)

=== [contrast toxicity] 1 lines x 2 seeds (mean +/- 95% CI) ===
[A: safety vs efficacy]
  greedy       eff 2.274+/-0.138  tox 2.518+/-0.138
  trunc_known  eff 0.627+/-0.031  tox 0.179+/-0.010
  trunc_pred   eff 0.626+/-0.432  tox 0.399+/-0.409
  greedy_safe  eff 0.946+/-0.085  tox 0.585+/-0.025
  ehvi         eff 1.389+/-1.825  tox 1.191+/-1.608
  ehvi_pareto  eff 0.508+/-0.658  tox 0.154+/-0.202
  ehvi_trunc   eff 0.695+/-0.317  tox 0.672+/-0.455
  ehvi_safe    eff 0.600+/-0.469  tox 0.529+/-0.621
  known_safe   eff 1.240+/-1.116  tox 0.181+/-0.005
  random       eff 1.341+/-0.897  tox 1.274+/-1.145
  cluster      eff 0.904+/-0.096  tox 0.664+/-0.331
  info_div     eff 2.209+/-0.129  tox 2.481+/-0.002
[B: diversity / robustness]
  trunc_pred +none        conc 0.229 robust 0.964 eff 0.460
  trunc_pred +kdpp_string conc 0.122 robust 0.967 eff 0.423
  trunc_pred +kdpp_corum  conc 0.133 robust 0.963 eff 0.408
  greedy_safe+none        conc 0.249 robust 0.949 eff 0.915
  greedy_safe+kdpp_string conc 0.089 robust 0.959 eff 0.737
  greedy_safe+kdpp_corum  conc 0.098 robust 0.959 eff 0.802
  ehvi_trunc +none        conc 0.429 robust 0.923 eff 0.924
  ehvi_trunc +kdpp_string conc 0.110 robust 0.964 eff 0.731
  ehvi_trunc +kdpp_corum  conc 0.253 robust 0.948 eff 0.890
  ehvi_safe  +none        conc 0.190 robust 0.960 eff 0.778
  ehvi_safe  +kdpp_string conc 0.208 robust 0.959 eff 0.763
  ehvi_safe  +kdpp_corum  conc 0.170 robust 0.962 eff 0.723

=== [aggregate toxicity] 1 lines x 2 seeds (mean +/- 95% CI) ===
[A: safety vs efficacy]
  greedy       eff 2.274+/-0.138  tox 0.967+/-0.009
  trunc_known  eff 0.517+/-0.026  tox 0.129+/-0.041
  trunc_pred   eff 1.144+/-0.595  tox 0.554+/-0.347
  greedy_safe  eff 0.914+/-0.657  tox 0.539+/-0.283
  ehvi         eff 2.109+/-0.411  tox 0.965+/-0.015
  ehvi_pareto  eff 1.742+/-0.292  tox 0.892+/-0.041
  ehvi_trunc   eff 0.935+/-1.432  tox 0.448+/-0.676
  ehvi_safe    eff 0.733+/-0.418  tox 0.474+/-0.198
  known_safe   eff 1.004+/-0.807  tox 0.230+/-0.086
  random       eff 1.341+/-0.897  tox 0.738+/-0.293
  cluster      eff 0.904+/-0.096  tox 0.539+/-0.015
  info_div     eff 2.209+/-0.129  tox 0.984+/-0.018
[B: diversity / robustness]
  trunc_pred +none        conc 0.260 robust 0.949 eff 0.834
  trunc_pred +kdpp_string conc 0.144 robust 0.963 eff 1.031
  trunc_pred +kdpp_corum  conc 0.277 robust 0.952 eff 0.783
  greedy_safe+none        conc 0.163 robust 0.953 eff 0.895
  greedy_safe+kdpp_string conc 0.121 robust 0.950 eff 0.756
  greedy_safe+kdpp_corum  conc 0.129 robust 0.957 eff 0.807
  ehvi_trunc +none        conc 0.278 robust 0.933 eff 0.804
  ehvi_trunc +kdpp_string conc 0.156 robust 0.947 eff 0.696
  ehvi_trunc +kdpp_corum  conc 0.133 robust 0.941 eff 0.788
  ehvi_safe  +none        conc 0.185 robust 0.946 eff 0.922
  ehvi_safe  +kdpp_string conc 0.121 robust 0.953 eff 0.711
  ehvi_safe  +kdpp_corum  conc 0.180 robust 0.954 eff 0.884
run dir: res/runs_ablation/sweep_joint_20260616-213219/shard_5
SHARD DONE
