shard 8: line=ACH-000804 contrast=ACH-001360 node=braid-st-comp-48xl-10
Analysis A panel: 18531 genes (none); Analysis B panel: 5116 genes (data/processed/depmap/panel_5k.txt)
contrast-line candidates (best first): ['ACH-001360', 'ACH-000608', 'ACH-000934', 'ACH-002806', 'ACH-000571', 'ACH-000811', 'ACH-001422', 'ACH-001513', 'ACH-001194', 'ACH-003184']
using contrast line: ACH-001360
target lines (1): ['ACH-000804']
[ACH-000804] A=18420 genes, B=5044 genes
[ACH-000804] done (2 seeds x 2 tox-sources)

=== [contrast toxicity] 1 lines x 2 seeds (mean +/- 95% CI) ===
[A: safety vs efficacy]
  greedy       eff 1.127+/-1.206  tox 1.353+/-1.866
  trunc_known  eff 0.478+/-0.267  tox 0.125+/-0.020
  trunc_pred   eff 0.481+/-0.275  tox 0.140+/-0.048
  greedy_safe  eff 0.544+/-0.398  tox 0.115+/-0.000
  ehvi         eff 1.361+/-1.762  tox 1.160+/-1.627
  ehvi_pareto  eff 0.653+/-1.071  tox 0.185+/-0.443
  ehvi_trunc   eff 0.614+/-0.565  tox 0.144+/-0.041
  ehvi_safe    eff 0.596+/-0.532  tox 0.237+/-0.225
  known_safe   eff 0.594+/-0.502  tox 0.150+/-0.001
  random       eff 0.645+/-0.073  tox 0.456+/-0.051
  cluster      eff 0.701+/-0.077  tox 0.544+/-0.010
  info_div     eff 1.193+/-1.107  tox 1.418+/-1.646
[B: diversity / robustness]
  greedy     +none        conc 0.967 robust 0.682 eff 2.951
  greedy     +kdpp_string conc 0.158 robust 0.957 eff 1.103
  greedy     +kdpp_corum  conc 0.761 robust 0.875 eff 1.945
  ehvi       +none        conc 0.823 robust 0.818 eff 2.152
  ehvi       +kdpp_string conc 0.200 robust 0.953 eff 1.099
  ehvi       +kdpp_corum  conc 0.525 robust 0.910 eff 1.778
  trunc_pred +none        conc 0.536 robust 0.900 eff 0.893
  trunc_pred +kdpp_string conc 0.155 robust 0.940 eff 0.433
  trunc_pred +kdpp_corum  conc 0.417 robust 0.939 eff 0.776
  greedy_safe+none        conc 0.662 robust 0.908 eff 0.870
  greedy_safe+kdpp_string conc 0.267 robust 0.952 eff 0.697
  greedy_safe+kdpp_corum  conc 0.188 robust 0.954 eff 0.832
  ehvi_trunc +none        conc 0.610 robust 0.936 eff 0.881
  ehvi_trunc +kdpp_string conc 0.104 robust 0.959 eff 0.798
  ehvi_trunc +kdpp_corum  conc 0.122 robust 0.953 eff 0.836
  ehvi_safe  +none        conc 0.581 robust 0.941 eff 0.802
  ehvi_safe  +kdpp_string conc 0.203 robust 0.960 eff 0.684
  ehvi_safe  +kdpp_corum  conc 0.178 robust 0.961 eff 0.764

=== [aggregate toxicity] 1 lines x 2 seeds (mean +/- 95% CI) ===
[A: safety vs efficacy]
  greedy       eff 1.127+/-1.206  tox 0.625+/-0.722
  trunc_known  eff 0.358+/-0.050  tox 0.167+/-0.139
  trunc_pred   eff 0.475+/-0.214  tox 0.302+/-0.307
  greedy_safe  eff 0.533+/-0.352  tox 0.329+/-0.380
  ehvi         eff 0.427+/-0.049  tox 0.193+/-0.080
  ehvi_pareto  eff 0.244+/-0.093  tox 0.026+/-0.015
  ehvi_trunc   eff 0.307+/-0.021  tox 0.077+/-0.018
  ehvi_safe    eff 0.307+/-0.021  tox 0.077+/-0.018
  known_safe   eff 0.712+/-0.742  tox 0.197+/-0.187
  random       eff 0.645+/-0.073  tox 0.358+/-0.059
  cluster      eff 0.701+/-0.077  tox 0.485+/-0.092
  info_div     eff 1.193+/-1.107  tox 0.674+/-0.562
[B: diversity / robustness]
  greedy     +none        conc 0.967 robust 0.682 eff 2.951
  greedy     +kdpp_string conc 0.158 robust 0.957 eff 1.103
  greedy     +kdpp_corum  conc 0.761 robust 0.875 eff 1.945
  ehvi       +none        conc 0.823 robust 0.818 eff 2.152
  ehvi       +kdpp_string conc 0.200 robust 0.953 eff 1.099
  ehvi       +kdpp_corum  conc 0.525 robust 0.910 eff 1.778
  trunc_pred +none        conc 0.440 robust 0.928 eff 1.243
  trunc_pred +kdpp_string conc 0.189 robust 0.945 eff 0.978
  trunc_pred +kdpp_corum  conc 0.377 robust 0.935 eff 1.224
  greedy_safe+none        conc 0.518 robust 0.853 eff 0.747
  greedy_safe+kdpp_string conc 0.214 robust 0.958 eff 0.772
  greedy_safe+kdpp_corum  conc 0.142 robust 0.949 eff 0.850
  ehvi_trunc +none        conc 0.694 robust 0.792 eff 1.576
  ehvi_trunc +kdpp_string conc 0.199 robust 0.956 eff 0.846
  ehvi_trunc +kdpp_corum  conc 0.528 robust 0.917 eff 1.164
  ehvi_safe  +none        conc 0.600 robust 0.795 eff 1.428
  ehvi_safe  +kdpp_string conc 0.147 robust 0.961 eff 0.769
  ehvi_safe  +kdpp_corum  conc 0.442 robust 0.930 eff 1.035
run dir: res/runs_ablation/sweep_indep_20260617-001131/shard_8
SHARD DONE
