shard 4: line=ACH-000183 contrast=ACH-001360 node=braid-st-comp-48xl-4
joint multitask GP enabled for learned-safety methods (trunc_pred, ehvi)
Analysis A panel: 18531 genes (none); Analysis B panel: 5116 genes (data/processed/depmap/panel_5k.txt)
contrast-line candidates (best first): ['ACH-001360', 'ACH-000608', 'ACH-000934', 'ACH-002806', 'ACH-000571', 'ACH-000811', 'ACH-001422', 'ACH-001513', 'ACH-001194', 'ACH-003184']
using contrast line: ACH-001360
target lines (1): ['ACH-000183']
[ACH-000183] A=18435 genes, B=5056 genes
[ACH-000183] done (2 seeds x 2 tox-sources)

=== [contrast toxicity] 1 lines x 2 seeds (mean +/- 95% CI) ===
[A: safety vs efficacy]
  greedy       eff 1.979+/-0.297  tox 2.370+/-0.070
  trunc_known  eff 0.520+/-0.325  tox 0.130+/-0.008
  trunc_pred   eff 0.518+/-0.136  tox 0.296+/-0.227
  greedy_safe  eff 0.755+/-0.058  tox 0.299+/-0.025
  ehvi         eff 1.384+/-0.381  tox 1.594+/-0.628
  ehvi_pareto  eff 0.834+/-0.327  tox 0.334+/-0.069
  ehvi_trunc   eff 1.081+/-0.008  tox 0.655+/-0.171
  ehvi_safe    eff 0.787+/-0.040  tox 0.440+/-0.348
  known_safe   eff 1.536+/-0.160  tox 0.160+/-0.013
  random       eff 1.067+/-0.802  tox 1.055+/-1.512
  cluster      eff 1.005+/-0.376  tox 0.955+/-0.885
  info_div     eff 1.910+/-0.157  tox 2.285+/-0.049
[B: diversity / robustness]
  greedy     +none        conc 0.705 robust 0.800 eff 2.363
  greedy     +kdpp_string conc 0.131 robust 0.952 eff 1.348
  greedy     +kdpp_corum  conc 0.458 robust 0.943 eff 1.894
  ehvi       +none        conc 0.378 robust 0.930 eff 1.555
  ehvi       +kdpp_string conc 0.156 robust 0.961 eff 1.292
  ehvi       +kdpp_corum  conc 0.257 robust 0.956 eff 1.424
  trunc_pred +none        conc 0.510 robust 0.914 eff 1.086
  trunc_pred +kdpp_string conc 0.107 robust 0.947 eff 0.664
  trunc_pred +kdpp_corum  conc 0.189 robust 0.946 eff 0.825
  greedy_safe+none        conc 0.243 robust 0.949 eff 1.040
  greedy_safe+kdpp_string conc 0.086 robust 0.963 eff 0.972
  greedy_safe+kdpp_corum  conc 0.210 robust 0.959 eff 1.091
  ehvi_trunc +none        conc 0.478 robust 0.918 eff 0.922
  ehvi_trunc +kdpp_string conc 0.194 robust 0.962 eff 0.888
  ehvi_trunc +kdpp_corum  conc 0.238 robust 0.944 eff 0.992
  ehvi_safe  +none        conc 0.422 robust 0.944 eff 0.972
  ehvi_safe  +kdpp_string conc 0.143 robust 0.969 eff 0.852
  ehvi_safe  +kdpp_corum  conc 0.322 robust 0.960 eff 0.967

=== [aggregate toxicity] 1 lines x 2 seeds (mean +/- 95% CI) ===
[A: safety vs efficacy]
  greedy       eff 1.979+/-0.297  tox 0.979+/-0.025
  trunc_known  eff 0.350+/-0.126  tox 0.115+/-0.039
  trunc_pred   eff 0.846+/-0.300  tox 0.523+/-0.209
  greedy_safe  eff 0.992+/-0.550  tox 0.679+/-0.159
  ehvi         eff 1.824+/-0.056  tox 0.976+/-0.029
  ehvi_pareto  eff 1.332+/-0.322  tox 0.720+/-0.030
  ehvi_trunc   eff 0.763+/-0.144  tox 0.465+/-0.168
  ehvi_safe    eff 0.892+/-0.169  tox 0.526+/-0.028
  known_safe   eff 1.049+/-0.910  tox 0.227+/-0.105
  random       eff 1.067+/-0.802  tox 0.615+/-0.475
  cluster      eff 1.005+/-0.376  tox 0.621+/-0.133
  info_div     eff 1.910+/-0.157  tox 0.977+/-0.027
[B: diversity / robustness]
  greedy     +none        conc 0.705 robust 0.800 eff 2.363
  greedy     +kdpp_string conc 0.131 robust 0.952 eff 1.348
  greedy     +kdpp_corum  conc 0.458 robust 0.943 eff 1.894
  ehvi       +none        conc 0.378 robust 0.930 eff 1.555
  ehvi       +kdpp_string conc 0.156 robust 0.961 eff 1.292
  ehvi       +kdpp_corum  conc 0.257 robust 0.956 eff 1.424
  trunc_pred +none        conc 0.175 robust 0.946 eff 0.988
  trunc_pred +kdpp_string conc 0.087 robust 0.949 eff 0.824
  trunc_pred +kdpp_corum  conc 0.117 robust 0.951 eff 0.937
  greedy_safe+none        conc 0.162 robust 0.950 eff 1.008
  greedy_safe+kdpp_string conc 0.057 robust 0.961 eff 1.059
  greedy_safe+kdpp_corum  conc 0.202 robust 0.955 eff 1.005
  ehvi_trunc +none        conc 0.303 robust 0.913 eff 1.206
  ehvi_trunc +kdpp_string conc 0.087 robust 0.961 eff 0.852
  ehvi_trunc +kdpp_corum  conc 0.225 robust 0.946 eff 1.114
  ehvi_safe  +none        conc 0.163 robust 0.952 eff 0.920
  ehvi_safe  +kdpp_string conc 0.075 robust 0.950 eff 0.786
  ehvi_safe  +kdpp_corum  conc 0.181 robust 0.962 eff 0.784
run dir: res/runs_ablation/sweep_joint_20260617-001129/shard_4
SHARD DONE
