shard 6: line=ACH-000900 contrast=ACH-001360 node=braid-st-comp-48xl-6
joint multitask GP enabled for learned-safety methods (trunc_pred, ehvi)
Analysis A panel: 18531 genes (none); Analysis B panel: 5116 genes (data/processed/depmap/panel_5k.txt)
contrast-line candidates (best first): ['ACH-001360', 'ACH-000608', 'ACH-000934', 'ACH-002806', 'ACH-000571', 'ACH-000811', 'ACH-001422', 'ACH-001513', 'ACH-001194', 'ACH-003184']
using contrast line: ACH-001360
target lines (1): ['ACH-000900']
[ACH-000900] A=18433 genes, B=5056 genes
[ACH-000900] done (2 seeds x 2 tox-sources)

=== [contrast toxicity] 1 lines x 2 seeds (mean +/- 95% CI) ===
[A: safety vs efficacy]
  greedy       eff 2.065+/-1.846  tox 1.166+/-1.817
  trunc_known  eff 0.961+/-0.078  tox 0.074+/-0.085
  trunc_pred   eff 0.678+/-0.629  tox 0.321+/-0.348
  greedy_safe  eff 0.830+/-0.305  tox 0.198+/-0.076
  ehvi         eff 2.027+/-0.070  tox 1.610+/-0.396
  ehvi_pareto  eff 0.681+/-0.876  tox 0.171+/-0.304
  ehvi_trunc   eff 0.805+/-0.311  tox 0.330+/-0.340
  ehvi_safe    eff 0.910+/-0.012  tox 0.333+/-0.436
  known_safe   eff 1.172+/-0.247  tox 0.114+/-0.038
  random       eff 1.422+/-1.211  tox 1.150+/-0.952
  cluster      eff 1.114+/-0.412  tox 1.035+/-1.178
  info_div     eff 2.804+/-0.257  tox 2.033+/-0.129
[B: diversity / robustness]
  greedy     +none        conc 0.963 robust 0.734 eff 2.369
  greedy     +kdpp_string conc 0.142 robust 0.954 eff 1.165
  greedy     +kdpp_corum  conc 0.545 robust 0.918 eff 1.771
  ehvi       +none        conc 0.841 robust 0.806 eff 1.729
  ehvi       +kdpp_string conc 0.237 robust 0.953 eff 1.175
  ehvi       +kdpp_corum  conc 0.474 robust 0.932 eff 1.422
  trunc_pred +none        conc 0.255 robust 0.921 eff 0.579
  trunc_pred +kdpp_string conc 0.155 robust 0.950 eff 0.451
  trunc_pred +kdpp_corum  conc 0.192 robust 0.938 eff 0.500
  greedy_safe+none        conc 0.205 robust 0.966 eff 0.872
  greedy_safe+kdpp_string conc 0.095 robust 0.958 eff 0.788
  greedy_safe+kdpp_corum  conc 0.166 robust 0.973 eff 0.786
  ehvi_trunc +none        conc 0.881 robust 0.848 eff 0.958
  ehvi_trunc +kdpp_string conc 0.199 robust 0.959 eff 0.875
  ehvi_trunc +kdpp_corum  conc 0.344 robust 0.950 eff 0.972
  ehvi_safe  +none        conc 0.779 robust 0.791 eff 0.968
  ehvi_safe  +kdpp_string conc 0.281 robust 0.946 eff 0.963
  ehvi_safe  +kdpp_corum  conc 0.202 robust 0.963 eff 0.947

=== [aggregate toxicity] 1 lines x 2 seeds (mean +/- 95% CI) ===
[A: safety vs efficacy]
  greedy       eff 2.065+/-1.846  tox 0.762+/-0.210
  trunc_known  eff 0.767+/-0.452  tox 0.194+/-0.128
  trunc_pred   eff 0.774+/-0.355  tox 0.433+/-0.178
  greedy_safe  eff 0.896+/-0.807  tox 0.533+/-0.490
  ehvi         eff 2.350+/-0.334  tox 0.872+/-0.075
  ehvi_pareto  eff 1.911+/-0.246  tox 0.785+/-0.107
  ehvi_trunc   eff 0.952+/-0.196  tox 0.546+/-0.033
  ehvi_safe    eff 0.640+/-0.242  tox 0.451+/-0.068
  known_safe   eff 1.370+/-0.329  tox 0.262+/-0.134
  random       eff 1.422+/-1.211  tox 0.629+/-0.396
  cluster      eff 1.114+/-0.412  tox 0.664+/-0.227
  info_div     eff 2.804+/-0.257  tox 0.886+/-0.010
[B: diversity / robustness]
  greedy     +none        conc 0.963 robust 0.734 eff 2.369
  greedy     +kdpp_string conc 0.142 robust 0.954 eff 1.165
  greedy     +kdpp_corum  conc 0.545 robust 0.918 eff 1.771
  ehvi       +none        conc 0.841 robust 0.806 eff 1.729
  ehvi       +kdpp_string conc 0.237 robust 0.953 eff 1.175
  ehvi       +kdpp_corum  conc 0.474 robust 0.932 eff 1.422
  trunc_pred +none        conc 0.270 robust 0.941 eff 1.041
  trunc_pred +kdpp_string conc 0.193 robust 0.962 eff 0.792
  trunc_pred +kdpp_corum  conc 0.284 robust 0.949 eff 1.100
  greedy_safe+none        conc 0.441 robust 0.951 eff 0.953
  greedy_safe+kdpp_string conc 0.091 robust 0.972 eff 0.766
  greedy_safe+kdpp_corum  conc 0.202 robust 0.965 eff 0.968
  ehvi_trunc +none        conc 0.390 robust 0.944 eff 1.025
  ehvi_trunc +kdpp_string conc 0.074 robust 0.970 eff 0.903
  ehvi_trunc +kdpp_corum  conc 0.238 robust 0.953 eff 1.059
  ehvi_safe  +none        conc 0.505 robust 0.936 eff 0.911
  ehvi_safe  +kdpp_string conc 0.087 robust 0.958 eff 0.817
  ehvi_safe  +kdpp_corum  conc 0.119 robust 0.967 eff 0.931
run dir: res/runs_ablation/sweep_joint_20260617-001129/shard_6
SHARD DONE
