shard 1: line=ACH-000362 contrast=ACH-001360 node=braid-st-comp-48xl-11
Analysis A panel: 18531 genes (none); Analysis B panel: 5116 genes (data/processed/depmap/panel_5k.txt)
contrast-line candidates (best first): ['ACH-001360', 'ACH-000608', 'ACH-000934', 'ACH-002806', 'ACH-000571', 'ACH-000811', 'ACH-001422', 'ACH-001513', 'ACH-001194', 'ACH-003184']
using contrast line: ACH-001360
target lines (1): ['ACH-000362']
[ACH-000362] A=18449 genes, B=5055 genes
[ACH-000362] done (2 seeds x 2 tox-sources)

=== [contrast toxicity] 1 lines x 2 seeds (mean +/- 95% CI) ===
[A: safety vs efficacy]
  greedy       eff 0.956+/-0.029  tox 0.645+/-0.122
  trunc_known  eff 0.605+/-0.184  tox 0.095+/-0.159
  trunc_pred   eff 0.684+/-0.171  tox 0.218+/-0.111
  greedy_safe  eff 0.815+/-0.066  tox 0.244+/-0.129
  ehvi         eff 0.820+/-0.053  tox 0.419+/-0.300
  ehvi_pareto  eff 0.653+/-0.163  tox 0.132+/-0.172
  ehvi_trunc   eff 0.648+/-0.263  tox 0.175+/-0.083
  ehvi_safe    eff 0.648+/-0.263  tox 0.175+/-0.083
  known_safe   eff 0.692+/-0.487  tox 0.095+/-0.004
  random       eff 2.588+/-0.164  tox 1.761+/-0.102
  cluster      eff 0.838+/-0.177  tox 0.595+/-0.212
  info_div     eff 1.083+/-0.803  tox 1.039+/-0.814
[B: diversity / robustness]
  greedy     +none        conc 0.746 robust 0.835 eff 2.380
  greedy     +kdpp_string conc 0.222 robust 0.946 eff 1.393
  greedy     +kdpp_corum  conc 0.446 robust 0.932 eff 2.080
  ehvi       +none        conc 0.598 robust 0.880 eff 1.631
  ehvi       +kdpp_string conc 0.127 robust 0.963 eff 1.320
  ehvi       +kdpp_corum  conc 0.296 robust 0.943 eff 1.502
  trunc_pred +none        conc 0.363 robust 0.904 eff 0.920
  trunc_pred +kdpp_string conc 0.132 robust 0.964 eff 0.558
  trunc_pred +kdpp_corum  conc 0.183 robust 0.939 eff 0.784
  greedy_safe+none        conc 0.351 robust 0.936 eff 0.807
  greedy_safe+kdpp_string conc 0.212 robust 0.956 eff 0.632
  greedy_safe+kdpp_corum  conc 0.243 robust 0.966 eff 0.850
  ehvi_trunc +none        conc 0.343 robust 0.968 eff 0.876
  ehvi_trunc +kdpp_string conc 0.122 robust 0.970 eff 0.741
  ehvi_trunc +kdpp_corum  conc 0.208 robust 0.973 eff 0.885
  ehvi_safe  +none        conc 0.326 robust 0.947 eff 0.800
  ehvi_safe  +kdpp_string conc 0.161 robust 0.955 eff 0.650
  ehvi_safe  +kdpp_corum  conc 0.222 robust 0.953 eff 0.746

=== [aggregate toxicity] 1 lines x 2 seeds (mean +/- 95% CI) ===
[A: safety vs efficacy]
  greedy       eff 0.956+/-0.029  tox 0.646+/-0.172
  trunc_known  eff 0.481+/-0.461  tox 0.189+/-0.167
  trunc_pred   eff 0.714+/-0.445  tox 0.406+/-0.299
  greedy_safe  eff 0.767+/-0.347  tox 0.443+/-0.296
  ehvi         eff 0.923+/-0.297  tox 0.586+/-0.345
  ehvi_pareto  eff 0.655+/-0.007  tox 0.329+/-0.101
  ehvi_trunc   eff 0.728+/-0.015  tox 0.370+/-0.077
  ehvi_safe    eff 0.728+/-0.015  tox 0.370+/-0.077
  known_safe   eff 0.555+/-0.409  tox 0.191+/-0.261
  random       eff 2.588+/-0.164  tox 0.862+/-0.004
  cluster      eff 0.838+/-0.177  tox 0.596+/-0.033
  info_div     eff 1.083+/-0.803  tox 0.626+/-0.447
[B: diversity / robustness]
  greedy     +none        conc 0.746 robust 0.835 eff 2.380
  greedy     +kdpp_string conc 0.222 robust 0.946 eff 1.393
  greedy     +kdpp_corum  conc 0.446 robust 0.932 eff 2.080
  ehvi       +none        conc 0.598 robust 0.880 eff 1.631
  ehvi       +kdpp_string conc 0.127 robust 0.963 eff 1.320
  ehvi       +kdpp_corum  conc 0.296 robust 0.943 eff 1.502
  trunc_pred +none        conc 0.244 robust 0.936 eff 1.145
  trunc_pred +kdpp_string conc 0.155 robust 0.957 eff 0.880
  trunc_pred +kdpp_corum  conc 0.220 robust 0.938 eff 1.068
  greedy_safe+none        conc 0.256 robust 0.947 eff 0.954
  greedy_safe+kdpp_string conc 0.085 robust 0.966 eff 0.735
  greedy_safe+kdpp_corum  conc 0.161 robust 0.957 eff 0.937
  ehvi_trunc +none        conc 0.535 robust 0.923 eff 1.184
  ehvi_trunc +kdpp_string conc 0.147 robust 0.966 eff 0.869
  ehvi_trunc +kdpp_corum  conc 0.291 robust 0.952 eff 1.064
  ehvi_safe  +none        conc 0.494 robust 0.906 eff 1.223
  ehvi_safe  +kdpp_string conc 0.077 robust 0.967 eff 0.764
  ehvi_safe  +kdpp_corum  conc 0.260 robust 0.951 eff 1.087
run dir: res/runs_ablation/sweep_indep_20260617-001131/shard_1
SHARD DONE
