shard 5: line=ACH-000527 contrast=ACH-001360 node=braid-st-comp-48xl-9
Analysis A panel: 18531 genes (none); Analysis B panel: 5116 genes (data/processed/depmap/panel_5k.txt)
contrast-line candidates (best first): ['ACH-001360', 'ACH-000608', 'ACH-000934', 'ACH-002806', 'ACH-000571', 'ACH-000811', 'ACH-001422', 'ACH-001513', 'ACH-001194', 'ACH-003184']
using contrast line: ACH-001360
target lines (1): ['ACH-000527']
[ACH-000527] A=18435 genes, B=5056 genes
[ACH-000527] done (2 seeds x 2 tox-sources)

=== [contrast toxicity] 1 lines x 2 seeds (mean +/- 95% CI) ===
[A: safety vs efficacy]
  greedy       eff 2.274+/-0.138  tox 2.518+/-0.138
  trunc_known  eff 0.627+/-0.031  tox 0.179+/-0.010
  trunc_pred   eff 0.560+/-0.436  tox 0.254+/-0.248
  greedy_safe  eff 0.964+/-0.340  tox 0.556+/-0.069
  ehvi         eff 1.478+/-0.291  tox 1.668+/-0.254
  ehvi_pareto  eff 0.762+/-0.380  tox 0.408+/-0.261
  ehvi_trunc   eff 0.848+/-0.423  tox 0.562+/-0.096
  ehvi_safe    eff 0.624+/-0.343  tox 0.384+/-0.488
  known_safe   eff 1.240+/-1.116  tox 0.181+/-0.005
  random       eff 1.341+/-0.897  tox 1.274+/-1.145
  cluster      eff 0.904+/-0.096  tox 0.664+/-0.331
  info_div     eff 2.209+/-0.129  tox 2.481+/-0.002
[B: diversity / robustness]
  greedy     +none        conc 0.946 robust 0.725 eff 2.594
  greedy     +kdpp_string conc 0.110 robust 0.955 eff 1.289
  greedy     +kdpp_corum  conc 0.523 robust 0.902 eff 1.960
  ehvi       +none        conc 0.723 robust 0.764 eff 2.003
  ehvi       +kdpp_string conc 0.121 robust 0.948 eff 1.246
  ehvi       +kdpp_corum  conc 0.452 robust 0.920 eff 1.636
  trunc_pred +none        conc 0.583 robust 0.917 eff 0.618
  trunc_pred +kdpp_string conc 0.321 robust 0.936 eff 0.544
  trunc_pred +kdpp_corum  conc 0.317 robust 0.933 eff 0.635
  greedy_safe+none        conc 0.225 robust 0.946 eff 0.959
  greedy_safe+kdpp_string conc 0.118 robust 0.961 eff 0.866
  greedy_safe+kdpp_corum  conc 0.183 robust 0.957 eff 0.912
  ehvi_trunc +none        conc 0.231 robust 0.929 eff 0.934
  ehvi_trunc +kdpp_string conc 0.138 robust 0.953 eff 0.723
  ehvi_trunc +kdpp_corum  conc 0.171 robust 0.945 eff 0.847
  ehvi_safe  +none        conc 0.211 robust 0.941 eff 0.912
  ehvi_safe  +kdpp_string conc 0.098 robust 0.956 eff 0.738
  ehvi_safe  +kdpp_corum  conc 0.131 robust 0.956 eff 0.805

=== [aggregate toxicity] 1 lines x 2 seeds (mean +/- 95% CI) ===
[A: safety vs efficacy]
  greedy       eff 2.274+/-0.138  tox 0.967+/-0.009
  trunc_known  eff 0.517+/-0.026  tox 0.129+/-0.041
  trunc_pred   eff 1.037+/-0.487  tox 0.474+/-0.250
  greedy_safe  eff 1.078+/-0.700  tox 0.526+/-0.366
  ehvi         eff 1.351+/-0.375  tox 0.734+/-0.057
  ehvi_pareto  eff 0.700+/-0.848  tox 0.286+/-0.407
  ehvi_trunc   eff 1.233+/-0.367  tox 0.668+/-0.077
  ehvi_safe    eff 0.931+/-0.222  tox 0.490+/-0.058
  known_safe   eff 1.004+/-0.807  tox 0.230+/-0.086
  random       eff 1.341+/-0.897  tox 0.738+/-0.293
  cluster      eff 0.904+/-0.096  tox 0.539+/-0.015
  info_div     eff 2.209+/-0.129  tox 0.984+/-0.018
[B: diversity / robustness]
  greedy     +none        conc 0.946 robust 0.725 eff 2.594
  greedy     +kdpp_string conc 0.110 robust 0.955 eff 1.289
  greedy     +kdpp_corum  conc 0.523 robust 0.902 eff 1.960
  ehvi       +none        conc 0.723 robust 0.764 eff 2.003
  ehvi       +kdpp_string conc 0.121 robust 0.948 eff 1.246
  ehvi       +kdpp_corum  conc 0.452 robust 0.920 eff 1.636
  trunc_pred +none        conc 0.431 robust 0.931 eff 1.112
  trunc_pred +kdpp_string conc 0.153 robust 0.957 eff 0.748
  trunc_pred +kdpp_corum  conc 0.396 robust 0.944 eff 0.974
  greedy_safe+none        conc 0.180 robust 0.954 eff 1.047
  greedy_safe+kdpp_string conc 0.059 robust 0.974 eff 0.900
  greedy_safe+kdpp_corum  conc 0.180 robust 0.957 eff 1.007
  ehvi_trunc +none        conc 0.760 robust 0.745 eff 1.894
  ehvi_trunc +kdpp_string conc 0.177 robust 0.949 eff 0.793
  ehvi_trunc +kdpp_corum  conc 0.503 robust 0.887 eff 1.237
  ehvi_safe  +none        conc 0.600 robust 0.760 eff 1.748
  ehvi_safe  +kdpp_string conc 0.142 robust 0.952 eff 0.787
  ehvi_safe  +kdpp_corum  conc 0.425 robust 0.897 eff 1.305
run dir: res/runs_ablation/sweep_indep_20260617-001131/shard_5
SHARD DONE
