shard 2: line=ACH-000147 contrast=ACH-001360 node=braid-st-comp-48xl-12
Analysis A panel: 18531 genes (none); Analysis B panel: 5116 genes (data/processed/depmap/panel_5k.txt)
contrast-line candidates (best first): ['ACH-001360', 'ACH-000608', 'ACH-000934', 'ACH-002806', 'ACH-000571', 'ACH-000811', 'ACH-001422', 'ACH-001513', 'ACH-001194', 'ACH-003184']
using contrast line: ACH-001360
target lines (1): ['ACH-000147']
[ACH-000147] A=18435 genes, B=5056 genes
[ACH-000147] done (2 seeds x 2 tox-sources)

=== [contrast toxicity] 1 lines x 2 seeds (mean +/- 95% CI) ===
[A: safety vs efficacy]
  greedy       eff 2.075+/-0.411  tox 2.510+/-0.009
  trunc_known  eff 0.382+/-0.079  tox 0.152+/-0.064
  trunc_pred   eff 0.581+/-0.017  tox 0.416+/-0.121
  greedy_safe  eff 0.822+/-0.081  tox 0.220+/-0.012
  ehvi         eff 1.157+/-0.695  tox 1.446+/-0.964
  ehvi_pareto  eff 0.478+/-0.078  tox 0.175+/-0.158
  ehvi_trunc   eff 0.808+/-0.116  tox 0.589+/-0.164
  ehvi_safe    eff 0.881+/-0.259  tox 0.653+/-0.040
  known_safe   eff 0.934+/-0.915  tox 0.195+/-0.091
  random       eff 1.277+/-0.584  tox 1.155+/-1.302
  cluster      eff 0.808+/-0.090  tox 0.384+/-0.180
  info_div     eff 1.771+/-0.229  tox 2.285+/-0.451
[B: diversity / robustness]
  greedy     +none        conc 0.808 robust 0.792 eff 2.503
  greedy     +kdpp_string conc 0.298 robust 0.935 eff 1.495
  greedy     +kdpp_corum  conc 0.487 robust 0.927 eff 2.040
  ehvi       +none        conc 0.840 robust 0.809 eff 2.214
  ehvi       +kdpp_string conc 0.205 robust 0.954 eff 1.248
  ehvi       +kdpp_corum  conc 0.563 robust 0.936 eff 1.893
  trunc_pred +none        conc 0.714 robust 0.896 eff 0.679
  trunc_pred +kdpp_string conc 0.341 robust 0.919 eff 0.427
  trunc_pred +kdpp_corum  conc 0.333 robust 0.925 eff 0.470
  greedy_safe+none        conc 0.562 robust 0.911 eff 0.993
  greedy_safe+kdpp_string conc 0.224 robust 0.949 eff 0.873
  greedy_safe+kdpp_corum  conc 0.225 robust 0.941 eff 1.107
  ehvi_trunc +none        conc 0.912 robust 0.852 eff 0.909
  ehvi_trunc +kdpp_string conc 0.183 robust 0.959 eff 0.764
  ehvi_trunc +kdpp_corum  conc 0.221 robust 0.959 eff 0.887
  ehvi_safe  +none        conc 0.483 robust 0.939 eff 0.936
  ehvi_safe  +kdpp_string conc 0.163 robust 0.965 eff 0.820
  ehvi_safe  +kdpp_corum  conc 0.432 robust 0.956 eff 0.956

=== [aggregate toxicity] 1 lines x 2 seeds (mean +/- 95% CI) ===
[A: safety vs efficacy]
  greedy       eff 2.075+/-0.411  tox 0.985+/-0.019
  trunc_known  eff 0.328+/-0.094  tox 0.106+/-0.018
  trunc_pred   eff 0.813+/-0.475  tox 0.494+/-0.246
  greedy_safe  eff 0.963+/-0.212  tox 0.629+/-0.106
  ehvi         eff 1.213+/-1.808  tox 0.571+/-0.829
  ehvi_pareto  eff 1.152+/-1.691  tox 0.492+/-0.768
  ehvi_trunc   eff 0.245+/-0.035  tox 0.121+/-0.076
  ehvi_safe    eff 0.706+/-0.938  tox 0.311+/-0.448
  known_safe   eff 0.457+/-0.091  tox 0.200+/-0.001
  random       eff 1.277+/-0.584  tox 0.726+/-0.283
  cluster      eff 0.808+/-0.090  tox 0.536+/-0.066
  info_div     eff 1.771+/-0.229  tox 0.953+/-0.082
[B: diversity / robustness]
  greedy     +none        conc 0.808 robust 0.792 eff 2.503
  greedy     +kdpp_string conc 0.298 robust 0.935 eff 1.495
  greedy     +kdpp_corum  conc 0.487 robust 0.927 eff 2.040
  ehvi       +none        conc 0.840 robust 0.809 eff 2.214
  ehvi       +kdpp_string conc 0.205 robust 0.954 eff 1.248
  ehvi       +kdpp_corum  conc 0.563 robust 0.936 eff 1.893
  trunc_pred +none        conc 0.418 robust 0.937 eff 0.750
  trunc_pred +kdpp_string conc 0.101 robust 0.967 eff 0.439
  trunc_pred +kdpp_corum  conc 0.301 robust 0.952 eff 0.657
  greedy_safe+none        conc 0.239 robust 0.956 eff 0.923
  greedy_safe+kdpp_string conc 0.125 robust 0.942 eff 0.780
  greedy_safe+kdpp_corum  conc 0.160 robust 0.961 eff 0.991
  ehvi_trunc +none        conc 0.769 robust 0.792 eff 1.430
  ehvi_trunc +kdpp_string conc 0.208 robust 0.954 eff 0.851
  ehvi_trunc +kdpp_corum  conc 0.476 robust 0.948 eff 1.267
  ehvi_safe  +none        conc 0.309 robust 0.938 eff 0.818
  ehvi_safe  +kdpp_string conc 0.132 robust 0.960 eff 0.723
  ehvi_safe  +kdpp_corum  conc 0.268 robust 0.949 eff 0.862
run dir: res/runs_ablation/sweep_indep_20260617-001131/shard_2
SHARD DONE
