shard 0: line=ACH-000696 contrast=ACH-001360 node=braid-st-comp-48xl-16
Analysis A panel: 18531 genes (none); Analysis B panel: 5116 genes (data/processed/depmap/panel_5k.txt)
contrast-line candidates (best first): ['ACH-001360', 'ACH-000608', 'ACH-000934', 'ACH-002806', 'ACH-000571', 'ACH-000811', 'ACH-001422', 'ACH-001513', 'ACH-001194', 'ACH-003184']
using contrast line: ACH-001360
target lines (1): ['ACH-000696']
[ACH-000696] A=18513 genes, B=5113 genes
[ACH-000696] done (2 seeds x 2 tox-sources)

=== [contrast toxicity] 1 lines x 2 seeds (mean +/- 95% CI) ===
[A: safety vs efficacy]
  greedy       eff 2.073+/-1.979  tox 1.200+/-1.945
  trunc_known  eff 1.103+/-0.098  tox 0.119+/-0.124
  trunc_pred   eff 0.595+/-0.897  tox 0.119+/-0.123
  greedy_safe  eff 0.939+/-0.222  tox 0.203+/-0.041
  ehvi         eff 2.341+/-0.254  tox 1.847+/-0.096
  ehvi_pareto  eff 1.300+/-0.387  tox 0.355+/-0.299
  ehvi_trunc   eff 1.061+/-0.222  tox 0.138+/-0.011
  ehvi_safe    eff 1.075+/-0.207  tox 0.166+/-0.059
  known_safe   eff 1.333+/-0.568  tox 0.146+/-0.072
  random       eff 1.204+/-0.103  tox 0.881+/-0.404
  cluster      eff 1.483+/-1.052  tox 0.873+/-1.044
  info_div     eff 1.323+/-0.504  tox 0.552+/-0.675
[B: diversity / robustness]
  greedy     +none        conc 0.898 robust 0.774 eff 3.062
  greedy     +kdpp_string conc 0.148 robust 0.951 eff 1.510
  greedy     +kdpp_corum  conc 0.542 robust 0.912 eff 2.376
  ehvi       +none        conc 0.411 robust 0.907 eff 1.995
  ehvi       +kdpp_string conc 0.161 robust 0.959 eff 1.581
  ehvi       +kdpp_corum  conc 0.295 robust 0.938 eff 1.828
  trunc_pred +none        conc 0.833 robust 0.745 eff 0.619
  trunc_pred +kdpp_string conc 0.700 robust 0.790 eff 0.360
  trunc_pred +kdpp_corum  conc 0.864 robust 0.798 eff 0.586
  greedy_safe+none        conc 0.638 robust 0.944 eff 0.814
  greedy_safe+kdpp_string conc 0.142 robust 0.963 eff 0.682
  greedy_safe+kdpp_corum  conc 0.238 robust 0.966 eff 0.889
  ehvi_trunc +none        conc 0.183 robust 0.953 eff 0.796
  ehvi_trunc +kdpp_string conc 0.098 robust 0.959 eff 0.662
  ehvi_trunc +kdpp_corum  conc 0.200 robust 0.955 eff 0.814
  ehvi_safe  +none        conc 0.183 robust 0.953 eff 0.796
  ehvi_safe  +kdpp_string conc 0.098 robust 0.959 eff 0.662
  ehvi_safe  +kdpp_corum  conc 0.200 robust 0.955 eff 0.814

=== [aggregate toxicity] 1 lines x 2 seeds (mean +/- 95% CI) ===
[A: safety vs efficacy]
  greedy       eff 2.073+/-1.979  tox 0.781+/-0.182
  trunc_known  eff 0.875+/-0.322  tox 0.266+/-0.141
  trunc_pred   eff 0.836+/-0.129  tox 0.259+/-0.263
  greedy_safe  eff 0.739+/-0.062  tox 0.252+/-0.276
  ehvi         eff 2.471+/-0.218  tox 0.876+/-0.010
  ehvi_pareto  eff 1.990+/-0.300  tox 0.719+/-0.173
  ehvi_trunc   eff 1.112+/-0.081  tox 0.567+/-0.010
  ehvi_safe    eff 0.822+/-0.048  tox 0.461+/-0.007
  known_safe   eff 1.384+/-0.010  tox 0.329+/-0.059
  random       eff 1.204+/-0.103  tox 0.651+/-0.096
  cluster      eff 1.483+/-1.052  tox 0.701+/-0.201
  info_div     eff 1.323+/-0.504  tox 0.687+/-0.006
[B: diversity / robustness]
  greedy     +none        conc 0.898 robust 0.774 eff 3.062
  greedy     +kdpp_string conc 0.148 robust 0.951 eff 1.510
  greedy     +kdpp_corum  conc 0.542 robust 0.912 eff 2.376
  ehvi       +none        conc 0.411 robust 0.907 eff 1.995
  ehvi       +kdpp_string conc 0.161 robust 0.959 eff 1.581
  ehvi       +kdpp_corum  conc 0.295 robust 0.938 eff 1.828
  trunc_pred +none        conc 0.419 robust 0.940 eff 1.196
  trunc_pred +kdpp_string conc 0.119 robust 0.953 eff 0.776
  trunc_pred +kdpp_corum  conc 0.342 robust 0.945 eff 1.078
  greedy_safe+none        conc 0.308 robust 0.911 eff 1.701
  greedy_safe+kdpp_string conc 0.122 robust 0.956 eff 1.134
  greedy_safe+kdpp_corum  conc 0.238 robust 0.935 eff 1.483
  ehvi_trunc +none        conc 0.720 robust 0.834 eff 1.754
  ehvi_trunc +kdpp_string conc 0.174 robust 0.949 eff 0.956
  ehvi_trunc +kdpp_corum  conc 0.371 robust 0.921 eff 1.319
  ehvi_safe  +none        conc 0.720 robust 0.834 eff 1.754
  ehvi_safe  +kdpp_string conc 0.174 robust 0.949 eff 0.956
  ehvi_safe  +kdpp_corum  conc 0.371 robust 0.921 eff 1.319
run dir: res/runs_ablation/sweep_indep_20260617-001131/shard_0
SHARD DONE
