shard 9: line=ACH-001054 contrast=ACH-001360 node=braid-st-comp-48xl-16
Analysis A panel: 18531 genes (none); Analysis B panel: 5116 genes (data/processed/depmap/panel_5k.txt)
contrast-line candidates (best first): ['ACH-001360', 'ACH-000608', 'ACH-000934', 'ACH-002806', 'ACH-000571', 'ACH-000811', 'ACH-001422', 'ACH-001513', 'ACH-001194', 'ACH-003184']
using contrast line: ACH-001360
target lines (1): ['ACH-001054']
[ACH-001054] A=18420 genes, B=5044 genes
[ACH-001054] done (2 seeds x 2 tox-sources)

=== [contrast toxicity] 1 lines x 2 seeds (mean +/- 95% CI) ===
[A: safety vs efficacy]
  greedy       eff 2.183+/-0.020  tox 2.388+/-0.279
  trunc_known  eff 0.974+/-0.732  tox 0.106+/-0.046
  trunc_pred   eff 0.695+/-0.187  tox 0.160+/-0.106
  greedy_safe  eff 0.904+/-0.097  tox 0.120+/-0.009
  ehvi         eff 1.435+/-1.603  tox 1.027+/-0.999
  ehvi_pareto  eff 0.825+/-0.985  tox 0.345+/-0.684
  ehvi_trunc   eff 0.651+/-0.450  tox 0.190+/-0.030
  ehvi_safe    eff 0.651+/-0.450  tox 0.190+/-0.030
  known_safe   eff 0.833+/-0.049  tox 0.133+/-0.053
  random       eff 0.620+/-0.045  tox 0.484+/-0.032
  cluster      eff 0.766+/-0.066  tox 0.471+/-0.051
  info_div     eff 2.008+/-0.160  tox 2.437+/-0.225
[B: diversity / robustness]
  greedy     +none        conc 0.950 robust 0.689 eff 2.995
  greedy     +kdpp_string conc 0.170 robust 0.957 eff 1.080
  greedy     +kdpp_corum  conc 0.706 robust 0.924 eff 2.082
  ehvi       +none        conc 0.564 robust 0.847 eff 1.906
  ehvi       +kdpp_string conc 0.185 robust 0.962 eff 1.319
  ehvi       +kdpp_corum  conc 0.355 robust 0.937 eff 1.611
  trunc_pred +none        conc 0.393 robust 0.910 eff 0.821
  trunc_pred +kdpp_string conc 0.183 robust 0.932 eff 0.394
  trunc_pred +kdpp_corum  conc 0.307 robust 0.937 eff 0.652
  greedy_safe+none        conc 0.179 robust 0.934 eff 0.975
  greedy_safe+kdpp_string conc 0.069 robust 0.956 eff 0.870
  greedy_safe+kdpp_corum  conc 0.127 robust 0.947 eff 0.961
  ehvi_trunc +none        conc 0.470 robust 0.915 eff 0.907
  ehvi_trunc +kdpp_string conc 0.217 robust 0.960 eff 0.779
  ehvi_trunc +kdpp_corum  conc 0.233 robust 0.941 eff 0.866
  ehvi_safe  +none        conc 0.274 robust 0.934 eff 1.104
  ehvi_safe  +kdpp_string conc 0.170 robust 0.961 eff 0.902
  ehvi_safe  +kdpp_corum  conc 0.265 robust 0.941 eff 1.065

=== [aggregate toxicity] 1 lines x 2 seeds (mean +/- 95% CI) ===
[A: safety vs efficacy]
  greedy       eff 2.183+/-0.020  tox 0.940+/-0.006
  trunc_known  eff 0.863+/-0.639  tox 0.206+/-0.136
  trunc_pred   eff 1.329+/-0.681  tox 0.647+/-0.203
  greedy_safe  eff 0.762+/-0.271  tox 0.489+/-0.128
  ehvi         eff 0.768+/-0.098  tox 0.577+/-0.070
  ehvi_pareto  eff 0.595+/-0.058  tox 0.308+/-0.061
  ehvi_trunc   eff 0.736+/-0.064  tox 0.494+/-0.121
  ehvi_safe    eff 0.736+/-0.064  tox 0.494+/-0.121
  known_safe   eff 0.853+/-0.833  tox 0.204+/-0.105
  random       eff 0.620+/-0.045  tox 0.355+/-0.080
  cluster      eff 0.766+/-0.066  tox 0.530+/-0.000
  info_div     eff 2.008+/-0.160  tox 0.926+/-0.136
[B: diversity / robustness]
  greedy     +none        conc 0.950 robust 0.689 eff 2.995
  greedy     +kdpp_string conc 0.170 robust 0.957 eff 1.080
  greedy     +kdpp_corum  conc 0.706 robust 0.924 eff 2.082
  ehvi       +none        conc 0.564 robust 0.847 eff 1.906
  ehvi       +kdpp_string conc 0.185 robust 0.962 eff 1.319
  ehvi       +kdpp_corum  conc 0.355 robust 0.937 eff 1.611
  trunc_pred +none        conc 0.455 robust 0.913 eff 1.385
  trunc_pred +kdpp_string conc 0.167 robust 0.930 eff 0.903
  trunc_pred +kdpp_corum  conc 0.404 robust 0.923 eff 1.359
  greedy_safe+none        conc 0.210 robust 0.959 eff 0.824
  greedy_safe+kdpp_string conc 0.170 robust 0.962 eff 0.752
  greedy_safe+kdpp_corum  conc 0.199 robust 0.962 eff 0.835
  ehvi_trunc +none        conc 0.791 robust 0.808 eff 1.488
  ehvi_trunc +kdpp_string conc 0.160 robust 0.962 eff 0.981
  ehvi_trunc +kdpp_corum  conc 0.395 robust 0.932 eff 1.129
  ehvi_safe  +none        conc 0.538 robust 0.858 eff 1.431
  ehvi_safe  +kdpp_string conc 0.188 robust 0.959 eff 0.851
  ehvi_safe  +kdpp_corum  conc 0.288 robust 0.935 eff 1.055
run dir: res/runs_ablation/sweep_indep_20260617-001131/shard_9
SHARD DONE
