shard 10: line=ACH-000583 contrast=ACH-001360 node=braid-st-comp-48xl-10
Analysis A panel: 18531 genes (none); Analysis B panel: 5116 genes (data/processed/depmap/panel_5k.txt)
contrast-line candidates (best first): ['ACH-001360', 'ACH-000608', 'ACH-000934', 'ACH-002806', 'ACH-000571', 'ACH-000811', 'ACH-001422', 'ACH-001513', 'ACH-001194', 'ACH-003184']
using contrast line: ACH-001360
target lines (1): ['ACH-000583']
[ACH-000583] A=18420 genes, B=5044 genes
[ACH-000583] done (2 seeds x 2 tox-sources)

=== [contrast toxicity] 1 lines x 2 seeds (mean +/- 95% CI) ===
[A: safety vs efficacy]
  greedy       eff 0.955+/-0.693  tox 0.576+/-0.155
  trunc_known  eff 0.700+/-0.699  tox 0.130+/-0.032
  trunc_pred   eff 0.705+/-0.688  tox 0.141+/-0.054
  greedy_safe  eff 0.817+/-0.907  tox 0.157+/-0.023
  ehvi         eff 1.619+/-0.412  tox 1.012+/-1.288
  ehvi_pareto  eff 1.255+/-0.066  tox 0.071+/-0.088
  ehvi_trunc   eff 1.219+/-0.009  tox 0.111+/-0.010
  ehvi_safe    eff 1.219+/-0.009  tox 0.111+/-0.010
  known_safe   eff 0.735+/-0.751  tox 0.126+/-0.056
  random       eff 0.692+/-0.096  tox 0.446+/-0.062
  cluster      eff 0.928+/-0.026  tox 0.455+/-0.137
  info_div     eff 1.781+/-0.173  tox 1.964+/-0.155
[B: diversity / robustness]
  greedy     +none        conc 0.983 robust 0.690 eff 2.967
  greedy     +kdpp_string conc 0.114 robust 0.956 eff 1.238
  greedy     +kdpp_corum  conc 0.756 robust 0.913 eff 2.062
  ehvi       +none        conc 0.721 robust 0.808 eff 1.884
  ehvi       +kdpp_string conc 0.260 robust 0.954 eff 1.144
  ehvi       +kdpp_corum  conc 0.442 robust 0.941 eff 1.578
  trunc_pred +none        conc 0.305 robust 0.943 eff 0.582
  trunc_pred +kdpp_string conc 0.291 robust 0.944 eff 0.542
  trunc_pred +kdpp_corum  conc 0.270 robust 0.944 eff 0.582
  greedy_safe+none        conc 0.661 robust 0.796 eff 0.955
  greedy_safe+kdpp_string conc 0.433 robust 0.941 eff 0.812
  greedy_safe+kdpp_corum  conc 0.291 robust 0.948 eff 0.820
  ehvi_trunc +none        conc 0.675 robust 0.915 eff 1.139
  ehvi_trunc +kdpp_string conc 0.256 robust 0.960 eff 0.953
  ehvi_trunc +kdpp_corum  conc 0.199 robust 0.964 eff 0.959
  ehvi_safe  +none        conc 0.585 robust 0.943 eff 1.002
  ehvi_safe  +kdpp_string conc 0.237 robust 0.962 eff 0.866
  ehvi_safe  +kdpp_corum  conc 0.167 robust 0.965 eff 0.866

=== [aggregate toxicity] 1 lines x 2 seeds (mean +/- 95% CI) ===
[A: safety vs efficacy]
  greedy       eff 0.955+/-0.693  tox 0.541+/-0.397
  trunc_known  eff 0.415+/-0.162  tox 0.142+/-0.075
  trunc_pred   eff 0.550+/-0.278  tox 0.248+/-0.097
  greedy_safe  eff 0.636+/-0.448  tox 0.311+/-0.221
  ehvi         eff 1.222+/-0.647  tox 0.566+/-0.379
  ehvi_pareto  eff 0.932+/-0.781  tox 0.323+/-0.427
  ehvi_trunc   eff 0.966+/-0.289  tox 0.399+/-0.213
  ehvi_safe    eff 0.992+/-0.340  tox 0.400+/-0.215
  known_safe   eff 0.684+/-0.674  tox 0.218+/-0.224
  random       eff 0.692+/-0.096  tox 0.345+/-0.089
  cluster      eff 0.928+/-0.026  tox 0.544+/-0.055
  info_div     eff 1.781+/-0.173  tox 0.888+/-0.006
[B: diversity / robustness]
  greedy     +none        conc 0.983 robust 0.690 eff 2.967
  greedy     +kdpp_string conc 0.114 robust 0.956 eff 1.238
  greedy     +kdpp_corum  conc 0.756 robust 0.913 eff 2.062
  ehvi       +none        conc 0.721 robust 0.808 eff 1.884
  ehvi       +kdpp_string conc 0.260 robust 0.954 eff 1.144
  ehvi       +kdpp_corum  conc 0.442 robust 0.941 eff 1.578
  trunc_pred +none        conc 0.556 robust 0.922 eff 1.204
  trunc_pred +kdpp_string conc 0.192 robust 0.952 eff 0.599
  trunc_pred +kdpp_corum  conc 0.475 robust 0.929 eff 1.179
  greedy_safe+none        conc 0.556 robust 0.894 eff 1.322
  greedy_safe+kdpp_string conc 0.213 robust 0.945 eff 0.793
  greedy_safe+kdpp_corum  conc 0.469 robust 0.927 eff 1.233
  ehvi_trunc +none        conc 0.644 robust 0.891 eff 0.892
  ehvi_trunc +kdpp_string conc 0.265 robust 0.954 eff 0.743
  ehvi_trunc +kdpp_corum  conc 0.299 robust 0.940 eff 0.777
  ehvi_safe  +none        conc 0.516 robust 0.933 eff 0.814
  ehvi_safe  +kdpp_string conc 0.091 robust 0.946 eff 0.720
  ehvi_safe  +kdpp_corum  conc 0.183 robust 0.946 eff 0.776
run dir: res/runs_ablation/sweep_indep_20260617-001131/shard_10
SHARD DONE
