shard 9: line=ACH-001054 contrast=ACH-001360 node=braid-st-comp-48xl-16
joint multitask GP enabled for learned-safety methods (trunc_pred, ehvi)
Analysis A panel: 18531 genes (none); Analysis B panel: 5116 genes (data/processed/depmap/panel_5k.txt)
contrast-line candidates (best first): ['ACH-001360', 'ACH-000608', 'ACH-000934', 'ACH-002806', 'ACH-000571', 'ACH-000811', 'ACH-001422', 'ACH-001513', 'ACH-001194', 'ACH-003184']
using contrast line: ACH-001360
target lines (1): ['ACH-001054']
[ACH-001054] A=18420 genes, B=5044 genes
[ACH-001054] done (2 seeds x 2 tox-sources)

=== [contrast toxicity] 1 lines x 2 seeds (mean +/- 95% CI) ===
[A: safety vs efficacy]
  greedy       eff 2.183+/-0.020  tox 2.388+/-0.279
  trunc_known  eff 0.974+/-0.732  tox 0.106+/-0.046
  trunc_pred   eff 0.581+/-0.354  tox 0.250+/-0.289
  greedy_safe  eff 0.890+/-0.138  tox 0.176+/-0.107
  ehvi         eff 1.227+/-0.575  tox 0.679+/-0.610
  ehvi_pareto  eff 0.963+/-0.386  tox 0.212+/-0.332
  ehvi_trunc   eff 0.996+/-0.534  tox 0.491+/-0.657
  ehvi_safe    eff 0.819+/-0.246  tox 0.132+/-0.018
  known_safe   eff 0.833+/-0.049  tox 0.133+/-0.053
  random       eff 0.620+/-0.045  tox 0.484+/-0.032
  cluster      eff 0.766+/-0.066  tox 0.471+/-0.051
  info_div     eff 2.008+/-0.160  tox 2.437+/-0.225
[B: diversity / robustness]
  greedy     +none        conc 0.950 robust 0.689 eff 2.995
  greedy     +kdpp_string conc 0.170 robust 0.957 eff 1.080
  greedy     +kdpp_corum  conc 0.706 robust 0.924 eff 2.082
  ehvi       +none        conc 0.511 robust 0.889 eff 1.898
  ehvi       +kdpp_string conc 0.169 robust 0.962 eff 1.205
  ehvi       +kdpp_corum  conc 0.300 robust 0.953 eff 1.634
  trunc_pred +none        conc 0.419 robust 0.951 eff 0.446
  trunc_pred +kdpp_string conc 0.145 robust 0.940 eff 0.230
  trunc_pred +kdpp_corum  conc 0.127 robust 0.953 eff 0.257
  greedy_safe+none        conc 0.173 robust 0.944 eff 0.979
  greedy_safe+kdpp_string conc 0.150 robust 0.958 eff 0.801
  greedy_safe+kdpp_corum  conc 0.143 robust 0.936 eff 0.890
  ehvi_trunc +none        conc 0.208 robust 0.955 eff 1.043
  ehvi_trunc +kdpp_string conc 0.122 robust 0.957 eff 0.909
  ehvi_trunc +kdpp_corum  conc 0.146 robust 0.962 eff 0.993
  ehvi_safe  +none        conc 0.479 robust 0.910 eff 0.765
  ehvi_safe  +kdpp_string conc 0.215 robust 0.954 eff 0.754
  ehvi_safe  +kdpp_corum  conc 0.174 robust 0.956 eff 0.837

=== [aggregate toxicity] 1 lines x 2 seeds (mean +/- 95% CI) ===
[A: safety vs efficacy]
  greedy       eff 2.183+/-0.020  tox 0.940+/-0.006
  trunc_known  eff 0.863+/-0.639  tox 0.206+/-0.136
  trunc_pred   eff 1.140+/-0.635  tox 0.679+/-0.204
  greedy_safe  eff 1.056+/-0.386  tox 0.652+/-0.063
  ehvi         eff 0.991+/-0.908  tox 0.580+/-0.563
  ehvi_pareto  eff 0.903+/-0.790  tox 0.486+/-0.459
  ehvi_trunc   eff 0.802+/-0.847  tox 0.472+/-0.646
  ehvi_safe    eff 0.762+/-0.050  tox 0.545+/-0.000
  known_safe   eff 0.853+/-0.833  tox 0.204+/-0.105
  random       eff 0.620+/-0.045  tox 0.355+/-0.080
  cluster      eff 0.766+/-0.066  tox 0.530+/-0.000
  info_div     eff 2.008+/-0.160  tox 0.926+/-0.136
[B: diversity / robustness]
  greedy     +none        conc 0.950 robust 0.689 eff 2.995
  greedy     +kdpp_string conc 0.170 robust 0.957 eff 1.080
  greedy     +kdpp_corum  conc 0.706 robust 0.924 eff 2.082
  ehvi       +none        conc 0.511 robust 0.889 eff 1.898
  ehvi       +kdpp_string conc 0.169 robust 0.962 eff 1.205
  ehvi       +kdpp_corum  conc 0.300 robust 0.953 eff 1.634
  trunc_pred +none        conc 0.234 robust 0.948 eff 0.760
  trunc_pred +kdpp_string conc 0.136 robust 0.965 eff 0.706
  trunc_pred +kdpp_corum  conc 0.193 robust 0.958 eff 0.735
  greedy_safe+none        conc 0.146 robust 0.946 eff 1.015
  greedy_safe+kdpp_string conc 0.113 robust 0.956 eff 0.784
  greedy_safe+kdpp_corum  conc 0.192 robust 0.949 eff 1.028
  ehvi_trunc +none        conc 0.190 robust 0.949 eff 0.899
  ehvi_trunc +kdpp_string conc 0.105 robust 0.962 eff 0.792
  ehvi_trunc +kdpp_corum  conc 0.182 robust 0.941 eff 0.883
  ehvi_safe  +none        conc 0.562 robust 0.786 eff 0.683
  ehvi_safe  +kdpp_string conc 0.174 robust 0.946 eff 0.834
  ehvi_safe  +kdpp_corum  conc 0.177 robust 0.929 eff 0.898
run dir: res/runs_ablation/sweep_joint_20260617-001129/shard_9
SHARD DONE
