shard 0: line=ACH-000696 contrast=ACH-001360 node=braid-st-comp-48xl-20
joint multitask GP enabled for learned-safety methods (trunc_pred, ehvi)
Analysis A panel: 18531 genes (none); Analysis B panel: 5116 genes (data/processed/depmap/panel_5k.txt)
contrast-line candidates (best first): ['ACH-001360', 'ACH-000608', 'ACH-000934', 'ACH-002806', 'ACH-000571', 'ACH-000811', 'ACH-001422', 'ACH-001513', 'ACH-001194', 'ACH-003184']
using contrast line: ACH-001360
target lines (1): ['ACH-000696']
[ACH-000696] A=18513 genes, B=5113 genes
[ACH-000696] done (2 seeds x 2 tox-sources)

=== [contrast toxicity] 1 lines x 2 seeds (mean +/- 95% CI) ===
[A: safety vs efficacy]
  greedy       eff 2.073+/-1.979  tox 1.200+/-1.945
  trunc_known  eff 1.103+/-0.098  tox 0.119+/-0.124
  trunc_pred   eff 0.619+/-0.896  tox 0.143+/-0.174
  greedy_safe  eff 1.020+/-0.110  tox 0.439+/-0.404
  ehvi         eff 2.081+/-0.845  tox 1.294+/-0.894
  ehvi_pareto  eff 1.564+/-0.780  tox 0.698+/-0.895
  ehvi_trunc   eff 1.010+/-0.187  tox 0.480+/-0.503
  ehvi_safe    eff 1.194+/-0.484  tox 0.420+/-0.067
  known_safe   eff 1.333+/-0.568  tox 0.146+/-0.072
  random       eff 1.204+/-0.103  tox 0.881+/-0.404
  cluster      eff 1.483+/-1.052  tox 0.873+/-1.044
  info_div     eff 1.323+/-0.504  tox 0.552+/-0.675
[B: diversity / robustness]
  greedy     +none        conc 0.898 robust 0.774 eff 3.062
  greedy     +kdpp_string conc 0.148 robust 0.951 eff 1.510
  greedy     +kdpp_corum  conc 0.542 robust 0.912 eff 2.376
  ehvi       +none        conc 0.425 robust 0.940 eff 2.170
  ehvi       +kdpp_string conc 0.106 robust 0.957 eff 1.623
  ehvi       +kdpp_corum  conc 0.316 robust 0.950 eff 2.037
  trunc_pred +none        conc 0.301 robust 0.910 eff 0.400
  trunc_pred +kdpp_string conc 0.405 robust 0.929 eff 0.275
  trunc_pred +kdpp_corum  conc 0.362 robust 0.927 eff 0.310
  greedy_safe+none        conc 0.260 robust 0.957 eff 0.803
  greedy_safe+kdpp_string conc 0.094 robust 0.962 eff 0.566
  greedy_safe+kdpp_corum  conc 0.149 robust 0.957 eff 0.737
  ehvi_trunc +none        conc 0.170 robust 0.957 eff 1.040
  ehvi_trunc +kdpp_string conc 0.117 robust 0.951 eff 0.774
  ehvi_trunc +kdpp_corum  conc 0.170 robust 0.961 eff 1.013
  ehvi_safe  +none        conc 0.162 robust 0.966 eff 0.771
  ehvi_safe  +kdpp_string conc 0.128 robust 0.967 eff 0.639
  ehvi_safe  +kdpp_corum  conc 0.143 robust 0.975 eff 0.774

=== [aggregate toxicity] 1 lines x 2 seeds (mean +/- 95% CI) ===
[A: safety vs efficacy]
  greedy       eff 2.073+/-1.979  tox 0.781+/-0.182
  trunc_known  eff 0.875+/-0.322  tox 0.266+/-0.141
  trunc_pred   eff 0.500+/-0.391  tox 0.227+/-0.292
  greedy_safe  eff 0.501+/-0.409  tox 0.226+/-0.307
  ehvi         eff 1.917+/-0.714  tox 0.813+/-0.013
  ehvi_pareto  eff 1.728+/-0.428  tox 0.749+/-0.064
  ehvi_trunc   eff 0.769+/-0.783  tox 0.414+/-0.399
  ehvi_safe    eff 1.046+/-0.276  tox 0.558+/-0.115
  known_safe   eff 1.384+/-0.010  tox 0.329+/-0.059
  random       eff 1.204+/-0.103  tox 0.651+/-0.096
  cluster      eff 1.483+/-1.052  tox 0.701+/-0.201
  info_div     eff 1.323+/-0.504  tox 0.687+/-0.006
[B: diversity / robustness]
  greedy     +none        conc 0.898 robust 0.774 eff 3.062
  greedy     +kdpp_string conc 0.148 robust 0.951 eff 1.510
  greedy     +kdpp_corum  conc 0.542 robust 0.912 eff 2.376
  ehvi       +none        conc 0.425 robust 0.940 eff 2.170
  ehvi       +kdpp_string conc 0.106 robust 0.957 eff 1.623
  ehvi       +kdpp_corum  conc 0.316 robust 0.950 eff 2.037
  trunc_pred +none        conc 0.183 robust 0.960 eff 0.759
  trunc_pred +kdpp_string conc 0.110 robust 0.958 eff 0.660
  trunc_pred +kdpp_corum  conc 0.183 robust 0.962 eff 0.774
  greedy_safe+none        conc 0.304 robust 0.930 eff 1.443
  greedy_safe+kdpp_string conc 0.183 robust 0.955 eff 1.280
  greedy_safe+kdpp_corum  conc 0.289 robust 0.933 eff 1.510
  ehvi_trunc +none        conc 0.417 robust 0.950 eff 0.815
  ehvi_trunc +kdpp_string conc 0.124 robust 0.977 eff 0.784
  ehvi_trunc +kdpp_corum  conc 0.150 robust 0.971 eff 0.796
  ehvi_safe  +none        conc 0.303 robust 0.943 eff 1.497
  ehvi_safe  +kdpp_string conc 0.127 robust 0.953 eff 1.077
  ehvi_safe  +kdpp_corum  conc 0.161 robust 0.948 eff 1.378
run dir: res/runs_ablation/sweep_joint_20260617-001129/shard_0
SHARD DONE
