shard 1: line=ACH-000362 contrast=ACH-001360 node=braid-st-comp-48xl-21
joint multitask GP enabled for learned-safety methods (trunc_pred, ehvi)
Analysis A panel: 18531 genes (none); Analysis B panel: 5116 genes (data/processed/depmap/panel_5k.txt)
contrast-line candidates (best first): ['ACH-001360', 'ACH-000608', 'ACH-000934', 'ACH-002806', 'ACH-000571', 'ACH-000811', 'ACH-001422', 'ACH-001513', 'ACH-001194', 'ACH-003184']
using contrast line: ACH-001360
target lines (1): ['ACH-000362']
[ACH-000362] A=18449 genes, B=5055 genes
[ACH-000362] done (2 seeds x 2 tox-sources)

=== [contrast toxicity] 1 lines x 2 seeds (mean +/- 95% CI) ===
[A: safety vs efficacy]
  greedy       eff 0.956+/-0.029  tox 0.645+/-0.122
  trunc_known  eff 0.605+/-0.184  tox 0.095+/-0.159
  trunc_pred   eff 0.816+/-0.175  tox 0.269+/-0.129
  greedy_safe  eff 1.248+/-1.008  tox 0.565+/-0.741
  ehvi         eff 0.866+/-0.177  tox 0.545+/-0.017
  ehvi_pareto  eff 0.519+/-0.942  tox 0.155+/-0.401
  ehvi_trunc   eff 0.574+/-0.281  tox 0.458+/-0.128
  ehvi_safe    eff 0.653+/-0.165  tox 0.264+/-0.135
  known_safe   eff 0.692+/-0.487  tox 0.095+/-0.004
  random       eff 2.588+/-0.164  tox 1.761+/-0.102
  cluster      eff 0.838+/-0.177  tox 0.595+/-0.212
  info_div     eff 1.083+/-0.803  tox 1.039+/-0.814
[B: diversity / robustness]
  greedy     +none        conc 0.746 robust 0.835 eff 2.380
  greedy     +kdpp_string conc 0.222 robust 0.946 eff 1.393
  greedy     +kdpp_corum  conc 0.446 robust 0.932 eff 2.080
  ehvi       +none        conc 0.317 robust 0.944 eff 1.356
  ehvi       +kdpp_string conc 0.085 robust 0.964 eff 1.142
  ehvi       +kdpp_corum  conc 0.210 robust 0.950 eff 1.351
  trunc_pred +none        conc 0.303 robust 0.948 eff 0.561
  trunc_pred +kdpp_string conc 0.091 robust 0.973 eff 0.523
  trunc_pred +kdpp_corum  conc 0.152 robust 0.969 eff 0.514
  greedy_safe+none        conc 0.780 robust 0.833 eff 0.684
  greedy_safe+kdpp_string conc 0.186 robust 0.954 eff 0.675
  greedy_safe+kdpp_corum  conc 0.369 robust 0.927 eff 0.676
  ehvi_trunc +none        conc 0.355 robust 0.949 eff 1.013
  ehvi_trunc +kdpp_string conc 0.238 robust 0.948 eff 0.852
  ehvi_trunc +kdpp_corum  conc 0.247 robust 0.959 eff 0.946
  ehvi_safe  +none        conc 0.463 robust 0.920 eff 0.841
  ehvi_safe  +kdpp_string conc 0.209 robust 0.951 eff 0.738
  ehvi_safe  +kdpp_corum  conc 0.426 robust 0.945 eff 0.835

=== [aggregate toxicity] 1 lines x 2 seeds (mean +/- 95% CI) ===
[A: safety vs efficacy]
  greedy       eff 0.956+/-0.029  tox 0.646+/-0.172
  trunc_known  eff 0.481+/-0.461  tox 0.189+/-0.167
  trunc_pred   eff 0.780+/-0.090  tox 0.440+/-0.170
  greedy_safe  eff 0.752+/-0.089  tox 0.468+/-0.082
  ehvi         eff 2.709+/-0.069  tox 0.831+/-0.048
  ehvi_pareto  eff 2.453+/-0.091  tox 0.767+/-0.161
  ehvi_trunc   eff 1.210+/-0.486  tox 0.627+/-0.095
  ehvi_safe    eff 0.894+/-0.061  tox 0.576+/-0.083
  known_safe   eff 0.555+/-0.409  tox 0.191+/-0.261
  random       eff 2.588+/-0.164  tox 0.862+/-0.004
  cluster      eff 0.838+/-0.177  tox 0.596+/-0.033
  info_div     eff 1.083+/-0.803  tox 0.626+/-0.447
[B: diversity / robustness]
  greedy     +none        conc 0.746 robust 0.835 eff 2.380
  greedy     +kdpp_string conc 0.222 robust 0.946 eff 1.393
  greedy     +kdpp_corum  conc 0.446 robust 0.932 eff 2.080
  ehvi       +none        conc 0.317 robust 0.944 eff 1.356
  ehvi       +kdpp_string conc 0.085 robust 0.964 eff 1.142
  ehvi       +kdpp_corum  conc 0.210 robust 0.950 eff 1.351
  trunc_pred +none        conc 0.243 robust 0.931 eff 1.091
  trunc_pred +kdpp_string conc 0.135 robust 0.961 eff 0.695
  trunc_pred +kdpp_corum  conc 0.246 robust 0.954 eff 1.072
  greedy_safe+none        conc 0.435 robust 0.934 eff 0.962
  greedy_safe+kdpp_string conc 0.173 robust 0.964 eff 0.844
  greedy_safe+kdpp_corum  conc 0.439 robust 0.941 eff 0.871
  ehvi_trunc +none        conc 0.428 robust 0.918 eff 0.877
  ehvi_trunc +kdpp_string conc 0.086 robust 0.952 eff 0.764
  ehvi_trunc +kdpp_corum  conc 0.160 robust 0.952 eff 0.786
  ehvi_safe  +none        conc 0.124 robust 0.949 eff 0.859
  ehvi_safe  +kdpp_string conc 0.098 robust 0.954 eff 0.879
  ehvi_safe  +kdpp_corum  conc 0.118 robust 0.950 eff 0.888
run dir: res/runs_ablation/sweep_joint_20260617-001129/shard_1
SHARD DONE
