shard 5: line=ACH-000527 contrast=ACH-001360 node=braid-st-comp-48xl-5
joint multitask GP enabled for learned-safety methods (trunc_pred, ehvi)
Analysis A panel: 18531 genes (none); Analysis B panel: 5116 genes (data/processed/depmap/panel_5k.txt)
contrast-line candidates (best first): ['ACH-001360', 'ACH-000608', 'ACH-000934', 'ACH-002806', 'ACH-000571', 'ACH-000811', 'ACH-001422', 'ACH-001513', 'ACH-001194', 'ACH-003184']
using contrast line: ACH-001360
target lines (1): ['ACH-000527']
[ACH-000527] A=18435 genes, B=5056 genes
[ACH-000527] done (2 seeds x 2 tox-sources)

=== [contrast toxicity] 1 lines x 2 seeds (mean +/- 95% CI) ===
[A: safety vs efficacy]
  greedy       eff 2.274+/-0.138  tox 2.518+/-0.138
  trunc_known  eff 0.627+/-0.031  tox 0.179+/-0.010
  trunc_pred   eff 0.588+/-0.352  tox 0.398+/-0.207
  greedy_safe  eff 0.944+/-0.242  tox 0.465+/-0.069
  ehvi         eff 1.035+/-1.042  tox 1.174+/-1.526
  ehvi_pareto  eff 0.239+/-0.336  tox 0.121+/-0.261
  ehvi_trunc   eff 0.238+/-0.005  tox 0.220+/-0.022
  ehvi_safe    eff 0.713+/-0.167  tox 0.714+/-0.140
  known_safe   eff 1.240+/-1.116  tox 0.181+/-0.005
  random       eff 1.341+/-0.897  tox 1.274+/-1.145
  cluster      eff 0.904+/-0.096  tox 0.664+/-0.331
  info_div     eff 2.209+/-0.129  tox 2.481+/-0.002
[B: diversity / robustness]
  greedy     +none        conc 0.946 robust 0.725 eff 2.594
  greedy     +kdpp_string conc 0.110 robust 0.955 eff 1.289
  greedy     +kdpp_corum  conc 0.523 robust 0.902 eff 1.960
  ehvi       +none        conc 0.412 robust 0.927 eff 1.816
  ehvi       +kdpp_string conc 0.121 robust 0.963 eff 1.285
  ehvi       +kdpp_corum  conc 0.233 robust 0.955 eff 1.574
  trunc_pred +none        conc 0.260 robust 0.957 eff 0.509
  trunc_pred +kdpp_string conc 0.162 robust 0.967 eff 0.403
  trunc_pred +kdpp_corum  conc 0.108 robust 0.960 eff 0.438
  greedy_safe+none        conc 0.316 robust 0.952 eff 1.015
  greedy_safe+kdpp_string conc 0.067 robust 0.945 eff 0.814
  greedy_safe+kdpp_corum  conc 0.130 robust 0.973 eff 0.949
  ehvi_trunc +none        conc 0.514 robust 0.927 eff 0.957
  ehvi_trunc +kdpp_string conc 0.074 robust 0.966 eff 0.944
  ehvi_trunc +kdpp_corum  conc 0.144 robust 0.963 eff 1.037
  ehvi_safe  +none        conc 0.447 robust 0.921 eff 0.707
  ehvi_safe  +kdpp_string conc 0.127 robust 0.957 eff 0.867
  ehvi_safe  +kdpp_corum  conc 0.202 robust 0.947 eff 0.773

=== [aggregate toxicity] 1 lines x 2 seeds (mean +/- 95% CI) ===
[A: safety vs efficacy]
  greedy       eff 2.274+/-0.138  tox 0.967+/-0.009
  trunc_known  eff 0.517+/-0.026  tox 0.129+/-0.041
  trunc_pred   eff 1.181+/-0.667  tox 0.565+/-0.369
  greedy_safe  eff 0.941+/-0.586  tox 0.524+/-0.252
  ehvi         eff 2.575+/-0.065  tox 0.875+/-0.081
  ehvi_pareto  eff 2.145+/-0.046  tox 0.867+/-0.026
  ehvi_trunc   eff 1.005+/-0.132  tox 0.641+/-0.222
  ehvi_safe    eff 0.835+/-0.030  tox 0.475+/-0.091
  known_safe   eff 1.004+/-0.807  tox 0.230+/-0.086
  random       eff 1.341+/-0.897  tox 0.738+/-0.293
  cluster      eff 0.904+/-0.096  tox 0.539+/-0.015
  info_div     eff 2.209+/-0.129  tox 0.984+/-0.018
[B: diversity / robustness]
  greedy     +none        conc 0.946 robust 0.725 eff 2.594
  greedy     +kdpp_string conc 0.110 robust 0.955 eff 1.289
  greedy     +kdpp_corum  conc 0.523 robust 0.902 eff 1.960
  ehvi       +none        conc 0.412 robust 0.927 eff 1.816
  ehvi       +kdpp_string conc 0.121 robust 0.963 eff 1.285
  ehvi       +kdpp_corum  conc 0.233 robust 0.955 eff 1.574
  trunc_pred +none        conc 0.270 robust 0.938 eff 0.758
  trunc_pred +kdpp_string conc 0.192 robust 0.961 eff 0.962
  trunc_pred +kdpp_corum  conc 0.214 robust 0.941 eff 1.109
  greedy_safe+none        conc 0.161 robust 0.942 eff 1.008
  greedy_safe+kdpp_string conc 0.113 robust 0.957 eff 0.847
  greedy_safe+kdpp_corum  conc 0.152 robust 0.957 eff 0.978
  ehvi_trunc +none        conc 0.319 robust 0.946 eff 1.020
  ehvi_trunc +kdpp_string conc 0.081 robust 0.938 eff 0.513
  ehvi_trunc +kdpp_corum  conc 0.164 robust 0.964 eff 0.912
  ehvi_safe  +none        conc 0.201 robust 0.949 eff 0.993
  ehvi_safe  +kdpp_string conc 0.061 robust 0.952 eff 0.713
  ehvi_safe  +kdpp_corum  conc 0.150 robust 0.955 eff 0.894
run dir: res/runs_ablation/sweep_joint_20260617-001129/shard_5
SHARD DONE
