shard 3: line=ACH-000067 contrast=ACH-001360 node=braid-st-comp-48xl-3
joint multitask GP enabled for learned-safety methods (trunc_pred, ehvi)
Analysis A panel: 18531 genes (none); Analysis B panel: 5116 genes (data/processed/depmap/panel_5k.txt)
contrast-line candidates (best first): ['ACH-001360', 'ACH-000608', 'ACH-000934', 'ACH-002806', 'ACH-000571', 'ACH-000811', 'ACH-001422', 'ACH-001513', 'ACH-001194', 'ACH-003184']
using contrast line: ACH-001360
target lines (1): ['ACH-000067']
[ACH-000067] A=18435 genes, B=5056 genes
[ACH-000067] done (2 seeds x 2 tox-sources)

=== [contrast toxicity] 1 lines x 2 seeds (mean +/- 95% CI) ===
[A: safety vs efficacy]
  greedy       eff 2.068+/-0.214  tox 2.441+/-0.155
  trunc_known  eff 0.464+/-0.281  tox 0.125+/-0.028
  trunc_pred   eff 0.375+/-0.315  tox 0.239+/-0.268
  greedy_safe  eff 0.778+/-0.209  tox 0.532+/-0.007
  ehvi         eff 1.781+/-0.145  tox 1.760+/-0.207
  ehvi_pareto  eff 0.651+/-1.199  tox 0.527+/-1.037
  ehvi_trunc   eff 0.296+/-0.585  tox 0.272+/-0.548
  ehvi_safe    eff 0.562+/-0.125  tox 0.511+/-0.048
  known_safe   eff 1.062+/-1.092  tox 0.194+/-0.026
  random       eff 1.359+/-0.737  tox 1.298+/-1.147
  cluster      eff 0.833+/-0.145  tox 0.746+/-0.316
  info_div     eff 1.925+/-0.462  tox 2.063+/-0.477
[B: diversity / robustness]
  greedy     +none        conc 0.879 robust 0.752 eff 2.464
  greedy     +kdpp_string conc 0.290 robust 0.938 eff 1.310
  greedy     +kdpp_corum  conc 0.585 robust 0.882 eff 1.850
  ehvi       +none        conc 0.556 robust 0.784 eff 1.774
  ehvi       +kdpp_string conc 0.092 robust 0.956 eff 1.154
  ehvi       +kdpp_corum  conc 0.365 robust 0.943 eff 1.515
  trunc_pred +none        conc 0.299 robust 0.957 eff 0.390
  trunc_pred +kdpp_string conc 0.133 robust 0.953 eff 0.348
  trunc_pred +kdpp_corum  conc 0.115 robust 0.960 eff 0.402
  greedy_safe+none        conc 0.211 robust 0.951 eff 0.530
  greedy_safe+kdpp_string conc 0.103 robust 0.943 eff 0.485
  greedy_safe+kdpp_corum  conc 0.185 robust 0.955 eff 0.474
  ehvi_trunc +none        conc 0.131 robust 0.954 eff 0.671
  ehvi_trunc +kdpp_string conc 0.113 robust 0.959 eff 0.581
  ehvi_trunc +kdpp_corum  conc 0.127 robust 0.952 eff 0.671
  ehvi_safe  +none        conc 0.163 robust 0.970 eff 0.577
  ehvi_safe  +kdpp_string conc 0.112 robust 0.968 eff 0.582
  ehvi_safe  +kdpp_corum  conc 0.160 robust 0.966 eff 0.630

=== [aggregate toxicity] 1 lines x 2 seeds (mean +/- 95% CI) ===
[A: safety vs efficacy]
  greedy       eff 2.068+/-0.214  tox 0.976+/-0.029
  trunc_known  eff 0.348+/-0.169  tox 0.131+/-0.028
  trunc_pred   eff 1.102+/-1.016  tox 0.588+/-0.378
  greedy_safe  eff 0.811+/-0.654  tox 0.545+/-0.372
  ehvi         eff 2.337+/-0.076  tox 0.906+/-0.106
  ehvi_pareto  eff 1.512+/-0.280  tox 0.676+/-0.107
  ehvi_trunc   eff 0.883+/-0.160  tox 0.513+/-0.138
  ehvi_safe    eff 0.652+/-0.790  tox 0.393+/-0.511
  known_safe   eff 0.800+/-0.775  tox 0.209+/-0.076
  random       eff 1.359+/-0.737  tox 0.781+/-0.150
  cluster      eff 0.833+/-0.145  tox 0.519+/-0.003
  info_div     eff 1.925+/-0.462  tox 0.951+/-0.024
[B: diversity / robustness]
  greedy     +none        conc 0.879 robust 0.752 eff 2.464
  greedy     +kdpp_string conc 0.290 robust 0.938 eff 1.310
  greedy     +kdpp_corum  conc 0.585 robust 0.882 eff 1.850
  ehvi       +none        conc 0.556 robust 0.784 eff 1.774
  ehvi       +kdpp_string conc 0.092 robust 0.956 eff 1.154
  ehvi       +kdpp_corum  conc 0.365 robust 0.943 eff 1.515
  trunc_pred +none        conc 0.273 robust 0.949 eff 1.029
  trunc_pred +kdpp_string conc 0.118 robust 0.955 eff 0.845
  trunc_pred +kdpp_corum  conc 0.196 robust 0.948 eff 1.003
  greedy_safe+none        conc 0.162 robust 0.953 eff 1.119
  greedy_safe+kdpp_string conc 0.071 robust 0.971 eff 0.867
  greedy_safe+kdpp_corum  conc 0.100 robust 0.961 eff 0.981
  ehvi_trunc +none        conc 0.169 robust 0.952 eff 0.910
  ehvi_trunc +kdpp_string conc 0.130 robust 0.940 eff 0.817
  ehvi_trunc +kdpp_corum  conc 0.134 robust 0.959 eff 0.847
  ehvi_safe  +none        conc 0.196 robust 0.942 eff 1.008
  ehvi_safe  +kdpp_string conc 0.219 robust 0.960 eff 0.694
  ehvi_safe  +kdpp_corum  conc 0.179 robust 0.959 eff 1.002
run dir: res/runs_ablation/sweep_joint_20260617-001129/shard_3
SHARD DONE
