shard 11: line=ACH-001401 contrast=ACH-001360 node=braid-st-comp-48xl-5
Analysis A panel: 18531 genes (none); Analysis B panel: 5116 genes (data/processed/depmap/panel_5k.txt)
contrast-line candidates (best first): ['ACH-001360', 'ACH-000608', 'ACH-000934', 'ACH-002806', 'ACH-000571', 'ACH-000811', 'ACH-001422', 'ACH-001513', 'ACH-001194', 'ACH-003184']
using contrast line: ACH-001360
target lines (1): ['ACH-001401']
[ACH-001401] A=18420 genes, B=5044 genes
[ACH-001401] done (2 seeds x 2 tox-sources)

=== [contrast toxicity] 1 lines x 2 seeds (mean +/- 95% CI) ===
[A: safety vs efficacy]
  greedy       eff 1.528+/-0.592  tox 1.179+/-1.892
  trunc_known  eff 0.869+/-0.611  tox 0.112+/-0.009
  trunc_pred   eff 0.996+/-0.401  tox 0.353+/-0.439
  greedy_safe  eff 0.987+/-0.418  tox 0.332+/-0.398
  ehvi         eff 1.667+/-0.814  tox 1.065+/-1.303
  ehvi_pareto  eff 1.167+/-0.185  tox 0.181+/-0.197
  ehvi_trunc   eff 1.095+/-0.030  tox 0.105+/-0.014
  ehvi_safe    eff 1.116+/-0.010  tox 0.110+/-0.004
  known_safe   eff 1.344+/-0.358  tox 0.123+/-0.037
  random       eff 0.665+/-0.117  tox 0.460+/-0.019
  cluster      eff 0.872+/-0.089  tox 0.443+/-0.092
  info_div     eff 1.409+/-0.390  tox 1.224+/-0.271
[B: diversity / robustness]
  greedy     +none        conc 0.950 robust 0.716 eff 2.711
  greedy     +kdpp_string conc 0.124 robust 0.960 eff 1.224
  greedy     +kdpp_corum  conc 0.646 robust 0.926 eff 1.958
  ehvi       +none        conc 0.558 robust 0.898 eff 1.880
  ehvi       +kdpp_string conc 0.179 robust 0.960 eff 1.239
  ehvi       +kdpp_corum  conc 0.280 robust 0.941 eff 1.546
  trunc_pred +none        conc 0.393 robust 0.918 eff 0.901
  trunc_pred +kdpp_string conc 0.215 robust 0.954 eff 0.452
  trunc_pred +kdpp_corum  conc 0.290 robust 0.950 eff 0.735
  greedy_safe+none        conc 0.579 robust 0.920 eff 1.041
  greedy_safe+kdpp_string conc 0.317 robust 0.933 eff 0.731
  greedy_safe+kdpp_corum  conc 0.304 robust 0.935 eff 0.871
  ehvi_trunc +none        conc 0.697 robust 0.915 eff 1.198
  ehvi_trunc +kdpp_string conc 0.110 robust 0.955 eff 0.843
  ehvi_trunc +kdpp_corum  conc 0.371 robust 0.939 eff 1.023
  ehvi_safe  +none        conc 0.521 robust 0.931 eff 1.169
  ehvi_safe  +kdpp_string conc 0.202 robust 0.931 eff 0.890
  ehvi_safe  +kdpp_corum  conc 0.316 robust 0.937 eff 1.017

=== [aggregate toxicity] 1 lines x 2 seeds (mean +/- 95% CI) ===
[A: safety vs efficacy]
  greedy       eff 1.528+/-0.592  tox 0.764+/-0.281
  trunc_known  eff 0.676+/-0.324  tox 0.258+/-0.148
  trunc_pred   eff 1.120+/-0.226  tox 0.536+/-0.144
  greedy_safe  eff 1.044+/-0.462  tox 0.585+/-0.027
  ehvi         eff 0.540+/-0.011  tox 0.235+/-0.015
  ehvi_pareto  eff 0.474+/-0.047  tox 0.131+/-0.030
  ehvi_trunc   eff 0.392+/-0.144  tox 0.127+/-0.098
  ehvi_safe    eff 0.392+/-0.144  tox 0.127+/-0.098
  known_safe   eff 1.160+/-0.502  tox 0.337+/-0.012
  random       eff 0.665+/-0.117  tox 0.333+/-0.071
  cluster      eff 0.872+/-0.089  tox 0.515+/-0.079
  info_div     eff 1.409+/-0.390  tox 0.740+/-0.214
[B: diversity / robustness]
  greedy     +none        conc 0.950 robust 0.716 eff 2.711
  greedy     +kdpp_string conc 0.124 robust 0.960 eff 1.224
  greedy     +kdpp_corum  conc 0.646 robust 0.926 eff 1.958
  ehvi       +none        conc 0.558 robust 0.898 eff 1.880
  ehvi       +kdpp_string conc 0.179 robust 0.960 eff 1.239
  ehvi       +kdpp_corum  conc 0.280 robust 0.941 eff 1.546
  trunc_pred +none        conc 0.414 robust 0.921 eff 1.005
  trunc_pred +kdpp_string conc 0.267 robust 0.916 eff 0.760
  trunc_pred +kdpp_corum  conc 0.355 robust 0.929 eff 0.928
  greedy_safe+none        conc 0.650 robust 0.901 eff 0.799
  greedy_safe+kdpp_string conc 0.222 robust 0.949 eff 0.588
  greedy_safe+kdpp_corum  conc 0.423 robust 0.925 eff 0.710
  ehvi_trunc +none        conc 0.562 robust 0.889 eff 1.357
  ehvi_trunc +kdpp_string conc 0.131 robust 0.951 eff 0.793
  ehvi_trunc +kdpp_corum  conc 0.302 robust 0.946 eff 1.121
  ehvi_safe  +none        conc 0.692 robust 0.874 eff 1.196
  ehvi_safe  +kdpp_string conc 0.118 robust 0.959 eff 0.743
  ehvi_safe  +kdpp_corum  conc 0.400 robust 0.936 eff 0.907
run dir: res/runs_ablation/sweep_indep_20260617-001131/shard_11
SHARD DONE
