shard 7: line=ACH-000168 contrast=ACH-001360 node=braid-st-comp-48xl-10
Analysis A panel: 18531 genes (none); Analysis B panel: 5116 genes (data/processed/depmap/panel_5k.txt)
contrast-line candidates (best first): ['ACH-001360', 'ACH-000608', 'ACH-000934', 'ACH-002806', 'ACH-000571', 'ACH-000811', 'ACH-001422', 'ACH-001513', 'ACH-001194', 'ACH-003184']
using contrast line: ACH-001360
target lines (1): ['ACH-000168']
[ACH-000168] A=18420 genes, B=5044 genes
[ACH-000168] done (2 seeds x 2 tox-sources)

=== [contrast toxicity] 1 lines x 2 seeds (mean +/- 95% CI) ===
[A: safety vs efficacy]
  greedy       eff 1.954+/-0.277  tox 2.429+/-0.212
  trunc_known  eff 0.419+/-0.342  tox 0.149+/-0.005
  trunc_pred   eff 0.571+/-0.020  tox 0.366+/-0.341
  greedy_safe  eff 0.893+/-0.070  tox 0.746+/-0.186
  ehvi         eff 1.541+/-1.999  tox 1.126+/-1.503
  ehvi_pareto  eff 1.271+/-2.165  tox 0.811+/-1.573
  ehvi_trunc   eff 0.448+/-0.299  tox 0.115+/-0.030
  ehvi_safe    eff 0.534+/-0.468  tox 0.368+/-0.468
  known_safe   eff 0.450+/-0.060  tox 0.162+/-0.051
  random       eff 0.589+/-0.056  tox 0.479+/-0.014
  cluster      eff 0.682+/-0.314  tox 0.716+/-0.460
  info_div     eff 1.001+/-0.211  tox 1.135+/-0.255
[B: diversity / robustness]
  greedy     +none        conc 1.000 robust 0.650 eff 2.879
  greedy     +kdpp_string conc 0.184 robust 0.955 eff 1.252
  greedy     +kdpp_corum  conc 0.741 robust 0.907 eff 2.165
  ehvi       +none        conc 0.760 robust 0.873 eff 2.122
  ehvi       +kdpp_string conc 0.131 robust 0.964 eff 1.228
  ehvi       +kdpp_corum  conc 0.376 robust 0.941 eff 1.654
  trunc_pred +none        conc 0.379 robust 0.934 eff 0.470
  trunc_pred +kdpp_string conc 0.133 robust 0.942 eff 0.445
  trunc_pred +kdpp_corum  conc 0.167 robust 0.942 eff 0.495
  greedy_safe+none        conc 0.318 robust 0.911 eff 0.859
  greedy_safe+kdpp_string conc 0.108 robust 0.957 eff 0.539
  greedy_safe+kdpp_corum  conc 0.257 robust 0.951 eff 0.820
  ehvi_trunc +none        conc 0.200 robust 0.968 eff 1.010
  ehvi_trunc +kdpp_string conc 0.063 robust 0.964 eff 0.894
  ehvi_trunc +kdpp_corum  conc 0.115 robust 0.974 eff 0.994
  ehvi_safe  +none        conc 0.292 robust 0.944 eff 0.932
  ehvi_safe  +kdpp_string conc 0.113 robust 0.953 eff 0.783
  ehvi_safe  +kdpp_corum  conc 0.240 robust 0.947 eff 0.863

=== [aggregate toxicity] 1 lines x 2 seeds (mean +/- 95% CI) ===
[A: safety vs efficacy]
  greedy       eff 1.954+/-0.277  tox 0.980+/-0.024
  trunc_known  eff 0.354+/-0.335  tox 0.142+/-0.070
  trunc_pred   eff 0.755+/-0.335  tox 0.417+/-0.157
  greedy_safe  eff 0.989+/-0.005  tox 0.638+/-0.057
  ehvi         eff 0.399+/-0.052  tox 0.184+/-0.076
  ehvi_pareto  eff 0.284+/-0.015  tox 0.044+/-0.016
  ehvi_trunc   eff 0.293+/-0.024  tox 0.075+/-0.025
  ehvi_safe    eff 0.293+/-0.024  tox 0.075+/-0.025
  known_safe   eff 0.383+/-0.070  tox 0.114+/-0.045
  random       eff 0.589+/-0.056  tox 0.330+/-0.078
  cluster      eff 0.682+/-0.314  tox 0.481+/-0.155
  info_div     eff 1.001+/-0.211  tox 0.657+/-0.032
[B: diversity / robustness]
  greedy     +none        conc 1.000 robust 0.650 eff 2.879
  greedy     +kdpp_string conc 0.184 robust 0.955 eff 1.252
  greedy     +kdpp_corum  conc 0.741 robust 0.907 eff 2.165
  ehvi       +none        conc 0.760 robust 0.873 eff 2.122
  ehvi       +kdpp_string conc 0.131 robust 0.964 eff 1.228
  ehvi       +kdpp_corum  conc 0.376 robust 0.941 eff 1.654
  trunc_pred +none        conc 0.564 robust 0.910 eff 1.337
  trunc_pred +kdpp_string conc 0.198 robust 0.939 eff 0.878
  trunc_pred +kdpp_corum  conc 0.462 robust 0.928 eff 1.272
  greedy_safe+none        conc 0.342 robust 0.938 eff 0.795
  greedy_safe+kdpp_string conc 0.175 robust 0.940 eff 0.424
  greedy_safe+kdpp_corum  conc 0.331 robust 0.942 eff 0.737
  ehvi_trunc +none        conc 0.166 robust 0.951 eff 0.908
  ehvi_trunc +kdpp_string conc 0.067 robust 0.956 eff 0.713
  ehvi_trunc +kdpp_corum  conc 0.142 robust 0.952 eff 0.891
  ehvi_safe  +none        conc 0.088 robust 0.962 eff 0.626
  ehvi_safe  +kdpp_string conc 0.089 robust 0.962 eff 0.606
  ehvi_safe  +kdpp_corum  conc 0.088 robust 0.962 eff 0.626
run dir: res/runs_ablation/sweep_indep_20260617-001131/shard_7
SHARD DONE
