shard 7: line=ACH-000168 contrast=ACH-001360 node=braid-st-comp-48xl-7
joint multitask GP enabled for learned-safety methods (trunc_pred, ehvi)
Analysis A panel: 18531 genes (none); Analysis B panel: 5116 genes (data/processed/depmap/panel_5k.txt)
contrast-line candidates (best first): ['ACH-001360', 'ACH-000608', 'ACH-000934', 'ACH-002806', 'ACH-000571', 'ACH-000811', 'ACH-001422', 'ACH-001513', 'ACH-001194', 'ACH-003184']
using contrast line: ACH-001360
target lines (1): ['ACH-000168']
[ACH-000168] A=18420 genes, B=5044 genes
[ACH-000168] done (2 seeds x 2 tox-sources)

=== [contrast toxicity] 1 lines x 2 seeds (mean +/- 95% CI) ===
[A: safety vs efficacy]
  greedy       eff 1.954+/-0.277  tox 2.429+/-0.212
  trunc_known  eff 0.419+/-0.342  tox 0.149+/-0.005
  trunc_pred   eff 0.479+/-0.269  tox 0.587+/-0.481
  greedy_safe  eff 0.567+/-0.177  tox 0.430+/-0.187
  ehvi         eff 1.879+/-0.036  tox 1.709+/-0.641
  ehvi_pareto  eff 0.681+/-0.654  tox 0.429+/-0.813
  ehvi_trunc   eff 1.300+/-0.168  tox 1.236+/-0.166
  ehvi_safe    eff 0.469+/-0.399  tox 0.389+/-0.277
  known_safe   eff 0.450+/-0.060  tox 0.162+/-0.051
  random       eff 0.589+/-0.056  tox 0.479+/-0.014
  cluster      eff 0.682+/-0.314  tox 0.716+/-0.460
  info_div     eff 1.001+/-0.211  tox 1.135+/-0.255
[B: diversity / robustness]
  greedy     +none        conc 1.000 robust 0.650 eff 2.879
  greedy     +kdpp_string conc 0.184 robust 0.955 eff 1.252
  greedy     +kdpp_corum  conc 0.741 robust 0.907 eff 2.165
  ehvi       +none        conc 0.826 robust 0.784 eff 2.131
  ehvi       +kdpp_string conc 0.180 robust 0.957 eff 1.284
  ehvi       +kdpp_corum  conc 0.486 robust 0.948 eff 1.749
  trunc_pred +none        conc 0.394 robust 0.948 eff 0.281
  trunc_pred +kdpp_string conc 0.129 robust 0.953 eff 0.247
  trunc_pred +kdpp_corum  conc 0.222 robust 0.956 eff 0.286
  greedy_safe+none        conc 0.105 robust 0.955 eff 0.595
  greedy_safe+kdpp_string conc 0.061 robust 0.960 eff 0.534
  greedy_safe+kdpp_corum  conc 0.118 robust 0.954 eff 0.473
  ehvi_trunc +none        conc 0.174 robust 0.964 eff 0.538
  ehvi_trunc +kdpp_string conc 0.150 robust 0.970 eff 0.570
  ehvi_trunc +kdpp_corum  conc 0.148 robust 0.953 eff 0.453
  ehvi_safe  +none        conc 0.160 robust 0.961 eff 0.561
  ehvi_safe  +kdpp_string conc 0.109 robust 0.953 eff 0.673
  ehvi_safe  +kdpp_corum  conc 0.133 robust 0.961 eff 0.583

=== [aggregate toxicity] 1 lines x 2 seeds (mean +/- 95% CI) ===
[A: safety vs efficacy]
  greedy       eff 1.954+/-0.277  tox 0.980+/-0.024
  trunc_known  eff 0.354+/-0.335  tox 0.142+/-0.070
  trunc_pred   eff 0.867+/-0.379  tox 0.529+/-0.089
  greedy_safe  eff 0.827+/-0.023  tox 0.595+/-0.056
  ehvi         eff 2.213+/-0.108  tox 0.906+/-0.046
  ehvi_pareto  eff 1.815+/-0.776  tox 0.852+/-0.156
  ehvi_trunc   eff 1.098+/-0.305  tox 0.701+/-0.088
  ehvi_safe    eff 0.812+/-0.334  tox 0.560+/-0.159
  known_safe   eff 0.383+/-0.070  tox 0.114+/-0.045
  random       eff 0.589+/-0.056  tox 0.330+/-0.078
  cluster      eff 0.682+/-0.314  tox 0.481+/-0.155
  info_div     eff 1.001+/-0.211  tox 0.657+/-0.032
[B: diversity / robustness]
  greedy     +none        conc 1.000 robust 0.650 eff 2.879
  greedy     +kdpp_string conc 0.184 robust 0.955 eff 1.252
  greedy     +kdpp_corum  conc 0.741 robust 0.907 eff 2.165
  ehvi       +none        conc 0.826 robust 0.784 eff 2.131
  ehvi       +kdpp_string conc 0.180 robust 0.957 eff 1.284
  ehvi       +kdpp_corum  conc 0.486 robust 0.948 eff 1.749
  trunc_pred +none        conc 0.219 robust 0.957 eff 0.774
  trunc_pred +kdpp_string conc 0.179 robust 0.959 eff 0.754
  trunc_pred +kdpp_corum  conc 0.172 robust 0.959 eff 0.846
  greedy_safe+none        conc 0.225 robust 0.893 eff 0.981
  greedy_safe+kdpp_string conc 0.090 robust 0.940 eff 0.908
  greedy_safe+kdpp_corum  conc 0.268 robust 0.926 eff 1.010
  ehvi_trunc +none        conc 0.215 robust 0.961 eff 0.614
  ehvi_trunc +kdpp_string conc 0.144 robust 0.960 eff 0.510
  ehvi_trunc +kdpp_corum  conc 0.105 robust 0.959 eff 0.577
  ehvi_safe  +none        conc 0.130 robust 0.956 eff 0.681
  ehvi_safe  +kdpp_string conc 0.069 robust 0.939 eff 0.722
  ehvi_safe  +kdpp_corum  conc 0.100 robust 0.940 eff 0.658
run dir: res/runs_ablation/sweep_joint_20260617-001129/shard_7
SHARD DONE
