START 1781713494
joint multitask GP enabled for learned-safety methods (trunc_pred, ehvi)
Analysis A panel: 18531 genes (none); Analysis B panel: 18531 genes (none)
contrast-line candidates (best first): ['ACH-001360', 'ACH-000608', 'ACH-000934', 'ACH-002806', 'ACH-000571', 'ACH-000811', 'ACH-001422', 'ACH-001513', 'ACH-001194', 'ACH-003184']
using contrast line: ACH-001360
target lines (1): ['ACH-000696']
[ACH-000696] A=18513 genes, B=18513 genes
[ACH-000696] done (1 seeds x 2 tox-sources)

=== [contrast toxicity] 1 lines x 1 seeds (mean +/- 95% CI) ===
[A: safety vs efficacy]
  greedy       eff 3.082+/-0.000  tox 2.192+/-0.000
  trunc_known  eff 1.153+/-0.000  tox 0.056+/-0.000
  trunc_pred   eff 0.201+/-0.000  tox 0.060+/-0.000
  greedy_safe  eff 0.767+/-0.000  tox 0.633+/-0.000
  ehvi         eff 2.078+/-0.000  tox 1.296+/-0.000
  ehvi_pareto  eff 1.304+/-0.000  tox 0.492+/-0.000
  ehvi_trunc   eff 1.189+/-0.000  tox 0.554+/-0.000
  ehvi_safe    eff 1.116+/-0.000  tox 0.610+/-0.000
  known_safe   eff 1.623+/-0.000  tox 0.109+/-0.000
  random       eff 1.152+/-0.000  tox 0.675+/-0.000
  cluster      eff 2.020+/-0.000  tox 1.405+/-0.000
  info_div     eff 1.580+/-0.000  tox 0.896+/-0.000
[B: diversity / robustness]
  greedy     +none        conc 1.000 robust 0.707 eff 3.082
  greedy     +kdpp_string conc 0.188 robust 0.939 eff 1.102
  greedy     +kdpp_corum  conc 0.696 robust 0.863 eff 2.095
  ehvi       +none        conc 0.920 robust 0.853 eff 2.385
  ehvi       +kdpp_string conc 0.375 robust 0.930 eff 1.274
  ehvi       +kdpp_corum  conc 0.471 robust 0.935 eff 1.893
  trunc_pred +none        conc 0.273 robust 0.913 eff 0.162
  trunc_pred +kdpp_string conc 0.111 robust 0.918 eff 0.135
  trunc_pred +kdpp_corum  conc 0.273 robust 0.913 eff 0.162
  greedy_safe+none        conc 0.235 robust 0.942 eff 1.111
  greedy_safe+kdpp_string conc 0.176 robust 0.943 eff 0.916
  greedy_safe+kdpp_corum  conc 0.133 robust 0.969 eff 0.963
  ehvi_trunc +none        conc 0.278 robust 0.937 eff 1.062
  ehvi_trunc +kdpp_string conc 0.167 robust 0.965 eff 0.604
  ehvi_trunc +kdpp_corum  conc 0.176 robust 0.933 eff 0.939
  ehvi_safe  +none        conc 0.182 robust 0.957 eff 0.923
  ehvi_safe  +kdpp_string conc 0.111 robust 0.935 eff 0.702
  ehvi_safe  +kdpp_corum  conc 0.167 robust 0.925 eff 1.071

=== [aggregate toxicity] 1 lines x 1 seeds (mean +/- 95% CI) ===
[A: safety vs efficacy]
  greedy       eff 3.082+/-0.000  tox 0.874+/-0.000
  trunc_known  eff 1.039+/-0.000  tox 0.194+/-0.000
  trunc_pred   eff 0.371+/-0.000  tox 0.088+/-0.000
  greedy_safe  eff 0.377+/-0.000  tox 0.097+/-0.000
  ehvi         eff 2.263+/-0.000  tox 0.806+/-0.000
  ehvi_pareto  eff 1.812+/-0.000  tox 0.641+/-0.000
  ehvi_trunc   eff 1.489+/-0.000  tox 0.730+/-0.000
  ehvi_safe    eff 0.860+/-0.000  tox 0.528+/-0.000
  known_safe   eff 1.378+/-0.000  tox 0.298+/-0.000
  random       eff 1.152+/-0.000  tox 0.602+/-0.000
  cluster      eff 2.020+/-0.000  tox 0.803+/-0.000
  info_div     eff 1.580+/-0.000  tox 0.684+/-0.000
[B: diversity / robustness]
  greedy     +none        conc 1.000 robust 0.707 eff 3.082
  greedy     +kdpp_string conc 0.188 robust 0.939 eff 1.102
  greedy     +kdpp_corum  conc 0.696 robust 0.863 eff 2.095
  ehvi       +none        conc 0.920 robust 0.853 eff 2.385
  ehvi       +kdpp_string conc 0.375 robust 0.930 eff 1.274
  ehvi       +kdpp_corum  conc 0.471 robust 0.935 eff 1.893
  trunc_pred +none        conc 0.364 robust 0.880 eff 0.205
  trunc_pred +kdpp_string conc 0.222 robust 0.909 eff 0.160
  trunc_pred +kdpp_corum  conc 0.500 robust 0.836 eff 0.300
  greedy_safe+none        conc 0.400 robust 0.942 eff 1.014
  greedy_safe+kdpp_string conc 0.105 robust 0.959 eff 0.799
  greedy_safe+kdpp_corum  conc 0.250 robust 0.947 eff 0.929
  ehvi_trunc +none        conc 0.462 robust 0.932 eff 1.204
  ehvi_trunc +kdpp_string conc 0.143 robust 0.954 eff 0.943
  ehvi_trunc +kdpp_corum  conc 0.357 robust 0.936 eff 1.172
  ehvi_safe  +none        conc 0.154 robust 0.937 eff 1.072
  ehvi_safe  +kdpp_string conc 0.182 robust 0.940 eff 0.637
  ehvi_safe  +kdpp_corum  conc 0.182 robust 0.939 eff 1.070
run dir: res/runs_ablation/smoke_bfull/shard_0
END 1781714233
