shard 3: line=ACH-000067 contrast=ACH-001360 node=braid-st-comp-48xl-14
joint multitask GP enabled for learned-safety methods (trunc_pred, ehvi)
Analysis A panel: 18531 genes (none); Analysis B panel: 18531 genes (none)
contrast-line candidates (best first): ['ACH-001360', 'ACH-000608', 'ACH-000934', 'ACH-002806', 'ACH-000571', 'ACH-000811', 'ACH-001422', 'ACH-001513', 'ACH-001194', 'ACH-003184']
using contrast line: ACH-001360
target lines (1): ['ACH-000067']
[ACH-000067] A=18435 genes, B=18435 genes
[ACH-000067] done (2 seeds x 2 tox-sources)

=== [contrast toxicity] 1 lines x 2 seeds (mean +/- 95% CI) ===
[A: safety vs efficacy]
  greedy       eff 2.068+/-0.214  tox 2.441+/-0.155
  trunc_known  eff 0.464+/-0.281  tox 0.125+/-0.028
  trunc_pred   eff 0.365+/-0.350  tox 0.272+/-0.205
  greedy_safe  eff 0.513+/-0.144  tox 0.368+/-0.060
  ehvi         eff 2.012+/-0.768  tox 1.991+/-0.001
  ehvi_pareto  eff 0.990+/-1.316  tox 0.597+/-0.679
  ehvi_trunc   eff 0.543+/-0.299  tox 0.369+/-0.089
  ehvi_safe    eff 0.492+/-0.166  tox 0.295+/-0.043
  known_safe   eff 1.062+/-1.092  tox 0.194+/-0.026
  random       eff 1.359+/-0.737  tox 1.298+/-1.147
  cluster      eff 0.833+/-0.145  tox 0.746+/-0.316
  info_div     eff 1.925+/-0.462  tox 2.063+/-0.477
[B: diversity / robustness]
  greedy     +none        conc 0.719 robust 0.861 eff 2.068
  greedy     +kdpp_string conc 0.211 robust 0.940 eff 0.951
  greedy     +kdpp_corum  conc 0.444 robust 0.909 eff 1.768
  ehvi       +none        conc 0.380 robust 0.936 eff 1.024
  ehvi       +kdpp_string conc 0.171 robust 0.937 eff 0.737
  ehvi       +kdpp_corum  conc 0.296 robust 0.941 eff 0.929
  trunc_pred +none        conc 0.117 robust 0.938 eff 0.390
  trunc_pred +kdpp_string conc 0.104 robust 0.948 eff 0.424
  trunc_pred +kdpp_corum  conc 0.094 robust 0.930 eff 0.492
  greedy_safe+none        conc 0.155 robust 0.965 eff 0.641
  greedy_safe+kdpp_string conc 0.070 robust 0.964 eff 0.489
  greedy_safe+kdpp_corum  conc 0.177 robust 0.952 eff 0.572
  ehvi_trunc +none        conc 0.195 robust 0.946 eff 0.779
  ehvi_trunc +kdpp_string conc 0.102 robust 0.936 eff 0.426
  ehvi_trunc +kdpp_corum  conc 0.130 robust 0.952 eff 0.760
  ehvi_safe  +none        conc 0.227 robust 0.937 eff 0.973
  ehvi_safe  +kdpp_string conc 0.100 robust 0.935 eff 0.656
  ehvi_safe  +kdpp_corum  conc 0.127 robust 0.944 eff 0.918

=== [aggregate toxicity] 1 lines x 2 seeds (mean +/- 95% CI) ===
[A: safety vs efficacy]
  greedy       eff 2.068+/-0.214  tox 0.976+/-0.029
  trunc_known  eff 0.348+/-0.169  tox 0.131+/-0.028
  trunc_pred   eff 1.061+/-1.000  tox 0.583+/-0.388
  greedy_safe  eff 0.747+/-0.529  tox 0.527+/-0.337
  ehvi         eff 2.318+/-0.200  tox 0.898+/-0.031
  ehvi_pareto  eff 2.026+/-0.056  tox 0.827+/-0.239
  ehvi_trunc   eff 0.805+/-0.151  tox 0.536+/-0.016
  ehvi_safe    eff 0.567+/-0.427  tox 0.404+/-0.392
  known_safe   eff 0.800+/-0.775  tox 0.209+/-0.076
  random       eff 1.359+/-0.737  tox 0.781+/-0.150
  cluster      eff 0.833+/-0.145  tox 0.519+/-0.003
  info_div     eff 1.925+/-0.462  tox 0.951+/-0.024
[B: diversity / robustness]
  greedy     +none        conc 0.719 robust 0.861 eff 2.068
  greedy     +kdpp_string conc 0.211 robust 0.940 eff 0.951
  greedy     +kdpp_corum  conc 0.444 robust 0.909 eff 1.768
  ehvi       +none        conc 0.380 robust 0.936 eff 1.024
  ehvi       +kdpp_string conc 0.171 robust 0.937 eff 0.737
  ehvi       +kdpp_corum  conc 0.296 robust 0.941 eff 0.929
  trunc_pred +none        conc 0.212 robust 0.933 eff 1.112
  trunc_pred +kdpp_string conc 0.081 robust 0.954 eff 0.618
  trunc_pred +kdpp_corum  conc 0.161 robust 0.937 eff 1.041
  greedy_safe+none        conc 0.290 robust 0.912 eff 1.078
  greedy_safe+kdpp_string conc 0.123 robust 0.948 eff 0.845
  greedy_safe+kdpp_corum  conc 0.257 robust 0.924 eff 1.017
  ehvi_trunc +none        conc 0.458 robust 0.896 eff 0.914
  ehvi_trunc +kdpp_string conc 0.103 robust 0.954 eff 0.532
  ehvi_trunc +kdpp_corum  conc 0.237 robust 0.914 eff 0.741
  ehvi_safe  +none        conc 0.289 robust 0.919 eff 0.809
  ehvi_safe  +kdpp_string conc 0.142 robust 0.960 eff 0.678
  ehvi_safe  +kdpp_corum  conc 0.275 robust 0.929 eff 0.802
run dir: res/runs_ablation/sweep_joint_20260617-163814/shard_3
SHARD DONE
