shard 6: line=ACH-000900 contrast=ACH-001360 node=braid-st-comp-48xl-22
joint multitask GP enabled for learned-safety methods (trunc_pred, ehvi)
Analysis A panel: 18531 genes (none); Analysis B panel: 18531 genes (none)
contrast-line candidates (best first): ['ACH-001360', 'ACH-000608', 'ACH-000934', 'ACH-002806', 'ACH-000571', 'ACH-000811', 'ACH-001422', 'ACH-001513', 'ACH-001194', 'ACH-003184']
using contrast line: ACH-001360
target lines (1): ['ACH-000900']
[ACH-000900] A=18433 genes, B=18433 genes
[ACH-000900] done (2 seeds x 2 tox-sources)

=== [contrast toxicity] 1 lines x 2 seeds (mean +/- 95% CI) ===
[A: safety vs efficacy]
  greedy       eff 2.065+/-1.846  tox 1.166+/-1.817
  trunc_known  eff 0.961+/-0.078  tox 0.074+/-0.085
  trunc_pred   eff 0.546+/-0.629  tox 0.272+/-0.072
  greedy_safe  eff 0.711+/-0.382  tox 0.270+/-0.103
  ehvi         eff 2.151+/-0.199  tox 1.480+/-0.111
  ehvi_pareto  eff 0.610+/-0.958  tox 0.057+/-0.229
  ehvi_trunc   eff 0.928+/-0.086  tox 0.422+/-0.595
  ehvi_safe    eff 1.072+/-0.026  tox 0.620+/-0.882
  known_safe   eff 1.172+/-0.247  tox 0.114+/-0.038
  random       eff 1.422+/-1.211  tox 1.150+/-0.952
  cluster      eff 1.114+/-0.412  tox 1.035+/-1.178
  info_div     eff 2.804+/-0.257  tox 2.033+/-0.129
[B: diversity / robustness]
  greedy     +none        conc 0.964 robust 0.672 eff 2.065
  greedy     +kdpp_string conc 0.717 robust 0.847 eff 1.747
  greedy     +kdpp_corum  conc 0.440 robust 0.912 eff 1.112
  ehvi       +none        conc 0.798 robust 0.828 eff 1.957
  ehvi       +kdpp_string conc 0.285 robust 0.925 eff 1.015
  ehvi       +kdpp_corum  conc 0.546 robust 0.923 eff 1.467
  trunc_pred +none        conc 0.577 robust 0.679 eff 0.587
  trunc_pred +kdpp_string conc 0.345 robust 0.907 eff 0.367
  trunc_pred +kdpp_corum  conc 0.167 robust 0.931 eff 0.330
  greedy_safe+none        conc 0.537 robust 0.831 eff 0.895
  greedy_safe+kdpp_string conc 0.398 robust 0.909 eff 0.467
  greedy_safe+kdpp_corum  conc 0.196 robust 0.950 eff 0.539
  ehvi_trunc +none        conc 0.284 robust 0.902 eff 1.048
  ehvi_trunc +kdpp_string conc 0.146 robust 0.964 eff 0.777
  ehvi_trunc +kdpp_corum  conc 0.307 robust 0.943 eff 0.946
  ehvi_safe  +none        conc 0.625 robust 0.767 eff 0.981
  ehvi_safe  +kdpp_string conc 0.338 robust 0.948 eff 0.825
  ehvi_safe  +kdpp_corum  conc 0.283 robust 0.945 eff 0.910

=== [aggregate toxicity] 1 lines x 2 seeds (mean +/- 95% CI) ===
[A: safety vs efficacy]
  greedy       eff 2.065+/-1.846  tox 0.762+/-0.210
  trunc_known  eff 0.767+/-0.452  tox 0.194+/-0.128
  trunc_pred   eff 0.751+/-0.422  tox 0.411+/-0.221
  greedy_safe  eff 0.725+/-0.543  tox 0.426+/-0.326
  ehvi         eff 1.935+/-0.098  tox 0.863+/-0.010
  ehvi_pareto  eff 1.600+/-0.511  tox 0.667+/-0.093
  ehvi_trunc   eff 0.976+/-0.107  tox 0.567+/-0.062
  ehvi_safe    eff 0.827+/-0.229  tox 0.493+/-0.024
  known_safe   eff 1.370+/-0.329  tox 0.262+/-0.134
  random       eff 1.422+/-1.211  tox 0.629+/-0.396
  cluster      eff 1.114+/-0.412  tox 0.664+/-0.227
  info_div     eff 2.804+/-0.257  tox 0.886+/-0.010
[B: diversity / robustness]
  greedy     +none        conc 0.964 robust 0.672 eff 2.065
  greedy     +kdpp_string conc 0.717 robust 0.847 eff 1.747
  greedy     +kdpp_corum  conc 0.440 robust 0.912 eff 1.112
  ehvi       +none        conc 0.798 robust 0.828 eff 1.957
  ehvi       +kdpp_string conc 0.285 robust 0.925 eff 1.015
  ehvi       +kdpp_corum  conc 0.546 robust 0.923 eff 1.467
  trunc_pred +none        conc 0.657 robust 0.888 eff 0.766
  trunc_pred +kdpp_string conc 0.352 robust 0.929 eff 0.563
  trunc_pred +kdpp_corum  conc 0.348 robust 0.930 eff 0.598
  greedy_safe+none        conc 0.637 robust 0.857 eff 0.808
  greedy_safe+kdpp_string conc 0.363 robust 0.930 eff 0.466
  greedy_safe+kdpp_corum  conc 0.321 robust 0.925 eff 0.668
  ehvi_trunc +none        conc 0.688 robust 0.752 eff 1.579
  ehvi_trunc +kdpp_string conc 0.075 robust 0.950 eff 0.779
  ehvi_trunc +kdpp_corum  conc 0.376 robust 0.923 eff 1.046
  ehvi_safe  +none        conc 0.701 robust 0.831 eff 1.250
  ehvi_safe  +kdpp_string conc 0.224 robust 0.949 eff 0.656
  ehvi_safe  +kdpp_corum  conc 0.254 robust 0.934 eff 0.854
run dir: res/runs_ablation/sweep_joint_20260617-163814/shard_6
SHARD DONE
