shard 4: line=ACH-000183 contrast=ACH-001360 node=braid-st-comp-48xl-15
joint multitask GP enabled for learned-safety methods (trunc_pred, ehvi)
Analysis A panel: 18531 genes (none); Analysis B panel: 18531 genes (none)
contrast-line candidates (best first): ['ACH-001360', 'ACH-000608', 'ACH-000934', 'ACH-002806', 'ACH-000571', 'ACH-000811', 'ACH-001422', 'ACH-001513', 'ACH-001194', 'ACH-003184']
using contrast line: ACH-001360
target lines (1): ['ACH-000183']
[ACH-000183] A=18435 genes, B=18435 genes
[ACH-000183] done (2 seeds x 2 tox-sources)

=== [contrast toxicity] 1 lines x 2 seeds (mean +/- 95% CI) ===
[A: safety vs efficacy]
  greedy       eff 1.979+/-0.297  tox 2.370+/-0.070
  trunc_known  eff 0.520+/-0.325  tox 0.130+/-0.008
  trunc_pred   eff 0.454+/-0.263  tox 0.261+/-0.295
  greedy_safe  eff 0.850+/-0.714  tox 0.406+/-0.454
  ehvi         eff 1.338+/-0.174  tox 1.600+/-0.071
  ehvi_pareto  eff 0.623+/-0.279  tox 0.184+/-0.013
  ehvi_trunc   eff 0.889+/-0.187  tox 0.578+/-0.103
  ehvi_safe    eff 0.572+/-0.046  tox 0.371+/-0.352
  known_safe   eff 1.536+/-0.160  tox 0.160+/-0.013
  random       eff 1.067+/-0.802  tox 1.055+/-1.512
  cluster      eff 1.005+/-0.376  tox 0.955+/-0.885
  info_div     eff 1.910+/-0.157  tox 2.285+/-0.049
[B: diversity / robustness]
  greedy     +none        conc 0.670 robust 0.858 eff 1.979
  greedy     +kdpp_string conc 0.205 robust 0.945 eff 1.014
  greedy     +kdpp_corum  conc 0.473 robust 0.899 eff 1.736
  ehvi       +none        conc 0.633 robust 0.839 eff 1.509
  ehvi       +kdpp_string conc 0.189 robust 0.917 eff 0.922
  ehvi       +kdpp_corum  conc 0.315 robust 0.917 eff 1.179
  trunc_pred +none        conc 0.168 robust 0.953 eff 0.486
  trunc_pred +kdpp_string conc 0.077 robust 0.960 eff 0.466
  trunc_pred +kdpp_corum  conc 0.106 robust 0.963 eff 0.541
  greedy_safe+none        conc 0.146 robust 0.949 eff 0.745
  greedy_safe+kdpp_string conc 0.144 robust 0.961 eff 0.609
  greedy_safe+kdpp_corum  conc 0.158 robust 0.949 eff 0.742
  ehvi_trunc +none        conc 0.430 robust 0.920 eff 0.763
  ehvi_trunc +kdpp_string conc 0.080 robust 0.958 eff 0.646
  ehvi_trunc +kdpp_corum  conc 0.194 robust 0.946 eff 0.663
  ehvi_safe  +none        conc 0.263 robust 0.929 eff 0.981
  ehvi_safe  +kdpp_string conc 0.087 robust 0.961 eff 0.673
  ehvi_safe  +kdpp_corum  conc 0.111 robust 0.937 eff 0.805

=== [aggregate toxicity] 1 lines x 2 seeds (mean +/- 95% CI) ===
[A: safety vs efficacy]
  greedy       eff 1.979+/-0.297  tox 0.979+/-0.025
  trunc_known  eff 0.350+/-0.126  tox 0.115+/-0.039
  trunc_pred   eff 0.824+/-0.200  tox 0.498+/-0.110
  greedy_safe  eff 1.194+/-0.901  tox 0.638+/-0.224
  ehvi         eff 1.937+/-0.573  tox 0.855+/-0.032
  ehvi_pareto  eff 1.590+/-0.098  tox 0.759+/-0.116
  ehvi_trunc   eff 0.643+/-0.663  tox 0.444+/-0.370
  ehvi_safe    eff 0.933+/-0.222  tox 0.608+/-0.273
  known_safe   eff 1.049+/-0.910  tox 0.227+/-0.105
  random       eff 1.067+/-0.802  tox 0.615+/-0.475
  cluster      eff 1.005+/-0.376  tox 0.621+/-0.133
  info_div     eff 1.910+/-0.157  tox 0.977+/-0.027
[B: diversity / robustness]
  greedy     +none        conc 0.670 robust 0.858 eff 1.979
  greedy     +kdpp_string conc 0.205 robust 0.945 eff 1.014
  greedy     +kdpp_corum  conc 0.473 robust 0.899 eff 1.736
  ehvi       +none        conc 0.633 robust 0.839 eff 1.509
  ehvi       +kdpp_string conc 0.189 robust 0.917 eff 0.922
  ehvi       +kdpp_corum  conc 0.315 robust 0.917 eff 1.179
  trunc_pred +none        conc 0.239 robust 0.945 eff 0.842
  trunc_pred +kdpp_string conc 0.129 robust 0.952 eff 0.680
  trunc_pred +kdpp_corum  conc 0.162 robust 0.946 eff 0.788
  greedy_safe+none        conc 0.399 robust 0.925 eff 1.202
  greedy_safe+kdpp_string conc 0.118 robust 0.948 eff 0.848
  greedy_safe+kdpp_corum  conc 0.341 robust 0.928 eff 1.099
  ehvi_trunc +none        conc 0.389 robust 0.907 eff 0.818
  ehvi_trunc +kdpp_string conc 0.111 robust 0.954 eff 0.610
  ehvi_trunc +kdpp_corum  conc 0.188 robust 0.929 eff 0.725
  ehvi_safe  +none        conc 0.233 robust 0.932 eff 1.061
  ehvi_safe  +kdpp_string conc 0.133 robust 0.954 eff 0.772
  ehvi_safe  +kdpp_corum  conc 0.129 robust 0.946 eff 0.924
run dir: res/runs_ablation/sweep_joint_20260617-163814/shard_4
SHARD DONE
