shard 5: line=ACH-000527 contrast=ACH-001360 node=braid-st-comp-48xl-21
joint multitask GP enabled for learned-safety methods (trunc_pred, ehvi)
Analysis A panel: 18531 genes (none); Analysis B panel: 18531 genes (none)
contrast-line candidates (best first): ['ACH-001360', 'ACH-000608', 'ACH-000934', 'ACH-002806', 'ACH-000571', 'ACH-000811', 'ACH-001422', 'ACH-001513', 'ACH-001194', 'ACH-003184']
using contrast line: ACH-001360
target lines (1): ['ACH-000527']
[ACH-000527] A=18435 genes, B=18435 genes
[ACH-000527] done (2 seeds x 2 tox-sources)

=== [contrast toxicity] 1 lines x 2 seeds (mean +/- 95% CI) ===
[A: safety vs efficacy]
  greedy       eff 2.274+/-0.138  tox 2.518+/-0.138
  trunc_known  eff 0.627+/-0.031  tox 0.179+/-0.010
  trunc_pred   eff 0.594+/-0.339  tox 0.436+/-0.132
  greedy_safe  eff 0.934+/-0.235  tox 0.532+/-0.163
  ehvi         eff 1.669+/-0.109  tox 1.907+/-0.030
  ehvi_pareto  eff 0.560+/-0.898  tox 0.232+/-0.539
  ehvi_trunc   eff 0.932+/-0.098  tox 0.757+/-0.290
  ehvi_safe    eff 0.685+/-0.158  tox 0.516+/-0.330
  known_safe   eff 1.240+/-1.116  tox 0.181+/-0.005
  random       eff 1.341+/-0.897  tox 1.274+/-1.145
  cluster      eff 0.904+/-0.096  tox 0.664+/-0.331
  info_div     eff 2.209+/-0.129  tox 2.481+/-0.002
[B: diversity / robustness]
  greedy     +none        conc 0.757 robust 0.836 eff 2.274
  greedy     +kdpp_string conc 0.149 robust 0.934 eff 1.116
  greedy     +kdpp_corum  conc 0.464 robust 0.897 eff 1.986
  ehvi       +none        conc 0.302 robust 0.909 eff 1.097
  ehvi       +kdpp_string conc 0.118 robust 0.932 eff 0.797
  ehvi       +kdpp_corum  conc 0.229 robust 0.925 eff 0.935
  trunc_pred +none        conc 0.121 robust 0.924 eff 0.577
  trunc_pred +kdpp_string conc 0.114 robust 0.963 eff 0.505
  trunc_pred +kdpp_corum  conc 0.098 robust 0.953 eff 0.584
  greedy_safe+none        conc 0.171 robust 0.965 eff 0.936
  greedy_safe+kdpp_string conc 0.084 robust 0.953 eff 0.643
  greedy_safe+kdpp_corum  conc 0.129 robust 0.957 eff 0.759
  ehvi_trunc +none        conc 0.153 robust 0.937 eff 0.871
  ehvi_trunc +kdpp_string conc 0.060 robust 0.955 eff 0.680
  ehvi_trunc +kdpp_corum  conc 0.145 robust 0.937 eff 0.898
  ehvi_safe  +none        conc 0.143 robust 0.946 eff 0.894
  ehvi_safe  +kdpp_string conc 0.111 robust 0.958 eff 0.676
  ehvi_safe  +kdpp_corum  conc 0.138 robust 0.950 eff 0.867

=== [aggregate toxicity] 1 lines x 2 seeds (mean +/- 95% CI) ===
[A: safety vs efficacy]
  greedy       eff 2.274+/-0.138  tox 0.967+/-0.009
  trunc_known  eff 0.517+/-0.026  tox 0.129+/-0.041
  trunc_pred   eff 1.133+/-0.573  tox 0.524+/-0.289
  greedy_safe  eff 1.122+/-0.942  tox 0.561+/-0.325
  ehvi         eff 2.164+/-0.910  tox 0.888+/-0.190
  ehvi_pareto  eff 1.790+/-0.943  tox 0.724+/-0.005
  ehvi_trunc   eff 0.837+/-0.168  tox 0.580+/-0.140
  ehvi_safe    eff 0.831+/-0.190  tox 0.498+/-0.141
  known_safe   eff 1.004+/-0.807  tox 0.230+/-0.086
  random       eff 1.341+/-0.897  tox 0.738+/-0.293
  cluster      eff 0.904+/-0.096  tox 0.539+/-0.015
  info_div     eff 2.209+/-0.129  tox 0.984+/-0.018
[B: diversity / robustness]
  greedy     +none        conc 0.757 robust 0.836 eff 2.274
  greedy     +kdpp_string conc 0.149 robust 0.934 eff 1.116
  greedy     +kdpp_corum  conc 0.464 robust 0.897 eff 1.986
  ehvi       +none        conc 0.302 robust 0.909 eff 1.097
  ehvi       +kdpp_string conc 0.118 robust 0.932 eff 0.797
  ehvi       +kdpp_corum  conc 0.229 robust 0.925 eff 0.935
  trunc_pred +none        conc 0.211 robust 0.942 eff 1.141
  trunc_pred +kdpp_string conc 0.073 robust 0.961 eff 0.867
  trunc_pred +kdpp_corum  conc 0.163 robust 0.950 eff 1.149
  greedy_safe+none        conc 0.289 robust 0.923 eff 1.209
  greedy_safe+kdpp_string conc 0.128 robust 0.950 eff 0.821
  greedy_safe+kdpp_corum  conc 0.139 robust 0.950 eff 1.014
  ehvi_trunc +none        conc 0.158 robust 0.920 eff 0.795
  ehvi_trunc +kdpp_string conc 0.103 robust 0.943 eff 0.594
  ehvi_trunc +kdpp_corum  conc 0.131 robust 0.950 eff 0.985
  ehvi_safe  +none        conc 0.263 robust 0.947 eff 0.819
  ehvi_safe  +kdpp_string conc 0.139 robust 0.957 eff 0.545
  ehvi_safe  +kdpp_corum  conc 0.158 robust 0.959 eff 0.549
run dir: res/runs_ablation/sweep_joint_20260617-163814/shard_5
SHARD DONE
