shard 10: line=ACH-000583 contrast=ACH-001360 node=braid-st-comp-48xl-5
joint multitask GP enabled for learned-safety methods (trunc_pred, ehvi)
Analysis A panel: 18531 genes (none); Analysis B panel: 18531 genes (none)
contrast-line candidates (best first): ['ACH-001360', 'ACH-000608', 'ACH-000934', 'ACH-002806', 'ACH-000571', 'ACH-000811', 'ACH-001422', 'ACH-001513', 'ACH-001194', 'ACH-003184']
using contrast line: ACH-001360
target lines (1): ['ACH-000583']
[ACH-000583] A=18420 genes, B=18420 genes
[ACH-000583] done (2 seeds x 2 tox-sources)

=== [contrast toxicity] 1 lines x 2 seeds (mean +/- 95% CI) ===
[A: safety vs efficacy]
  greedy       eff 0.955+/-0.693  tox 0.576+/-0.155
  trunc_known  eff 0.700+/-0.699  tox 0.130+/-0.032
  trunc_pred   eff 0.687+/-0.902  tox 0.140+/-0.022
  greedy_safe  eff 0.768+/-0.967  tox 0.165+/-0.030
  ehvi         eff 1.834+/-0.088  tox 1.167+/-0.216
  ehvi_pareto  eff 1.298+/-0.033  tox 0.134+/-0.056
  ehvi_trunc   eff 1.256+/-0.048  tox 0.110+/-0.068
  ehvi_safe    eff 1.192+/-0.043  tox 0.128+/-0.069
  known_safe   eff 0.735+/-0.751  tox 0.126+/-0.056
  random       eff 0.692+/-0.096  tox 0.446+/-0.062
  cluster      eff 0.928+/-0.026  tox 0.455+/-0.137
  info_div     eff 1.781+/-0.173  tox 1.964+/-0.155
[B: diversity / robustness]
  greedy     +none        conc 0.403 robust 0.878 eff 0.955
  greedy     +kdpp_string conc 0.206 robust 0.960 eff 0.650
  greedy     +kdpp_corum  conc 0.108 robust 0.963 eff 0.607
  ehvi       +none        conc 0.592 robust 0.799 eff 1.566
  ehvi       +kdpp_string conc 0.257 robust 0.949 eff 1.114
  ehvi       +kdpp_corum  conc 0.429 robust 0.937 eff 1.425
  trunc_pred +none        conc 0.600 robust 0.654 eff 0.741
  trunc_pred +kdpp_string conc 0.350 robust 0.929 eff 0.564
  trunc_pred +kdpp_corum  conc 0.303 robust 0.907 eff 0.597
  greedy_safe+none        conc 0.611 robust 0.681 eff 0.743
  greedy_safe+kdpp_string conc 0.361 robust 0.933 eff 0.556
  greedy_safe+kdpp_corum  conc 0.339 robust 0.921 eff 0.622
  ehvi_trunc +none        conc 0.842 robust 0.818 eff 1.213
  ehvi_trunc +kdpp_string conc 0.183 robust 0.950 eff 0.800
  ehvi_trunc +kdpp_corum  conc 0.269 robust 0.959 eff 1.157
  ehvi_safe  +none        conc 0.671 robust 0.823 eff 1.215
  ehvi_safe  +kdpp_string conc 0.288 robust 0.943 eff 0.761
  ehvi_safe  +kdpp_corum  conc 0.279 robust 0.958 eff 0.867

=== [aggregate toxicity] 1 lines x 2 seeds (mean +/- 95% CI) ===
[A: safety vs efficacy]
  greedy       eff 0.955+/-0.693  tox 0.541+/-0.397
  trunc_known  eff 0.415+/-0.162  tox 0.142+/-0.075
  trunc_pred   eff 0.298+/-0.045  tox 0.172+/-0.021
  greedy_safe  eff 0.293+/-0.079  tox 0.174+/-0.075
  ehvi         eff 1.521+/-1.026  tox 0.697+/-0.477
  ehvi_pareto  eff 1.091+/-0.396  tox 0.490+/-0.374
  ehvi_trunc   eff 0.915+/-0.331  tox 0.411+/-0.287
  ehvi_safe    eff 0.690+/-0.567  tox 0.297+/-0.309
  known_safe   eff 0.684+/-0.674  tox 0.218+/-0.224
  random       eff 0.692+/-0.096  tox 0.345+/-0.089
  cluster      eff 0.928+/-0.026  tox 0.544+/-0.055
  info_div     eff 1.781+/-0.173  tox 0.888+/-0.006
[B: diversity / robustness]
  greedy     +none        conc 0.403 robust 0.878 eff 0.955
  greedy     +kdpp_string conc 0.206 robust 0.960 eff 0.650
  greedy     +kdpp_corum  conc 0.108 robust 0.963 eff 0.607
  ehvi       +none        conc 0.592 robust 0.799 eff 1.566
  ehvi       +kdpp_string conc 0.257 robust 0.949 eff 1.114
  ehvi       +kdpp_corum  conc 0.429 robust 0.937 eff 1.425
  trunc_pred +none        conc 0.315 robust 0.954 eff 0.295
  trunc_pred +kdpp_string conc 0.275 robust 0.924 eff 0.273
  trunc_pred +kdpp_corum  conc 0.225 robust 0.932 eff 0.265
  greedy_safe+none        conc 0.533 robust 0.798 eff 0.514
  greedy_safe+kdpp_string conc 0.361 robust 0.934 eff 0.497
  greedy_safe+kdpp_corum  conc 0.392 robust 0.898 eff 0.651
  ehvi_trunc +none        conc 0.716 robust 0.802 eff 1.280
  ehvi_trunc +kdpp_string conc 0.154 robust 0.953 eff 0.808
  ehvi_trunc +kdpp_corum  conc 0.369 robust 0.951 eff 1.257
  ehvi_safe  +none        conc 0.638 robust 0.847 eff 0.949
  ehvi_safe  +kdpp_string conc 0.354 robust 0.924 eff 0.772
  ehvi_safe  +kdpp_corum  conc 0.476 robust 0.926 eff 1.096
run dir: res/runs_ablation/sweep_joint_20260617-163814/shard_10
SHARD DONE
