shard 9: line=ACH-001054 contrast=ACH-001360 node=braid-st-comp-48xl-4
joint multitask GP enabled for learned-safety methods (trunc_pred, ehvi)
Analysis A panel: 18531 genes (none); Analysis B panel: 18531 genes (none)
contrast-line candidates (best first): ['ACH-001360', 'ACH-000608', 'ACH-000934', 'ACH-002806', 'ACH-000571', 'ACH-000811', 'ACH-001422', 'ACH-001513', 'ACH-001194', 'ACH-003184']
using contrast line: ACH-001360
target lines (1): ['ACH-001054']
[ACH-001054] A=18420 genes, B=18420 genes
[ACH-001054] done (2 seeds x 2 tox-sources)

=== [contrast toxicity] 1 lines x 2 seeds (mean +/- 95% CI) ===
[A: safety vs efficacy]
  greedy       eff 2.183+/-0.020  tox 2.388+/-0.279
  trunc_known  eff 0.974+/-0.732  tox 0.106+/-0.046
  trunc_pred   eff 0.650+/-0.218  tox 0.326+/-0.438
  greedy_safe  eff 0.879+/-0.116  tox 0.164+/-0.084
  ehvi         eff 2.322+/-0.105  tox 1.738+/-0.193
  ehvi_pareto  eff 1.491+/-0.240  tox 0.920+/-0.367
  ehvi_trunc   eff 0.840+/-0.139  tox 0.200+/-0.115
  ehvi_safe    eff 0.887+/-0.240  tox 0.258+/-0.318
  known_safe   eff 0.833+/-0.049  tox 0.133+/-0.053
  random       eff 0.620+/-0.045  tox 0.484+/-0.032
  cluster      eff 0.766+/-0.066  tox 0.471+/-0.051
  info_div     eff 2.008+/-0.160  tox 2.437+/-0.225
[B: diversity / robustness]
  greedy     +none        conc 0.633 robust 0.814 eff 2.183
  greedy     +kdpp_string conc 0.342 robust 0.898 eff 1.266
  greedy     +kdpp_corum  conc 0.599 robust 0.874 eff 1.936
  ehvi       +none        conc 0.864 robust 0.799 eff 2.064
  ehvi       +kdpp_string conc 0.201 robust 0.941 eff 1.133
  ehvi       +kdpp_corum  conc 0.518 robust 0.916 eff 1.735
  trunc_pred +none        conc 0.529 robust 0.679 eff 0.633
  trunc_pred +kdpp_string conc 0.226 robust 0.947 eff 0.627
  trunc_pred +kdpp_corum  conc 0.122 robust 0.945 eff 0.749
  greedy_safe+none        conc 0.571 robust 0.658 eff 0.783
  greedy_safe+kdpp_string conc 0.288 robust 0.938 eff 0.576
  greedy_safe+kdpp_corum  conc 0.224 robust 0.936 eff 0.686
  ehvi_trunc +none        conc 0.384 robust 0.965 eff 0.924
  ehvi_trunc +kdpp_string conc 0.119 robust 0.959 eff 0.642
  ehvi_trunc +kdpp_corum  conc 0.171 robust 0.972 eff 0.910
  ehvi_safe  +none        conc 0.733 robust 0.712 eff 0.932
  ehvi_safe  +kdpp_string conc 0.448 robust 0.936 eff 0.933
  ehvi_safe  +kdpp_corum  conc 0.325 robust 0.967 eff 1.050

=== [aggregate toxicity] 1 lines x 2 seeds (mean +/- 95% CI) ===
[A: safety vs efficacy]
  greedy       eff 2.183+/-0.020  tox 0.940+/-0.006
  trunc_known  eff 0.863+/-0.639  tox 0.206+/-0.136
  trunc_pred   eff 1.142+/-0.631  tox 0.683+/-0.196
  greedy_safe  eff 0.996+/-0.502  tox 0.624+/-0.117
  ehvi         eff 1.565+/-1.426  tox 0.724+/-0.312
  ehvi_pareto  eff 1.414+/-1.143  tox 0.689+/-0.245
  ehvi_trunc   eff 0.727+/-0.839  tox 0.393+/-0.331
  ehvi_safe    eff 0.898+/-1.089  tox 0.409+/-0.513
  known_safe   eff 0.853+/-0.833  tox 0.204+/-0.105
  random       eff 0.620+/-0.045  tox 0.355+/-0.080
  cluster      eff 0.766+/-0.066  tox 0.530+/-0.000
  info_div     eff 2.008+/-0.160  tox 0.926+/-0.136
[B: diversity / robustness]
  greedy     +none        conc 0.633 robust 0.814 eff 2.183
  greedy     +kdpp_string conc 0.342 robust 0.898 eff 1.266
  greedy     +kdpp_corum  conc 0.599 robust 0.874 eff 1.936
  ehvi       +none        conc 0.864 robust 0.799 eff 2.064
  ehvi       +kdpp_string conc 0.201 robust 0.941 eff 1.133
  ehvi       +kdpp_corum  conc 0.518 robust 0.916 eff 1.735
  trunc_pred +none        conc 0.580 robust 0.790 eff 1.146
  trunc_pred +kdpp_string conc 0.285 robust 0.922 eff 0.695
  trunc_pred +kdpp_corum  conc 0.504 robust 0.889 eff 0.989
  greedy_safe+none        conc 0.560 robust 0.874 eff 0.879
  greedy_safe+kdpp_string conc 0.278 robust 0.952 eff 0.686
  greedy_safe+kdpp_corum  conc 0.290 robust 0.919 eff 0.775
  ehvi_trunc +none        conc 0.325 robust 0.920 eff 1.081
  ehvi_trunc +kdpp_string conc 0.079 robust 0.957 eff 0.834
  ehvi_trunc +kdpp_corum  conc 0.129 robust 0.947 eff 1.026
  ehvi_safe  +none        conc 0.646 robust 0.767 eff 1.309
  ehvi_safe  +kdpp_string conc 0.335 robust 0.943 eff 0.736
  ehvi_safe  +kdpp_corum  conc 0.329 robust 0.915 eff 1.059
run dir: res/runs_ablation/sweep_joint_20260617-163814/shard_9
SHARD DONE
