shard 1: line=ACH-000362 contrast=ACH-001360 node=braid-st-comp-48xl-11
joint multitask GP enabled for learned-safety methods (trunc_pred, ehvi)
Analysis A panel: 18531 genes (none); Analysis B panel: 18531 genes (none)
contrast-line candidates (best first): ['ACH-001360', 'ACH-000608', 'ACH-000934', 'ACH-002806', 'ACH-000571', 'ACH-000811', 'ACH-001422', 'ACH-001513', 'ACH-001194', 'ACH-003184']
using contrast line: ACH-001360
target lines (1): ['ACH-000362']
[ACH-000362] A=18449 genes, B=18449 genes
[ACH-000362] done (2 seeds x 2 tox-sources)

=== [contrast toxicity] 1 lines x 2 seeds (mean +/- 95% CI) ===
[A: safety vs efficacy]
  greedy       eff 0.956+/-0.029  tox 0.645+/-0.122
  trunc_known  eff 0.605+/-0.184  tox 0.095+/-0.159
  trunc_pred   eff 0.838+/-0.219  tox 0.266+/-0.122
  greedy_safe  eff 0.979+/-0.414  tox 0.440+/-0.510
  ehvi         eff 0.774+/-0.149  tox 0.459+/-0.205
  ehvi_pareto  eff 0.649+/-0.030  tox 0.189+/-0.101
  ehvi_trunc   eff 0.700+/-0.190  tox 0.355+/-0.060
  ehvi_safe    eff 0.576+/-0.017  tox 0.349+/-0.110
  known_safe   eff 0.692+/-0.487  tox 0.095+/-0.004
  random       eff 2.588+/-0.164  tox 1.761+/-0.102
  cluster      eff 0.838+/-0.177  tox 0.595+/-0.212
  info_div     eff 1.083+/-0.803  tox 1.039+/-0.814
[B: diversity / robustness]
  greedy     +none        conc 0.485 robust 0.941 eff 0.956
  greedy     +kdpp_string conc 0.113 robust 0.961 eff 0.751
  greedy     +kdpp_corum  conc 0.365 robust 0.953 eff 0.932
  ehvi       +none        conc 0.405 robust 0.941 eff 0.870
  ehvi       +kdpp_string conc 0.306 robust 0.951 eff 0.728
  ehvi       +kdpp_corum  conc 0.381 robust 0.948 eff 0.807
  trunc_pred +none        conc 0.555 robust 0.898 eff 0.794
  trunc_pred +kdpp_string conc 0.182 robust 0.958 eff 0.526
  trunc_pred +kdpp_corum  conc 0.486 robust 0.922 eff 0.722
  greedy_safe+none        conc 0.554 robust 0.903 eff 0.764
  greedy_safe+kdpp_string conc 0.174 robust 0.952 eff 0.528
  greedy_safe+kdpp_corum  conc 0.458 robust 0.920 eff 0.729
  ehvi_trunc +none        conc 0.429 robust 0.927 eff 0.705
  ehvi_trunc +kdpp_string conc 0.331 robust 0.947 eff 0.615
  ehvi_trunc +kdpp_corum  conc 0.362 robust 0.934 eff 0.640
  ehvi_safe  +none        conc 0.419 robust 0.927 eff 0.794
  ehvi_safe  +kdpp_string conc 0.343 robust 0.961 eff 0.650
  ehvi_safe  +kdpp_corum  conc 0.400 robust 0.949 eff 0.830

=== [aggregate toxicity] 1 lines x 2 seeds (mean +/- 95% CI) ===
[A: safety vs efficacy]
  greedy       eff 0.956+/-0.029  tox 0.646+/-0.172
  trunc_known  eff 0.481+/-0.461  tox 0.189+/-0.167
  trunc_pred   eff 0.764+/-0.095  tox 0.440+/-0.170
  greedy_safe  eff 0.744+/-0.074  tox 0.465+/-0.075
  ehvi         eff 1.739+/-1.161  tox 0.785+/-0.235
  ehvi_pareto  eff 1.512+/-1.273  tox 0.628+/-0.346
  ehvi_trunc   eff 0.698+/-0.056  tox 0.481+/-0.203
  ehvi_safe    eff 0.985+/-0.006  tox 0.575+/-0.033
  known_safe   eff 0.555+/-0.409  tox 0.191+/-0.261
  random       eff 2.588+/-0.164  tox 0.862+/-0.004
  cluster      eff 0.838+/-0.177  tox 0.596+/-0.033
  info_div     eff 1.083+/-0.803  tox 0.626+/-0.447
[B: diversity / robustness]
  greedy     +none        conc 0.485 robust 0.941 eff 0.956
  greedy     +kdpp_string conc 0.113 robust 0.961 eff 0.751
  greedy     +kdpp_corum  conc 0.365 robust 0.953 eff 0.932
  ehvi       +none        conc 0.405 robust 0.941 eff 0.870
  ehvi       +kdpp_string conc 0.306 robust 0.951 eff 0.728
  ehvi       +kdpp_corum  conc 0.381 robust 0.948 eff 0.807
  trunc_pred +none        conc 0.553 robust 0.941 eff 0.757
  trunc_pred +kdpp_string conc 0.240 robust 0.949 eff 0.498
  trunc_pred +kdpp_corum  conc 0.466 robust 0.941 eff 0.757
  greedy_safe+none        conc 0.511 robust 0.913 eff 0.840
  greedy_safe+kdpp_string conc 0.153 robust 0.954 eff 0.657
  greedy_safe+kdpp_corum  conc 0.420 robust 0.929 eff 0.768
  ehvi_trunc +none        conc 0.542 robust 0.912 eff 0.628
  ehvi_trunc +kdpp_string conc 0.191 robust 0.946 eff 0.492
  ehvi_trunc +kdpp_corum  conc 0.500 robust 0.926 eff 0.617
  ehvi_safe  +none        conc 0.408 robust 0.924 eff 0.715
  ehvi_safe  +kdpp_string conc 0.292 robust 0.955 eff 0.555
  ehvi_safe  +kdpp_corum  conc 0.330 robust 0.957 eff 0.732
run dir: res/runs_ablation/sweep_joint_20260617-163814/shard_1
SHARD DONE
