shard 0: line=ACH-000696 contrast=ACH-001360 node=braid-st-comp-48xl-17
joint multitask GP enabled for learned-safety methods (trunc_pred, ehvi)
Analysis A panel: 18531 genes (none); Analysis B panel: 18531 genes (none)
contrast-line candidates (best first): ['ACH-001360', 'ACH-000608', 'ACH-000934', 'ACH-002806', 'ACH-000571', 'ACH-000811', 'ACH-001422', 'ACH-001513', 'ACH-001194', 'ACH-003184']
using contrast line: ACH-001360
target lines (1): ['ACH-000696']
[ACH-000696] A=18513 genes, B=18513 genes
[ACH-000696] done (2 seeds x 2 tox-sources)

=== [contrast toxicity] 1 lines x 2 seeds (mean +/- 95% CI) ===
[A: safety vs efficacy]
  greedy       eff 2.073+/-1.979  tox 1.200+/-1.945
  trunc_known  eff 1.103+/-0.098  tox 0.119+/-0.124
  trunc_pred   eff 0.637+/-0.849  tox 0.134+/-0.154
  greedy_safe  eff 1.020+/-0.110  tox 0.397+/-0.322
  ehvi         eff 2.384+/-0.093  tox 1.761+/-0.114
  ehvi_pareto  eff 1.622+/-0.595  tox 0.968+/-0.874
  ehvi_trunc   eff 1.168+/-0.025  tox 0.620+/-0.346
  ehvi_safe    eff 1.227+/-0.439  tox 0.562+/-0.231
  known_safe   eff 1.333+/-0.568  tox 0.146+/-0.072
  random       eff 1.204+/-0.103  tox 0.881+/-0.404
  cluster      eff 1.483+/-1.052  tox 0.873+/-1.044
  info_div     eff 1.323+/-0.504  tox 0.552+/-0.675
[B: diversity / robustness]
  greedy     +none        conc 1.000 robust 0.534 eff 2.073
  greedy     +kdpp_string conc 0.344 robust 0.927 eff 0.868
  greedy     +kdpp_corum  conc 0.465 robust 0.892 eff 1.550
  ehvi       +none        conc 0.555 robust 0.784 eff 1.552
  ehvi       +kdpp_string conc 0.243 robust 0.940 eff 0.904
  ehvi       +kdpp_corum  conc 0.380 robust 0.926 eff 1.351
  trunc_pred +none        conc 0.667 robust 0.632 eff 0.636
  trunc_pred +kdpp_string conc 0.306 robust 0.924 eff 0.350
  trunc_pred +kdpp_corum  conc 0.255 robust 0.912 eff 0.578
  greedy_safe+none        conc 0.600 robust 0.655 eff 1.128
  greedy_safe+kdpp_string conc 0.333 robust 0.930 eff 0.359
  greedy_safe+kdpp_corum  conc 0.165 robust 0.926 eff 0.685
  ehvi_trunc +none        conc 0.282 robust 0.956 eff 0.683
  ehvi_trunc +kdpp_string conc 0.136 robust 0.953 eff 0.492
  ehvi_trunc +kdpp_corum  conc 0.167 robust 0.955 eff 0.566
  ehvi_safe  +none        conc 0.350 robust 0.927 eff 0.894
  ehvi_safe  +kdpp_string conc 0.179 robust 0.947 eff 0.706
  ehvi_safe  +kdpp_corum  conc 0.143 robust 0.960 eff 0.889

=== [aggregate toxicity] 1 lines x 2 seeds (mean +/- 95% CI) ===
[A: safety vs efficacy]
  greedy       eff 2.073+/-1.979  tox 0.781+/-0.182
  trunc_known  eff 0.875+/-0.322  tox 0.266+/-0.141
  trunc_pred   eff 0.500+/-0.392  tox 0.226+/-0.291
  greedy_safe  eff 0.555+/-0.327  tox 0.255+/-0.260
  ehvi         eff 1.892+/-0.763  tox 0.820+/-0.039
  ehvi_pareto  eff 1.618+/-0.857  tox 0.691+/-0.124
  ehvi_trunc   eff 1.132+/-0.050  tox 0.663+/-0.021
  ehvi_safe    eff 1.000+/-0.488  tox 0.544+/-0.216
  known_safe   eff 1.384+/-0.010  tox 0.329+/-0.059
  random       eff 1.204+/-0.103  tox 0.651+/-0.096
  cluster      eff 1.483+/-1.052  tox 0.701+/-0.201
  info_div     eff 1.323+/-0.504  tox 0.687+/-0.006
[B: diversity / robustness]
  greedy     +none        conc 1.000 robust 0.534 eff 2.073
  greedy     +kdpp_string conc 0.344 robust 0.927 eff 0.868
  greedy     +kdpp_corum  conc 0.465 robust 0.892 eff 1.550
  ehvi       +none        conc 0.555 robust 0.784 eff 1.552
  ehvi       +kdpp_string conc 0.243 robust 0.940 eff 0.904
  ehvi       +kdpp_corum  conc 0.380 robust 0.926 eff 1.351
  trunc_pred +none        conc 0.711 robust 0.824 eff 0.473
  trunc_pred +kdpp_string conc 0.475 robust 0.889 eff 0.332
  trunc_pred +kdpp_corum  conc 0.417 robust 0.875 eff 0.642
  greedy_safe+none        conc 0.590 robust 0.867 eff 0.885
  greedy_safe+kdpp_string conc 0.435 robust 0.924 eff 0.733
  greedy_safe+kdpp_corum  conc 0.219 robust 0.941 eff 0.842
  ehvi_trunc +none        conc 0.630 robust 0.802 eff 1.718
  ehvi_trunc +kdpp_string conc 0.122 robust 0.953 eff 0.495
  ehvi_trunc +kdpp_corum  conc 0.398 robust 0.927 eff 1.347
  ehvi_safe  +none        conc 0.438 robust 0.899 eff 1.011
  ehvi_safe  +kdpp_string conc 0.115 robust 0.925 eff 0.740
  ehvi_safe  +kdpp_corum  conc 0.323 robust 0.910 eff 0.963
run dir: res/runs_ablation/sweep_joint_20260617-163814/shard_0
SHARD DONE
